* This is the StructMobWeight report file that is output every time the server starts.
* 
* Spawn Balance Utility (SBU) will use this file ONLY if it is renamed to StructMobWeight.csv.
* Lines starting with '*' are comments and ignored
* It allows you to add and remove mobs and adjust their spawnweights for Structures
* like shipwrecks, nether fortresses, water monuments, etc.
* 
1, idas:abandoned_lighthouse, HEADING, header:ignore, 0, 0, 0
2, biomeswevegone:abandoned_prairie_house, HEADING, header:ignore, 0, 0, 0
3, dungeons_arise:abandoned_temple, HEADING, header:ignore, 0, 0, 0
4, dungeons_arise:abandoned_temple, MONSTER, minecraft:stray, 10, 1, 1
5, idas:abandonedhouse, HEADING, header:ignore, 0, 0, 0
6, alexscaves:abyssal_ruins, HEADING, header:ignore, 0, 0, 0
7, alexscaves:abyssal_ruins, MONSTER, alexscaves:mine_guardian, 20, 1, 2
8, alexscaves:acid_pit, HEADING, header:ignore, 0, 0, 0
9, farmers_structures:aether, HEADING, header:ignore, 0, 0, 0
10, integrated_villages:airship_village, HEADING, header:ignore, 0, 0, 0
11, graveyard:altar, HEADING, header:ignore, 0, 0, 0
12, irons_spellbooks:ancient_battleground, HEADING, header:ignore, 0, 0, 0
13, minecraft:ancient_city, HEADING, header:ignore, 0, 0, 0
14, repurposed_structures:ancient_city_end, HEADING, header:ignore, 0, 0, 0
15, repurposed_structures:ancient_city_end, MONSTER, minecraft:phantom, 10, 1, 1
16, repurposed_structures:ancient_city_end, MONSTER, minecraft:endermite, 10, 3, 7
17, repurposed_structures:ancient_city_nether, HEADING, header:ignore, 0, 0, 0
18, repurposed_structures:ancient_city_nether, MONSTER, minecraft:ghast, 10, 6, 10
19, repurposed_structures:ancient_city_nether, MONSTER, minecraft:wither_skeleton, 10, 1, 3
20, repurposed_structures:ancient_city_ocean, HEADING, header:ignore, 0, 0, 0
21, repurposed_structures:ancient_city_ocean, MONSTER, minecraft:drowned, 10, 2, 5
22, philipsruins:ancient_crypt, HEADING, header:ignore, 0, 0, 0
23, philipsruins:ancient_dungeon, HEADING, header:ignore, 0, 0, 0
24, philipsruins:ancient_dungeon, MONSTER, minecraft:zombie, 10, 4, 12
25, the_bumblezone:ancient_hoops, HEADING, header:ignore, 0, 0, 0
26, idas:ancient_mines, HEADING, header:ignore, 0, 0, 0
27, idas:ancient_mines, MONSTER, minecraft:silverfish, 10, 1, 1
28, idas:ancient_mines, MONSTER, quark:wraith, 10, 1, 1
29, idas:ancient_portal/ancient_portal, HEADING, header:ignore, 0, 0, 0
30, idas:ancient_portal/ancient_portal, MONSTER, minecraft:silverfish, 10, 1, 4
31, idas:ancient_portal/ancient_portal, MONSTER, quark:wraith, 10, 1, 4
32, idas:ancient_portal/nether_ancient_portal, HEADING, header:ignore, 0, 0, 0
33, idas:ancient_portal/nether_ancient_portal, MONSTER, quark:wraith, 10, 1, 1
34, philipsruins:ancient_ruins, HEADING, header:ignore, 0, 0, 0
35, philipsruins:ancient_ruins, MONSTER, minecraft:zombie, 12, 5, 12
36, the_bumblezone:ancient_shrine, HEADING, header:ignore, 0, 0, 0
37, idas:ancient_statue/ancient_statue_desert, HEADING, header:ignore, 0, 0, 0
38, idas:ancient_statue/ancient_statue_jungle, HEADING, header:ignore, 0, 0, 0
39, idas:ancient_statue/ancient_statue_plains, HEADING, header:ignore, 0, 0, 0
40, deeperdarker:ancient_temple, HEADING, header:ignore, 0, 0, 0
41, philipsruins:ancient_towers, HEADING, header:ignore, 0, 0, 0
42, philipsruins:ancient_towers, MONSTER, minecraft:zombie, 12, 5, 20
43, mythicbotany:andwari_cave, HEADING, header:ignore, 0, 0, 0
44, idas:animal_den/forest_den, HEADING, header:ignore, 0, 0, 0
45, idas:animal_den/foxhound_den, HEADING, header:ignore, 0, 0, 0
46, idas:animal_den/polar_bear_den, HEADING, header:ignore, 0, 0, 0
47, philipsruins:antiquus_crypta, HEADING, header:ignore, 0, 0, 0
48, philipsruins:antiquus_crypta, MONSTER, minecraft:skeleton, 15, 5, 15
49, philipsruins:antiquus_crypta, MONSTER, minecraft:zombie, 15, 7, 15
50, idas:apothecary_abode, HEADING, header:ignore, 0, 0, 0
51, farmers_structures:aquaculture_beach, HEADING, header:ignore, 0, 0, 0
52, farmers_structures:aquaculture_carp, HEADING, header:ignore, 0, 0, 0
53, farmers_structures:aquaculture_common, HEADING, header:ignore, 0, 0, 0
54, ars_additions:arcane_library, HEADING, header:ignore, 0, 0, 0
55, ars_additions:arcane_library, MONSTER, ars_nouveau:wilden_guardian, 10, 5, 10
56, ars_additions:arcane_library, MONSTER, ars_nouveau:wilden_stalker, 10, 5, 10
57, ars_additions:arcane_library, MONSTER, ars_nouveau:wilden_hunter, 10, 5, 10
58, idas:ars_nouveau/archmages_tower, HEADING, header:ignore, 0, 0, 0
59, scguns:asgharian_citadel, HEADING, header:ignore, 0, 0, 0
60, scguns:asgharian_tower, HEADING, header:ignore, 0, 0, 0
61, biomeswevegone:aspen_manor_1, HEADING, header:ignore, 0, 0, 0
62, biomeswevegone:aspen_manor_1, MONSTER, minecraft:vindicator, 25, 2, 4
63, biomeswevegone:aspen_manor_2, HEADING, header:ignore, 0, 0, 0
64, biomeswevegone:aspen_manor_2, MONSTER, minecraft:vindicator, 25, 2, 4
65, mes:astral_hideaway, HEADING, header:ignore, 0, 0, 0
66, mes:astral_meteorite, HEADING, header:ignore, 0, 0, 0
67, twilightforest:aurora_palace, HEADING, header:ignore, 0, 0, 0
68, dungeons_arise:aviary, HEADING, header:ignore, 0, 0, 0
69, dungeons_arise:aviary, MONSTER, minecraft:phantom, 60, 2, 3
70, hexerei:baba_yaga_hut, HEADING, header:ignore, 0, 0, 0
71, philipsruins:badlands_start_dungeon, HEADING, header:ignore, 0, 0, 0
72, philipsruins:badlands_structures, HEADING, header:ignore, 0, 0, 0
73, formationsoverworld:bamboo_hut, HEADING, header:ignore, 0, 0, 0
74, dungeons_arise:bandit_towers, HEADING, header:ignore, 0, 0, 0
75, dungeons_arise:bandit_village, HEADING, header:ignore, 0, 0, 0
76, formationsnether:basalt_hut, HEADING, header:ignore, 0, 0, 0
77, takesapillage:bastille, HEADING, header:ignore, 0, 0, 0
78, minecraft:bastion_remnant, HEADING, header:ignore, 0, 0, 0
79, repurposed_structures:bastion_underground, HEADING, header:ignore, 0, 0, 0
80, repurposed_structures:bastion_underground, MONSTER, minecraft:skeleton, 10, 1, 4
81, dungeons_arise:bathhouse, HEADING, header:ignore, 0, 0, 0
82, the_bumblezone:battle_cubes, HEADING, header:ignore, 0, 0, 0
83, idas:bazaar, HEADING, header:ignore, 0, 0, 0
84, mvs:beach_bar, HEADING, header:ignore, 0, 0, 0
85, idas:bearclaw_inn, HEADING, header:ignore, 0, 0, 0
86, the_bumblezone:bee_house, HEADING, header:ignore, 0, 0, 0
87, the_bumblezone:bee_house, CREATURE, minecraft:bee, 10, 1, 1
88, idas:beekeepers_house, HEADING, header:ignore, 0, 0, 0
89, formationsnether:blackstone_castle, HEADING, header:ignore, 0, 0, 0
90, formationsnether:blackstone_remnant, HEADING, header:ignore, 0, 0, 0
91, tconstruct:blood_island, HEADING, header:ignore, 0, 0, 0
92, tconstruct:blood_island, MONSTER, minecraft:magma_cube, 10, 4, 6
93, philipsruins:bone_dungeon, HEADING, header:ignore, 0, 0, 0
94, philipsruins:bone_dungeon, MONSTER, minecraft:skeleton, 10, 2, 8
95, philipsruins:bone_dungeon, MONSTER, minecraft:husk, 10, 5, 10
96, deep_aether:brass_dungeon, HEADING, header:ignore, 0, 0, 0
97, brewery:brewfest_tent, HEADING, header:ignore, 0, 0, 0
98, idas:brickhouse, HEADING, header:ignore, 0, 0, 0
99, aether:bronze_dungeon, HEADING, header:ignore, 0, 0, 0
100, the_bumblezone:bumbling_beepartments, HEADING, header:ignore, 0, 0, 0
101, the_bumblezone:bumbling_beepartments, CREATURE, minecraft:bee, 10, 1, 3
102, the_bumblezone:bumbling_beepartments, CREATURE, the_bumblezone:variant_bee, 10, 1, 2
103, the_bumblezone:bumbling_beepartments, CREATURE, the_bumblezone:beehemoth, 10, 1, 1
104, minecraft:buried_treasure, HEADING, header:ignore, 0, 0, 0
105, distant_worlds:burning_plains_monument_structure, HEADING, header:ignore, 0, 0, 0
106, distant_worlds:burning_plains_tower_structure, HEADING, header:ignore, 0, 0, 0
107, integrated_villages:cabin_village, HEADING, header:ignore, 0, 0, 0
108, mna:caches/largearcane, HEADING, header:ignore, 0, 0, 0
109, mna:caches/largearcane_broken, HEADING, header:ignore, 0, 0, 0
110, mna:caches/smallarcane, HEADING, header:ignore, 0, 0, 0
111, mna:caches/smallarcane_broken, HEADING, header:ignore, 0, 0, 0
112, alexscaves:cake_cave, HEADING, header:ignore, 0, 0, 0
113, explorations:campsite, HEADING, header:ignore, 0, 0, 0
114, formationsnether:campsite, HEADING, header:ignore, 0, 0, 0
115, formationsoverworld:campsite, HEADING, header:ignore, 0, 0, 0
116, the_bumblezone:candle_parkour, HEADING, header:ignore, 0, 0, 0
117, the_bumblezone:cannon_range, HEADING, header:ignore, 0, 0, 0
118, mvs:cartographer_tower, HEADING, header:ignore, 0, 0, 0
119, mvs:carts/cart, HEADING, header:ignore, 0, 0, 0
120, mvs:carts/large_cart_1, HEADING, header:ignore, 0, 0, 0
121, mvs:carts/large_cart_2, HEADING, header:ignore, 0, 0, 0
122, mvs:carts/medium_bamboo_cart, HEADING, header:ignore, 0, 0, 0
123, idas:castle, HEADING, header:ignore, 0, 0, 0
124, bygonenether:catacomb, HEADING, header:ignore, 0, 0, 0
125, bygonenether:catacomb, MONSTER, minecraft:magma_cube, 10, 1, 1
126, eidolon:catacomb, HEADING, header:ignore, 0, 0, 0
127, eidolon:catacomb, MONSTER, eidolon:giant_skeleton, 60, 1, 5
128, irons_spellbooks:catacombs, HEADING, header:ignore, 0, 0, 0
129, irons_spellbooks:catacombs, MONSTER, irons_spellbooks:catacombs_zombie, 10, 1, 1
130, irons_spellbooks:catacombs, MONSTER, minecraft:skeleton, 10, 1, 1
131, irons_spellbooks:catacombs, MONSTER, irons_spellbooks:necromancer, 10, 1, 1
132, undergarden:catacombs, HEADING, header:ignore, 0, 0, 0
133, undergarden:catacombs, MONSTER, undergarden:forgotten, 10, 1, 1
134, mvs:cathedral, HEADING, header:ignore, 0, 0, 0
135, mvs:cathedral, MONSTER, minecraft:skeleton, 10, 1, 2
136, mvs:cathedral, MONSTER, minecraft:zombie, 10, 2, 5
137, bloomingnature:cave, HEADING, header:ignore, 0, 0, 0
138, bloomingnature:cave, CREATURE, minecraft:witch, 10, 1, 4
139, the_bumblezone:cell_maze, HEADING, header:ignore, 0, 0, 0
140, dungeons_arise:ceryneian_hind, HEADING, header:ignore, 0, 0, 0
141, netherexp:chapel, HEADING, header:ignore, 0, 0, 0
142, formationsnether:checkerboard_temple, HEADING, header:ignore, 0, 0, 0
143, berries_and_cherries:cherry_tree_structure, HEADING, header:ignore, 0, 0, 0
144, the_bumblezone:cherry_veteran_tree, HEADING, header:ignore, 0, 0, 0
145, mns:circle_blackstone, HEADING, header:ignore, 0, 0, 0
146, mns:circle_nether_brick, HEADING, header:ignore, 0, 0, 0
147, bygonenether:citadel, HEADING, header:ignore, 0, 0, 0
148, bygonenether:citadel, MONSTER, bygonenether:warped_enderman, 10, 1, 1
149, bygonenether:citadel, MONSTER, minecraft:enderman, 10, 1, 1
150, friendsandfoes:citadel, HEADING, header:ignore, 0, 0, 0
151, friendsandfoes:citadel, MONSTER, minecraft:blaze, 10, 1, 2
152, repurposed_structures:city_nether, HEADING, header:ignore, 0, 0, 0
153, repurposed_structures:city_nether, MONSTER, minecraft:wither_skeleton, 10, 2, 3
154, repurposed_structures:city_nether, MONSTER, minecraft:blaze, 80, 1, 4
155, repurposed_structures:city_overworld, HEADING, header:ignore, 0, 0, 0
156, tconstruct:clay_island, HEADING, header:ignore, 0, 0, 0
157, tconstruct:clay_island, MONSTER, tconstruct:terracube, 10, 2, 4
158, integrated_villages:clockwork_village, HEADING, header:ignore, 0, 0, 0
159, born_in_chaos_v1:clown_caravan_plains, HEADING, header:ignore, 0, 0, 0
160, born_in_chaos_v1:clown_caravan_savanna, HEADING, header:ignore, 0, 0, 0
161, born_in_chaos_v1:clown_caravan_taiga, HEADING, header:ignore, 0, 0, 0
162, dungeons_arise:coliseum, HEADING, header:ignore, 0, 0, 0
163, farmers_structures:cook, HEADING, header:ignore, 0, 0, 0
164, farmers_structures:cook_moss, HEADING, header:ignore, 0, 0, 0
165, farmers_structures:cook_nether_1, HEADING, header:ignore, 0, 0, 0
166, farmers_structures:cook_nether_2, HEADING, header:ignore, 0, 0, 0
167, formationsoverworld:copper_spire, HEADING, header:ignore, 0, 0, 0
168, bloomingnature:cottage, HEADING, header:ignore, 0, 0, 0
169, idas:cottage, HEADING, header:ignore, 0, 0, 0
170, hearths:crimson_tower, HEADING, header:ignore, 0, 0, 0
171, hearths:crimson_tower, MONSTER, minecraft:blaze, 10, 1, 2
172, hearths:crimson_tower, MONSTER, minecraft:piglin, 10, 3, 5
173, hearths:crimson_tower, MONSTER, minecraft:magma_cube, 10, 4, 4
174, graveyard:crypt, HEADING, header:ignore, 0, 0, 0
175, graveyard:crypt, MONSTER, graveyard:acolyte, 25, 1, 1
176, graveyard:crypt, MONSTER, graveyard:corrupted_vindicator, 35, 1, 3
177, graveyard:crypt, MONSTER, graveyard:corrupted_pillager, 35, 1, 3
178, mvs:crystal, HEADING, header:ignore, 0, 0, 0
179, the_bumblezone:dance_floor, HEADING, header:ignore, 0, 0, 0
180, the_bumblezone:dance_floor, CREATURE, minecraft:bee, 10, 1, 1
181, hexerei:dark_coven, HEADING, header:ignore, 0, 0, 0
182, evilcraft:dark_temple, HEADING, header:ignore, 0, 0, 0
183, twilightforest:dark_tower, HEADING, header:ignore, 0, 0, 0
184, born_in_chaos_v1:dark_tower_forest, HEADING, header:ignore, 0, 0, 0
185, born_in_chaos_v1:dark_tower_plain, HEADING, header:ignore, 0, 0, 0
186, born_in_chaos_v1:dark_tower_taiga, HEADING, header:ignore, 0, 0, 0
187, graveyard:dead_tree, HEADING, header:ignore, 0, 0, 0
188, mvs:dead_tree/acacia, HEADING, header:ignore, 0, 0, 0
189, mvs:dead_tree/birch, HEADING, header:ignore, 0, 0, 0
190, mvs:dead_tree/cherry, HEADING, header:ignore, 0, 0, 0
191, mvs:dead_tree/dark_oak, HEADING, header:ignore, 0, 0, 0
192, mvs:dead_tree/jungle, HEADING, header:ignore, 0, 0, 0
193, mvs:dead_tree/mangrove, HEADING, header:ignore, 0, 0, 0
194, mvs:dead_tree/oak, HEADING, header:ignore, 0, 0, 0
195, mvs:dead_tree/spruce, HEADING, header:ignore, 0, 0, 0
196, distant_worlds:dead_valley_monument_structure, HEADING, header:ignore, 0, 0, 0
197, distant_worlds:dead_valley_tower_structure, HEADING, header:ignore, 0, 0, 0
198, call_of_yucutan:deadly_crypt, HEADING, header:ignore, 0, 0, 0
199, idas:desert_camp/desert_camp, HEADING, header:ignore, 0, 0, 0
200, idas:desert_camp/desert_camp_bygwindswept, HEADING, header:ignore, 0, 0, 0
201, idas:desert_camp/desert_camp_orange, HEADING, header:ignore, 0, 0, 0
202, idas:desert_camp/desert_camp_red, HEADING, header:ignore, 0, 0, 0
203, formationsoverworld:desert_houses, HEADING, header:ignore, 0, 0, 0
204, idas:desert_market/desert_market, HEADING, header:ignore, 0, 0, 0
205, idas:desert_market/desert_market_orange, HEADING, header:ignore, 0, 0, 0
206, idas:desert_market/desert_market_red, HEADING, header:ignore, 0, 0, 0
207, idas:desert_pyramid, HEADING, header:ignore, 0, 0, 0
208, minecraft:desert_pyramid, HEADING, header:ignore, 0, 0, 0
209, explorations:desert_ruin, HEADING, header:ignore, 0, 0, 0
210, philipsruins:desert_structures, HEADING, header:ignore, 0, 0, 0
211, philipsruins:desert_structures, MONSTER, minecraft:husk, 15, 5, 15
212, netherexp:devils_bluff, HEADING, header:ignore, 0, 0, 0
213, idas:dig_site/dig_site, HEADING, header:ignore, 0, 0, 0
214, idas:dig_site/dig_site_desert, HEADING, header:ignore, 0, 0, 0
215, alexscaves:dino_bowl, HEADING, header:ignore, 0, 0, 0
216, alexscaves:donut_arch, HEADING, header:ignore, 0, 0, 0
217, biomeswevegone:dripstone_arch, HEADING, header:ignore, 0, 0, 0
218, tconstruct:earth_slime_island, HEADING, header:ignore, 0, 0, 0
219, tconstruct:earth_slime_island, MONSTER, minecraft:slime, 10, 4, 4
220, idas:enchantingtower, HEADING, header:ignore, 0, 0, 0
221, minecraft:end_city, HEADING, header:ignore, 0, 0, 0
222, minecraft:end_city, MONSTER, alexsmobs:mimicube, 40, 1, 3
223, philipsruins:end_gate_fortress, HEADING, header:ignore, 0, 0, 0
224, philipsruins:end_gate_fortress, MONSTER, minecraft:enderman, 15, 5, 15
225, philipsruins:end_ruins, HEADING, header:ignore, 0, 0, 0
226, tconstruct:end_slime_island, HEADING, header:ignore, 0, 0, 0
227, tconstruct:end_slime_island, MONSTER, tconstruct:ender_slime, 10, 4, 4
228, mes:ender_spire, HEADING, header:ignore, 0, 0, 0
229, mes:enderbloom_grove, HEADING, header:ignore, 0, 0, 0
230, mes:enderkeep_courtyard, HEADING, header:ignore, 0, 0, 0
231, mes:enderpin_spikes, HEADING, header:ignore, 0, 0, 0
232, mes:enderskog, HEADING, header:ignore, 0, 0, 0
233, mes:enderwatch_tower, HEADING, header:ignore, 0, 0, 0
234, mes:endscraps, HEADING, header:ignore, 0, 0, 0
235, blue_skies:everbright_blinding_dungeon, HEADING, header:ignore, 0, 0, 0
236, blue_skies:everdawn_blinding_dungeon, HEADING, header:ignore, 0, 0, 0
237, irons_spellbooks:evoker_fort, HEADING, header:ignore, 0, 0, 0
238, irons_spellbooks:evoker_fort, MONSTER, minecraft:pillager, 10, 2, 3
239, irons_spellbooks:evoker_fort, MONSTER, minecraft:vindicator, 10, 4, 4
240, towns_and_towers:exclusives/pillager_outpost_classic, HEADING, header:ignore, 0, 0, 0
241, towns_and_towers:exclusives/pillager_outpost_classic, MONSTER, minecraft:pillager, 10, 1, 2
242, towns_and_towers:exclusives/pillager_outpost_iberian, HEADING, header:ignore, 0, 0, 0
243, towns_and_towers:exclusives/pillager_outpost_iberian, MONSTER, minecraft:pillager, 10, 1, 2
244, towns_and_towers:exclusives/pillager_outpost_mediterranean, HEADING, header:ignore, 0, 0, 0
245, towns_and_towers:exclusives/pillager_outpost_mediterranean, MONSTER, minecraft:pillager, 10, 1, 2
246, towns_and_towers:exclusives/pillager_outpost_oriental, HEADING, header:ignore, 0, 0, 0
247, towns_and_towers:exclusives/pillager_outpost_oriental, MONSTER, minecraft:pillager, 10, 1, 2
248, towns_and_towers:exclusives/pillager_outpost_rustic, HEADING, header:ignore, 0, 0, 0
249, towns_and_towers:exclusives/pillager_outpost_rustic, MONSTER, minecraft:pillager, 10, 1, 2
250, towns_and_towers:exclusives/pillager_outpost_swedish, HEADING, header:ignore, 0, 0, 0
251, towns_and_towers:exclusives/pillager_outpost_swedish, MONSTER, minecraft:pillager, 10, 1, 2
252, towns_and_towers:exclusives/pillager_outpost_tudor, HEADING, header:ignore, 0, 0, 0
253, towns_and_towers:exclusives/pillager_outpost_tudor, MONSTER, minecraft:pillager, 10, 1, 2
254, towns_and_towers:exclusives/village_classic, HEADING, header:ignore, 0, 0, 0
255, towns_and_towers:exclusives/village_iberian, HEADING, header:ignore, 0, 0, 0
256, towns_and_towers:exclusives/village_mediterranean, HEADING, header:ignore, 0, 0, 0
257, towns_and_towers:exclusives/village_nilotic, HEADING, header:ignore, 0, 0, 0
258, towns_and_towers:exclusives/village_piglin, HEADING, header:ignore, 0, 0, 0
259, towns_and_towers:exclusives/village_piglin, MONSTER, minecraft:piglin, 10, 6, 8
260, towns_and_towers:exclusives/village_piglin, MONSTER, minecraft:piglin_brute, 10, 2, 3
261, towns_and_towers:exclusives/village_rustic, HEADING, header:ignore, 0, 0, 0
262, towns_and_towers:exclusives/village_swedish, HEADING, header:ignore, 0, 0, 0
263, towns_and_towers:exclusives/village_tudor, HEADING, header:ignore, 0, 0, 0
264, towns_and_towers:exclusives/village_wandering_trader_camp, HEADING, header:ignore, 0, 0, 0
265, tetra:extractor_ruin, HEADING, header:ignore, 0, 0, 0
266, mna:faction/boss/cathedral, HEADING, header:ignore, 0, 0, 0
267, mna:faction/boss/council_island, HEADING, header:ignore, 0, 0, 0
268, mna:faction/boss/demon_arena, HEADING, header:ignore, 0, 0, 0
269, mna:faction/boss/fey_tree, HEADING, header:ignore, 0, 0, 0
270, mna:faction/council_library, HEADING, header:ignore, 0, 0, 0
271, mna:faction/council_library, MONSTER, mna:witch_hunter, 10, 1, 3
272, mna:faction/council_library, MONSTER, mna:spell_breaker, 10, 1, 3
273, mna:faction/demon_fortress, HEADING, header:ignore, 0, 0, 0
274, mna:faction/demon_fortress, MONSTER, mna:lantern_wraith, 10, 1, 3
275, mna:faction/demon_fortress, MONSTER, mna:demon_imp, 10, 1, 3
276, mna:faction/fairy_glade, HEADING, header:ignore, 0, 0, 0
277, mna:faction/fairy_glade, MONSTER, mna:pixie, 10, 1, 3
278, mna:faction/fairy_glade, MONSTER, mna:mushroom_soldier, 10, 1, 3
279, mna:faction/undead_crypt, HEADING, header:ignore, 0, 0, 0
280, mna:faction/undead_crypt, MONSTER, mna:hulking_zombie, 10, 1, 2
281, mna:faction/undead_crypt, MONSTER, mna:skeleton_assassin, 10, 1, 3
282, born_in_chaos_v1:farm, HEADING, header:ignore, 0, 0, 0
283, idas:farmhouse, HEADING, header:ignore, 0, 0, 0
284, formationsoverworld:farmland_field, HEADING, header:ignore, 0, 0, 0
285, alexscaves:ferrocave, HEADING, header:ignore, 0, 0, 0
286, philipsruins:field_stone_ruins, HEADING, header:ignore, 0, 0, 0
287, philipsruins:field_stone_ruins, MONSTER, minecraft:skeleton, 10, 2, 10
288, philipsruins:field_stone_ruins, MONSTER, minecraft:zombie, 12, 5, 12
289, philipsruins:field_stone_ruins_rocks, HEADING, header:ignore, 0, 0, 0
290, twilightforest:final_castle, HEADING, header:ignore, 0, 0, 0
291, illagerinvasion:firecaller_hut, HEADING, header:ignore, 0, 0, 0
292, born_in_chaos_v1:firewell, HEADING, header:ignore, 0, 0, 0
293, idas:fishermans_lodge, HEADING, header:ignore, 0, 0, 0
294, tide:fishing_boat, HEADING, header:ignore, 0, 0, 0
295, dungeons_arise:fishing_hut, HEADING, header:ignore, 0, 0, 0
296, formationsnether:flaming_pillar, HEADING, header:ignore, 0, 0, 0
297, explorations:floating_island, HEADING, header:ignore, 0, 0, 0
298, undergarden:forgotten_vestige, HEADING, header:ignore, 0, 0, 0
299, explorations:forgotten_well, HEADING, header:ignore, 0, 0, 0
300, alexscaves:forlorn_bridge, HEADING, header:ignore, 0, 0, 0
301, alexscaves:forlorn_canyon, HEADING, header:ignore, 0, 0, 0
302, betterfortresses:fortress, HEADING, header:ignore, 0, 0, 0
303, betterfortresses:fortress, MONSTER, minecraft:blaze, 10, 2, 3
304, betterfortresses:fortress, MONSTER, minecraft:zombified_piglin, 10, 4, 4
305, betterfortresses:fortress, MONSTER, minecraft:wither_skeleton, 10, 5, 5
306, betterfortresses:fortress, MONSTER, minecraft:skeleton, 10, 5, 5
307, betterfortresses:fortress, MONSTER, minecraft:magma_cube, 10, 4, 4
308, minecraft:fortress, HEADING, header:ignore, 0, 0, 0
309, minecraft:fortress, MONSTER, minecraft:blaze, 10, 2, 3
310, minecraft:fortress, MONSTER, minecraft:zombified_piglin, 10, 4, 4
311, minecraft:fortress, MONSTER, minecraft:wither_skeleton, 10, 5, 5
312, minecraft:fortress, MONSTER, minecraft:skeleton, 10, 5, 5
313, minecraft:fortress, MONSTER, minecraft:magma_cube, 10, 4, 4
314, repurposed_structures:fortress_jungle, HEADING, header:ignore, 0, 0, 0
315, repurposed_structures:fortress_jungle, MONSTER, minecraft:wither_skeleton, 10, 1, 1
316, repurposed_structures:fortress_jungle, MONSTER, minecraft:skeleton, 10, 1, 3
317, repurposed_structures:fortress_jungle, MONSTER, minecraft:zombie, 10, 1, 4
318, repurposed_structures:fortress_jungle, MONSTER, minecraft:spider, 10, 1, 3
319, repurposed_structures:fortress_jungle, MONSTER, minecraft:creeper, 10, 1, 2
320, repurposed_structures:fortress_jungle, MONSTER, minecraft:enderman, 10, 1, 2
321, repurposed_structures:fortress_jungle, MONSTER, minecraft:witch, 10, 1, 2
322, repurposed_structures:fortress_jungle_bygone, HEADING, header:ignore, 0, 0, 0
323, repurposed_structures:fortress_jungle_bygone, MONSTER, minecraft:wither_skeleton, 10, 1, 1
324, repurposed_structures:fortress_jungle_bygone, MONSTER, minecraft:skeleton, 10, 1, 3
325, repurposed_structures:fortress_jungle_bygone, MONSTER, minecraft:zombie, 10, 1, 4
326, repurposed_structures:fortress_jungle_bygone, MONSTER, minecraft:spider, 10, 1, 3
327, repurposed_structures:fortress_jungle_bygone, MONSTER, minecraft:creeper, 10, 1, 2
328, repurposed_structures:fortress_jungle_bygone, MONSTER, minecraft:enderman, 10, 1, 2
329, repurposed_structures:fortress_jungle_bygone, MONSTER, minecraft:witch, 10, 1, 2
330, repurposed_structures:fortress_jungle_yungs, HEADING, header:ignore, 0, 0, 0
331, repurposed_structures:fortress_jungle_yungs, MONSTER, minecraft:wither_skeleton, 10, 1, 1
332, repurposed_structures:fortress_jungle_yungs, MONSTER, minecraft:skeleton, 10, 1, 3
333, repurposed_structures:fortress_jungle_yungs, MONSTER, minecraft:zombie, 10, 1, 4
334, repurposed_structures:fortress_jungle_yungs, MONSTER, minecraft:spider, 10, 1, 3
335, repurposed_structures:fortress_jungle_yungs, MONSTER, minecraft:creeper, 10, 1, 2
336, repurposed_structures:fortress_jungle_yungs, MONSTER, minecraft:enderman, 10, 1, 2
337, repurposed_structures:fortress_jungle_yungs, MONSTER, minecraft:witch, 10, 1, 2
338, dungeons_arise:foundry, HEADING, header:ignore, 0, 0, 0
339, formationsoverworld:fountain, HEADING, header:ignore, 0, 0, 0
340, mowziesmobs:frostmaw_spawn, HEADING, header:ignore, 0, 0, 0
341, blue_skies:frozen_bunker, HEADING, header:ignore, 0, 0, 0
342, idas:frozen_crypt, HEADING, header:ignore, 0, 0, 0
343, caupona:fumarole, HEADING, header:ignore, 0, 0, 0
344, mvs:gallows, HEADING, header:ignore, 0, 0, 0
345, distant_worlds:garsale_tree_tower_structure, HEADING, header:ignore, 0, 0, 0
346, blue_skies:gatekeeper_house_mountain, HEADING, header:ignore, 0, 0, 0
347, blue_skies:gatekeeper_house_plains, HEADING, header:ignore, 0, 0, 0
348, blue_skies:gatekeeper_house_snowy, HEADING, header:ignore, 0, 0, 0
349, the_bumblezone:gazebuzz_cluster, HEADING, header:ignore, 0, 0, 0
350, dungeons_arise:giant_mushroom, HEADING, header:ignore, 0, 0, 0
351, graveyard:giant_mushroom, HEADING, header:ignore, 0, 0, 0
352, alexscaves:gingerbread_town, HEADING, header:ignore, 0, 0, 0
353, alexscaves:gingerbread_town, MONSTER, alexscaves:gingerbread_man, 80, 4, 4
354, aether:gold_dungeon, HEADING, header:ignore, 0, 0, 0
355, the_bumblezone:goliath_honey_fountain, HEADING, header:ignore, 0, 0, 0
356, born_in_chaos_v1:grave_2003wise, HEADING, header:ignore, 0, 0, 0
357, born_in_chaos_v1:grave_darktitan, HEADING, header:ignore, 0, 0, 0
358, born_in_chaos_v1:grave_derivas, HEADING, header:ignore, 0, 0, 0
359, born_in_chaos_v1:grave_fubuki_banzai, HEADING, header:ignore, 0, 0, 0
360, born_in_chaos_v1:grave_orion, HEADING, header:ignore, 0, 0, 0
361, born_in_chaos_v1:grave_petasi, HEADING, header:ignore, 0, 0, 0
362, mns:grave_yard, HEADING, header:ignore, 0, 0, 0
363, formationsoverworld:graveyard, HEADING, header:ignore, 0, 0, 0
364, dungeons_arise:greenwood_pub, HEADING, header:ignore, 0, 0, 0
365, ars_nouveau:guardian_wilden_den, HEADING, header:ignore, 0, 0, 0
366, ars_nouveau:guardian_wilden_den, MONSTER, ars_nouveau:wilden_guardian, 10, 1, 3
367, youkaishomecoming:hakurei_shrine, HEADING, header:ignore, 0, 0, 0
368, the_bumblezone:hanging_garden, HEADING, header:ignore, 0, 0, 0
369, graveyard:haunted_house, HEADING, header:ignore, 0, 0, 0
370, idas:haunted_manor, HEADING, header:ignore, 0, 0, 0
371, idas:haunted_manor, MONSTER, quark:wraith, 10, 3, 4
372, dungeons_arise:heavenly_challenger, HEADING, header:ignore, 0, 0, 0
373, dungeons_arise:heavenly_conqueror, HEADING, header:ignore, 0, 0, 0
374, dungeons_arise:heavenly_rider, HEADING, header:ignore, 0, 0, 0
375, twilightforest:hedge_maze, HEADING, header:ignore, 0, 0, 0
376, idas:hermits_hollow, HEADING, header:ignore, 0, 0, 0
377, the_bumblezone:hive_temple, HEADING, header:ignore, 0, 0, 0
378, the_bumblezone:hive_temple, CREATURE, the_bumblezone:honey_slime, 10, 1, 1
379, formationsoverworld:hobbit_hole, HEADING, header:ignore, 0, 0, 0
380, the_bumblezone:honey_cave_room, HEADING, header:ignore, 0, 0, 0
381, the_bumblezone:honey_cave_room, CREATURE, the_bumblezone:beehemoth, 10, 1, 1
382, the_bumblezone:honey_fountain, HEADING, header:ignore, 0, 0, 0
383, the_bumblezone:honey_slime_ranch, HEADING, header:ignore, 0, 0, 0
384, the_bumblezone:honey_slime_ranch, CREATURE, the_bumblezone:honey_slime, 10, 1, 1
385, the_bumblezone:honitel, HEADING, header:ignore, 0, 0, 0
386, the_bumblezone:honitel, CREATURE, minecraft:bee, 10, 1, 1
387, mvs:horse_pen, HEADING, header:ignore, 0, 0, 0
388, mvs:houses/azelea_house, HEADING, header:ignore, 0, 0, 0
389, mvs:houses/barn, HEADING, header:ignore, 0, 0, 0
390, mvs:houses/deepslate_house, HEADING, header:ignore, 0, 0, 0
391, mvs:houses/desert_house, HEADING, header:ignore, 0, 0, 0
392, mvs:houses/flower_hole, HEADING, header:ignore, 0, 0, 0
393, mvs:houses/house, HEADING, header:ignore, 0, 0, 0
394, mvs:houses/large_floating_island, HEADING, header:ignore, 0, 0, 0
395, mvs:houses/large_warped_tower, HEADING, header:ignore, 0, 0, 0
396, mvs:houses/medium_igloo_1, HEADING, header:ignore, 0, 0, 0
397, mvs:houses/medium_igloo_2, HEADING, header:ignore, 0, 0, 0
398, mvs:houses/small_igloo, HEADING, header:ignore, 0, 0, 0
399, mvs:houses/small_swamp_house, HEADING, header:ignore, 0, 0, 0
400, mvs:houses/tall_house, HEADING, header:ignore, 0, 0, 0
401, mvs:houses/warped_house, HEADING, header:ignore, 0, 0, 0
402, hunters_return:hunter_house, HEADING, header:ignore, 0, 0, 0
403, ars_nouveau:hunter_wilden_den, HEADING, header:ignore, 0, 0, 0
404, ars_nouveau:hunter_wilden_den, MONSTER, ars_nouveau:wilden_hunter, 10, 3, 3
405, idas:hunters_cabin, HEADING, header:ignore, 0, 0, 0
406, twilightforest:hydra_lair, HEADING, header:ignore, 0, 0, 0
407, the_bumblezone:ice_monolith, HEADING, header:ignore, 0, 0, 0
408, idas:iceandfire/dread_citadel, HEADING, header:ignore, 0, 0, 0
409, friendsandfoes:iceologer_cabin, HEADING, header:ignore, 0, 0, 0
410, friendsandfoes:iceologer_cabin, MONSTER, friendsandfoes:iceologer, 10, 1, 1
411, minecraft:igloo, HEADING, header:ignore, 0, 0, 0
412, repurposed_structures:igloo_grassy, HEADING, header:ignore, 0, 0, 0
413, repurposed_structures:igloo_mangrove, HEADING, header:ignore, 0, 0, 0
414, repurposed_structures:igloo_mushroom, HEADING, header:ignore, 0, 0, 0
415, repurposed_structures:igloo_stone, HEADING, header:ignore, 0, 0, 0
416, dungeons_arise:illager_campsite, HEADING, header:ignore, 0, 0, 0
417, dungeons_arise:illager_corsair, HEADING, header:ignore, 0, 0, 0
418, dungeons_arise:illager_fort, HEADING, header:ignore, 0, 0, 0
419, illagerinvasion:illager_fort, HEADING, header:ignore, 0, 0, 0
420, illagerinvasion:illager_fort, MONSTER, minecraft:pillager, 10, 1, 1
421, illagerinvasion:illager_fort, MONSTER, illagerinvasion:marauder, 10, 1, 1
422, illagerinvasion:illager_fort, MONSTER, illagerinvasion:basher, 10, 1, 1
423, illagerinvasion:illager_fort, MONSTER, illagerinvasion:provoker, 10, 1, 1
424, dungeons_arise:illager_galley, HEADING, header:ignore, 0, 0, 0
425, dungeons_arise:illager_windmill, HEADING, header:ignore, 0, 0, 0
426, friendsandfoes:illusioner_shack, HEADING, header:ignore, 0, 0, 0
427, friendsandfoes:illusioner_shack, MONSTER, minecraft:illusioner, 10, 1, 1
428, illagerinvasion:illusioner_tower, HEADING, header:ignore, 0, 0, 0
429, friendsandfoes:illusioner_training_grounds, HEADING, header:ignore, 0, 0, 0
430, friendsandfoes:illusioner_training_grounds, MONSTER, minecraft:illusioner, 10, 1, 1
431, friendsandfoes:illusioner_training_grounds, MONSTER, minecraft:pillager, 10, 1, 2
432, irons_spellbooks:impaled_icebreaker, HEADING, header:ignore, 0, 0, 0
433, born_in_chaos_v1:infernal_pumpkin, HEADING, header:ignore, 0, 0, 0
434, dungeons_arise:infested_temple, HEADING, header:ignore, 0, 0, 0
435, biomeswevegone:ironwood_gour_plateau, HEADING, header:ignore, 0, 0, 0
436, minecraft:jungle_pyramid, HEADING, header:ignore, 0, 0, 0
437, betterjungletemples:jungle_temple, HEADING, header:ignore, 0, 0, 0
438, explorations:jungle_temple, HEADING, header:ignore, 0, 0, 0
439, mvs:jungle_tower, HEADING, header:ignore, 0, 0, 0
440, dungeons_arise:jungle_tree_house, HEADING, header:ignore, 0, 0, 0
441, dungeons_arise:keep_kayra, HEADING, header:ignore, 0, 0, 0
442, twilightforest:knight_stronghold, HEADING, header:ignore, 0, 0, 0
443, integrated_villages:kutcha_village, HEADING, header:ignore, 0, 0, 0
444, eidolon:lab, HEADING, header:ignore, 0, 0, 0
445, idas:labyrinth, HEADING, header:ignore, 0, 0, 0
446, illagerinvasion:labyrinth, HEADING, header:ignore, 0, 0, 0
447, twilightforest:labyrinth, HEADING, header:ignore, 0, 0, 0
448, mvs:lantern/medium_oak_lantern, HEADING, header:ignore, 0, 0, 0
449, mvs:lantern/small_acacia_lantern, HEADING, header:ignore, 0, 0, 0
450, mvs:lantern/small_bamboo_lantern, HEADING, header:ignore, 0, 0, 0
451, mvs:lantern/small_birch_lantern, HEADING, header:ignore, 0, 0, 0
452, mvs:lantern/small_campfire_lantern, HEADING, header:ignore, 0, 0, 0
453, mvs:lantern/small_cherry_lantern, HEADING, header:ignore, 0, 0, 0
454, mvs:lantern/small_dark_oak_lantern, HEADING, header:ignore, 0, 0, 0
455, mvs:lantern/small_jungle_lantern, HEADING, header:ignore, 0, 0, 0
456, mvs:lantern/small_mangrove_lantern, HEADING, header:ignore, 0, 0, 0
457, mvs:lantern/small_oak_lantern, HEADING, header:ignore, 0, 0, 0
458, mvs:lantern/small_spruce_lantern, HEADING, header:ignore, 0, 0, 0
459, ctov:large/village_beach, HEADING, header:ignore, 0, 0, 0
460, ctov:large/village_christmas, HEADING, header:ignore, 0, 0, 0
461, ctov:large/village_dark_forest, HEADING, header:ignore, 0, 0, 0
462, ctov:large/village_desert, HEADING, header:ignore, 0, 0, 0
463, ctov:large/village_desert_oasis, HEADING, header:ignore, 0, 0, 0
464, ctov:large/village_jungle, HEADING, header:ignore, 0, 0, 0
465, ctov:large/village_jungle_tree, HEADING, header:ignore, 0, 0, 0
466, ctov:large/village_mesa, HEADING, header:ignore, 0, 0, 0
467, ctov:large/village_mesa_fortified, HEADING, header:ignore, 0, 0, 0
468, ctov:large/village_mountain, HEADING, header:ignore, 0, 0, 0
469, ctov:large/village_mountain_alpine, HEADING, header:ignore, 0, 0, 0
470, ctov:large/village_mushroom, HEADING, header:ignore, 0, 0, 0
471, ctov:large/village_plains, HEADING, header:ignore, 0, 0, 0
472, ctov:large/village_plains_fortified, HEADING, header:ignore, 0, 0, 0
473, ctov:large/village_savanna, HEADING, header:ignore, 0, 0, 0
474, ctov:large/village_savanna_na, HEADING, header:ignore, 0, 0, 0
475, ctov:large/village_snowy_igloo, HEADING, header:ignore, 0, 0, 0
476, ctov:large/village_swamp, HEADING, header:ignore, 0, 0, 0
477, ctov:large/village_swamp_fortified, HEADING, header:ignore, 0, 0, 0
478, ctov:large/village_taiga, HEADING, header:ignore, 0, 0, 0
479, ctov:large/village_taiga_fortified, HEADING, header:ignore, 0, 0, 0
480, ctov:large/village_underground, HEADING, header:ignore, 0, 0, 0
481, aether:large_aercloud, HEADING, header:ignore, 0, 0, 0
482, mns:large_blackstone_pillars, HEADING, header:ignore, 0, 0, 0
483, mns:large_blackstone_walls, HEADING, header:ignore, 0, 0, 0
484, biomeswevegone:large_cold_lake, HEADING, header:ignore, 0, 0, 0
485, biomeswevegone:large_cold_lake, WATER_AMBIENT, minecraft:salmon, 10, 4, 10
486, graveyard:large_graveyard, HEADING, header:ignore, 0, 0, 0
487, graveyard:large_graveyard, MONSTER, graveyard:skeleton_creeper, 35, 1, 1
488, graveyard:large_graveyard, MONSTER, graveyard:revenant, 45, 1, 3
489, graveyard:large_graveyard, MONSTER, graveyard:ghoul, 50, 2, 4
490, twilightforest:large_hollow_hill, HEADING, header:ignore, 0, 0, 0
491, formationsnether:large_house, HEADING, header:ignore, 0, 0, 0
492, mns:large_nether_brick, HEADING, header:ignore, 0, 0, 0
493, explorations:large_oak_tree, HEADING, header:ignore, 0, 0, 0
494, formationsnether:large_pedestal, HEADING, header:ignore, 0, 0, 0
495, formationsoverworld:large_temple, HEADING, header:ignore, 0, 0, 0
496, formationsnether:large_tree, HEADING, header:ignore, 0, 0, 0
497, mns:lava_pool, HEADING, header:ignore, 0, 0, 0
498, philipsruins:level_one_ruins, HEADING, header:ignore, 0, 0, 0
499, philipsruins:level_one_ruins, MONSTER, minecraft:skeleton, 10, 2, 10
500, philipsruins:level_one_ruins, MONSTER, minecraft:zombie, 12, 5, 12
501, philipsruins:level_three_ruins, HEADING, header:ignore, 0, 0, 0
502, philipsruins:level_two_ruins, HEADING, header:ignore, 0, 0, 0
503, philipsruins:level_two_ruins_pool, HEADING, header:ignore, 0, 0, 0
504, graveyard:lich_prison, HEADING, header:ignore, 0, 0, 0
505, twilightforest:lich_tower, HEADING, header:ignore, 0, 0, 0
506, alexscaves:licowitch_tower, HEADING, header:ignore, 0, 0, 0
507, alexscaves:licowitch_tower, MONSTER, alexscaves:licowitch, 70, 1, 1
508, alexscaves:licowitch_tower, MONSTER, minecraft:witch, 30, 1, 1
509, dungeons_arise:lighthouse, HEADING, header:ignore, 0, 0, 0
510, bloomingnature:little_house, HEADING, header:ignore, 0, 0, 0
511, mvs:log_pile/acacia_log_pile, HEADING, header:ignore, 0, 0, 0
512, mvs:log_pile/birch_log_pile, HEADING, header:ignore, 0, 0, 0
513, mvs:log_pile/dark_oak_log_pile, HEADING, header:ignore, 0, 0, 0
514, mvs:log_pile/jungle_log_pile, HEADING, header:ignore, 0, 0, 0
515, mvs:log_pile/oak_log_pile, HEADING, header:ignore, 0, 0, 0
516, mvs:log_pile/spruce_log_pile, HEADING, header:ignore, 0, 0, 0
517, formationsoverworld:log_shelter, HEADING, header:ignore, 0, 0, 0
518, formationsoverworld:log_spikes, HEADING, header:ignore, 0, 0, 0
519, explorations:logs, HEADING, header:ignore, 0, 0, 0
520, philipsruins:lost_soul_city, HEADING, header:ignore, 0, 0, 0
521, philipsruins:lost_soul_city, MONSTER, minecraft:wither_skeleton, 10, 1, 2
522, philipsruins:lost_soul_dungeon, HEADING, header:ignore, 0, 0, 0
523, philipsruins:lost_soul_dungeon, MONSTER, minecraft:wither_skeleton, 10, 1, 5
524, idas:lumber_camp/lumber_camp_acacia, HEADING, header:ignore, 0, 0, 0
525, idas:lumber_camp/lumber_camp_birch, HEADING, header:ignore, 0, 0, 0
526, idas:lumber_camp/lumber_camp_bopmahogany, HEADING, header:ignore, 0, 0, 0
527, idas:lumber_camp/lumber_camp_bopredwood, HEADING, header:ignore, 0, 0, 0
528, idas:lumber_camp/lumber_camp_bygmahogany, HEADING, header:ignore, 0, 0, 0
529, idas:lumber_camp/lumber_camp_bygredwood, HEADING, header:ignore, 0, 0, 0
530, idas:lumber_camp/lumber_camp_dark_oak, HEADING, header:ignore, 0, 0, 0
531, idas:lumber_camp/lumber_camp_jungle, HEADING, header:ignore, 0, 0, 0
532, idas:lumber_camp/lumber_camp_oak, HEADING, header:ignore, 0, 0, 0
533, idas:lumber_camp/lumber_camp_spruce, HEADING, header:ignore, 0, 0, 0
534, ad_astra:lunar_tower, HEADING, header:ignore, 0, 0, 0
535, ad_astra:lunarian_village, HEADING, header:ignore, 0, 0, 0
536, biomeswevegone:lush_arch, HEADING, header:ignore, 0, 0, 0
537, irons_spellbooks:mangrove_hut, HEADING, header:ignore, 0, 0, 0
538, minecraft:mansion, HEADING, header:ignore, 0, 0, 0
539, repurposed_structures:mansion_birch, HEADING, header:ignore, 0, 0, 0
540, repurposed_structures:mansion_desert, HEADING, header:ignore, 0, 0, 0
541, repurposed_structures:mansion_jungle, HEADING, header:ignore, 0, 0, 0
542, repurposed_structures:mansion_mangrove, HEADING, header:ignore, 0, 0, 0
543, repurposed_structures:mansion_oak, HEADING, header:ignore, 0, 0, 0
544, repurposed_structures:mansion_savanna, HEADING, header:ignore, 0, 0, 0
545, repurposed_structures:mansion_snowy, HEADING, header:ignore, 0, 0, 0
546, repurposed_structures:mansion_taiga, HEADING, header:ignore, 0, 0, 0
547, mes:manuscript_shrine, HEADING, header:ignore, 0, 0, 0
548, integrated_villages:marketstead_village, HEADING, header:ignore, 0, 0, 0
549, ad_astra:mars_temple, HEADING, header:ignore, 0, 0, 0
550, dungeons_arise:mechanical_nest, HEADING, header:ignore, 0, 0, 0
551, integrated_villages:mediterranean_village, HEADING, header:ignore, 0, 0, 0
552, ctov:medium/village_beach, HEADING, header:ignore, 0, 0, 0
553, ctov:medium/village_christmas, HEADING, header:ignore, 0, 0, 0
554, ctov:medium/village_dark_forest, HEADING, header:ignore, 0, 0, 0
555, ctov:medium/village_desert, HEADING, header:ignore, 0, 0, 0
556, ctov:medium/village_desert_oasis, HEADING, header:ignore, 0, 0, 0
557, ctov:medium/village_jungle, HEADING, header:ignore, 0, 0, 0
558, ctov:medium/village_jungle_tree, HEADING, header:ignore, 0, 0, 0
559, ctov:medium/village_mesa, HEADING, header:ignore, 0, 0, 0
560, ctov:medium/village_mesa_fortified, HEADING, header:ignore, 0, 0, 0
561, ctov:medium/village_mountain, HEADING, header:ignore, 0, 0, 0
562, ctov:medium/village_mountain_alpine, HEADING, header:ignore, 0, 0, 0
563, ctov:medium/village_mushroom, HEADING, header:ignore, 0, 0, 0
564, ctov:medium/village_plains, HEADING, header:ignore, 0, 0, 0
565, ctov:medium/village_plains_fortified, HEADING, header:ignore, 0, 0, 0
566, ctov:medium/village_savanna, HEADING, header:ignore, 0, 0, 0
567, ctov:medium/village_savanna_na, HEADING, header:ignore, 0, 0, 0
568, ctov:medium/village_snowy_igloo, HEADING, header:ignore, 0, 0, 0
569, ctov:medium/village_swamp, HEADING, header:ignore, 0, 0, 0
570, ctov:medium/village_swamp_fortified, HEADING, header:ignore, 0, 0, 0
571, ctov:medium/village_taiga, HEADING, header:ignore, 0, 0, 0
572, ctov:medium/village_taiga_fortified, HEADING, header:ignore, 0, 0, 0
573, ctov:medium/village_underground, HEADING, header:ignore, 0, 0, 0
574, mns:medium_blackstone, HEADING, header:ignore, 0, 0, 0
575, mns:medium_crimson_fungus, HEADING, header:ignore, 0, 0, 0
576, mns:medium_crimson_fungus_2, HEADING, header:ignore, 0, 0, 0
577, mns:medium_crimson_well, HEADING, header:ignore, 0, 0, 0
578, graveyard:medium_graveyard, HEADING, header:ignore, 0, 0, 0
579, graveyard:medium_graveyard, MONSTER, graveyard:skeleton_creeper, 35, 1, 1
580, graveyard:medium_graveyard, MONSTER, graveyard:revenant, 45, 1, 3
581, graveyard:medium_graveyard, MONSTER, graveyard:ghoul, 50, 2, 4
582, twilightforest:medium_hollow_hill, HEADING, header:ignore, 0, 0, 0
583, mns:medium_house, HEADING, header:ignore, 0, 0, 0
584, mns:medium_house_2, HEADING, header:ignore, 0, 0, 0
585, mns:medium_warped_fungus, HEADING, header:ignore, 0, 0, 0
586, mns:medium_warped_fungus_2, HEADING, header:ignore, 0, 0, 0
587, mns:medium_warped_well, HEADING, header:ignore, 0, 0, 0
588, netherexp:mega_fossil, HEADING, header:ignore, 0, 0, 0
589, netherexp:mega_fossil_campsite, HEADING, header:ignore, 0, 0, 0
590, netherexp:mega_fossil_campsite, MONSTER, minecraft:skeleton, 10, 1, 1
591, netherexp:mega_fossil_campsite, MONSTER, netherexp:vessel, 10, 1, 1
592, graveyard:memorial_tree, HEADING, header:ignore, 0, 0, 0
593, dungeons_arise:merchant_campsite, HEADING, header:ignore, 0, 0, 0
594, formationsoverworld:mesoamerican_temple, HEADING, header:ignore, 0, 0, 0
595, formationsoverworld:meteor, HEADING, header:ignore, 0, 0, 0
596, ae2:meteorite, HEADING, header:ignore, 0, 0, 0
597, towns_and_towers:mimic_desert, HEADING, header:ignore, 0, 0, 0
598, minecraft:mineshaft, HEADING, header:ignore, 0, 0, 0
599, minecraft:mineshaft, AMBIENT, alexsmobs:underminer, 50, 1, 1
600, minecraft:mineshaft, WATER_AMBIENT, fishofthieves:ancientscale, 12, 4, 8
601, minecraft:mineshaft, WATER_AMBIENT, fishofthieves:plentifin, 12, 4, 8
602, bettermineshafts:mineshaft_acacia, HEADING, header:ignore, 0, 0, 0
603, bettermineshafts:mineshaft_acacia, AMBIENT, alexsmobs:underminer, 50, 1, 1
604, bettermineshafts:mineshaft_acacia, WATER_AMBIENT, fishofthieves:ancientscale, 12, 4, 8
605, bettermineshafts:mineshaft_acacia, WATER_AMBIENT, fishofthieves:plentifin, 12, 4, 8
606, repurposed_structures:mineshaft_birch, HEADING, header:ignore, 0, 0, 0
607, repurposed_structures:mineshaft_birch, AMBIENT, alexsmobs:underminer, 50, 1, 1
608, repurposed_structures:mineshaft_birch, WATER_AMBIENT, fishofthieves:ancientscale, 12, 4, 8
609, repurposed_structures:mineshaft_birch, WATER_AMBIENT, fishofthieves:plentifin, 12, 4, 8
610, repurposed_structures:mineshaft_crimson, HEADING, header:ignore, 0, 0, 0
611, repurposed_structures:mineshaft_crimson, AMBIENT, alexsmobs:underminer, 50, 1, 1
612, repurposed_structures:mineshaft_crimson, WATER_AMBIENT, fishofthieves:ancientscale, 12, 4, 8
613, repurposed_structures:mineshaft_crimson, WATER_AMBIENT, fishofthieves:plentifin, 12, 4, 8
614, repurposed_structures:mineshaft_dark_forest, HEADING, header:ignore, 0, 0, 0
615, repurposed_structures:mineshaft_dark_forest, AMBIENT, alexsmobs:underminer, 50, 1, 1
616, repurposed_structures:mineshaft_dark_forest, WATER_AMBIENT, fishofthieves:ancientscale, 12, 4, 8
617, repurposed_structures:mineshaft_dark_forest, WATER_AMBIENT, fishofthieves:plentifin, 12, 4, 8
618, bettermineshafts:mineshaft_desert, HEADING, header:ignore, 0, 0, 0
619, bettermineshafts:mineshaft_desert, AMBIENT, alexsmobs:underminer, 50, 1, 1
620, bettermineshafts:mineshaft_desert, WATER_AMBIENT, fishofthieves:ancientscale, 12, 4, 8
621, bettermineshafts:mineshaft_desert, WATER_AMBIENT, fishofthieves:plentifin, 12, 4, 8
622, repurposed_structures:mineshaft_desert, HEADING, header:ignore, 0, 0, 0
623, repurposed_structures:mineshaft_desert, AMBIENT, alexsmobs:underminer, 50, 1, 1
624, repurposed_structures:mineshaft_desert, WATER_AMBIENT, fishofthieves:ancientscale, 12, 4, 8
625, repurposed_structures:mineshaft_desert, WATER_AMBIENT, fishofthieves:plentifin, 12, 4, 8
626, bettermineshafts:mineshaft_dripstone, HEADING, header:ignore, 0, 0, 0
627, bettermineshafts:mineshaft_dripstone, AMBIENT, alexsmobs:underminer, 50, 1, 1
628, bettermineshafts:mineshaft_dripstone, WATER_AMBIENT, fishofthieves:ancientscale, 12, 4, 8
629, bettermineshafts:mineshaft_dripstone, WATER_AMBIENT, fishofthieves:plentifin, 12, 4, 8
630, repurposed_structures:mineshaft_end, HEADING, header:ignore, 0, 0, 0
631, repurposed_structures:mineshaft_end, MONSTER, minecraft:endermite, 10, 2, 5
632, repurposed_structures:mineshaft_end, MONSTER, minecraft:enderman, 10, 1, 3
633, repurposed_structures:mineshaft_end, AMBIENT, alexsmobs:underminer, 50, 1, 1
634, repurposed_structures:mineshaft_end, WATER_AMBIENT, fishofthieves:ancientscale, 12, 4, 8
635, repurposed_structures:mineshaft_end, WATER_AMBIENT, fishofthieves:plentifin, 12, 4, 8
636, bettermineshafts:mineshaft_ice, HEADING, header:ignore, 0, 0, 0
637, bettermineshafts:mineshaft_ice, AMBIENT, alexsmobs:underminer, 50, 1, 1
638, bettermineshafts:mineshaft_ice, WATER_AMBIENT, fishofthieves:ancientscale, 12, 4, 8
639, bettermineshafts:mineshaft_ice, WATER_AMBIENT, fishofthieves:plentifin, 12, 4, 8
640, repurposed_structures:mineshaft_icy, HEADING, header:ignore, 0, 0, 0
641, repurposed_structures:mineshaft_icy, AMBIENT, alexsmobs:underminer, 50, 1, 1
642, repurposed_structures:mineshaft_icy, WATER_AMBIENT, fishofthieves:ancientscale, 12, 4, 8
643, repurposed_structures:mineshaft_icy, WATER_AMBIENT, fishofthieves:plentifin, 12, 4, 8
644, bettermineshafts:mineshaft_jungle, HEADING, header:ignore, 0, 0, 0
645, bettermineshafts:mineshaft_jungle, AMBIENT, alexsmobs:underminer, 50, 1, 1
646, bettermineshafts:mineshaft_jungle, WATER_AMBIENT, fishofthieves:ancientscale, 12, 4, 8
647, bettermineshafts:mineshaft_jungle, WATER_AMBIENT, fishofthieves:plentifin, 12, 4, 8
648, repurposed_structures:mineshaft_jungle, HEADING, header:ignore, 0, 0, 0
649, repurposed_structures:mineshaft_jungle, AMBIENT, alexsmobs:underminer, 50, 1, 1
650, repurposed_structures:mineshaft_jungle, WATER_AMBIENT, fishofthieves:ancientscale, 12, 4, 8
651, repurposed_structures:mineshaft_jungle, WATER_AMBIENT, fishofthieves:plentifin, 12, 4, 8
652, bettermineshafts:mineshaft_lush, HEADING, header:ignore, 0, 0, 0
653, bettermineshafts:mineshaft_lush, AMBIENT, alexsmobs:underminer, 50, 1, 1
654, bettermineshafts:mineshaft_lush, WATER_AMBIENT, fishofthieves:ancientscale, 12, 4, 8
655, bettermineshafts:mineshaft_lush, WATER_AMBIENT, fishofthieves:plentifin, 12, 4, 8
656, bettermineshafts:mineshaft_mesa, HEADING, header:ignore, 0, 0, 0
657, bettermineshafts:mineshaft_mesa, AMBIENT, alexsmobs:underminer, 50, 1, 1
658, bettermineshafts:mineshaft_mesa, WATER_AMBIENT, fishofthieves:ancientscale, 12, 4, 8
659, bettermineshafts:mineshaft_mesa, WATER_AMBIENT, fishofthieves:plentifin, 12, 4, 8
660, minecraft:mineshaft_mesa, HEADING, header:ignore, 0, 0, 0
661, minecraft:mineshaft_mesa, AMBIENT, alexsmobs:underminer, 50, 1, 1
662, minecraft:mineshaft_mesa, WATER_AMBIENT, fishofthieves:ancientscale, 12, 4, 8
663, minecraft:mineshaft_mesa, WATER_AMBIENT, fishofthieves:plentifin, 12, 4, 8
664, bettermineshafts:mineshaft_mushroom, HEADING, header:ignore, 0, 0, 0
665, bettermineshafts:mineshaft_mushroom, AMBIENT, alexsmobs:underminer, 50, 1, 1
666, bettermineshafts:mineshaft_mushroom, WATER_AMBIENT, fishofthieves:ancientscale, 12, 4, 8
667, bettermineshafts:mineshaft_mushroom, WATER_AMBIENT, fishofthieves:plentifin, 12, 4, 8
668, repurposed_structures:mineshaft_nether, HEADING, header:ignore, 0, 0, 0
669, repurposed_structures:mineshaft_nether, AMBIENT, alexsmobs:underminer, 50, 1, 1
670, repurposed_structures:mineshaft_nether, WATER_AMBIENT, fishofthieves:ancientscale, 12, 4, 8
671, repurposed_structures:mineshaft_nether, WATER_AMBIENT, fishofthieves:plentifin, 12, 4, 8
672, bettermineshafts:mineshaft_oak, HEADING, header:ignore, 0, 0, 0
673, bettermineshafts:mineshaft_oak, AMBIENT, alexsmobs:underminer, 50, 1, 1
674, bettermineshafts:mineshaft_oak, WATER_AMBIENT, fishofthieves:ancientscale, 12, 4, 8
675, bettermineshafts:mineshaft_oak, WATER_AMBIENT, fishofthieves:plentifin, 12, 4, 8
676, repurposed_structures:mineshaft_ocean, HEADING, header:ignore, 0, 0, 0
677, repurposed_structures:mineshaft_ocean, AMBIENT, alexsmobs:underminer, 50, 1, 1
678, repurposed_structures:mineshaft_ocean, WATER_AMBIENT, fishofthieves:ancientscale, 12, 4, 8
679, repurposed_structures:mineshaft_ocean, WATER_AMBIENT, fishofthieves:plentifin, 12, 4, 8
680, bettermineshafts:mineshaft_overgrown, HEADING, header:ignore, 0, 0, 0
681, bettermineshafts:mineshaft_overgrown, AMBIENT, alexsmobs:underminer, 50, 1, 1
682, bettermineshafts:mineshaft_overgrown, WATER_AMBIENT, fishofthieves:ancientscale, 12, 4, 8
683, bettermineshafts:mineshaft_overgrown, WATER_AMBIENT, fishofthieves:plentifin, 12, 4, 8
684, bettermineshafts:mineshaft_red_desert, HEADING, header:ignore, 0, 0, 0
685, bettermineshafts:mineshaft_red_desert, AMBIENT, alexsmobs:underminer, 50, 1, 1
686, bettermineshafts:mineshaft_red_desert, WATER_AMBIENT, fishofthieves:ancientscale, 12, 4, 8
687, bettermineshafts:mineshaft_red_desert, WATER_AMBIENT, fishofthieves:plentifin, 12, 4, 8
688, repurposed_structures:mineshaft_savanna, HEADING, header:ignore, 0, 0, 0
689, repurposed_structures:mineshaft_savanna, AMBIENT, alexsmobs:underminer, 50, 1, 1
690, repurposed_structures:mineshaft_savanna, WATER_AMBIENT, fishofthieves:ancientscale, 12, 4, 8
691, repurposed_structures:mineshaft_savanna, WATER_AMBIENT, fishofthieves:plentifin, 12, 4, 8
692, bettermineshafts:mineshaft_spruce, HEADING, header:ignore, 0, 0, 0
693, bettermineshafts:mineshaft_spruce, AMBIENT, alexsmobs:underminer, 50, 1, 1
694, bettermineshafts:mineshaft_spruce, WATER_AMBIENT, fishofthieves:ancientscale, 12, 4, 8
695, bettermineshafts:mineshaft_spruce, WATER_AMBIENT, fishofthieves:plentifin, 12, 4, 8
696, bettermineshafts:mineshaft_spruce_snowy, HEADING, header:ignore, 0, 0, 0
697, bettermineshafts:mineshaft_spruce_snowy, AMBIENT, alexsmobs:underminer, 50, 1, 1
698, bettermineshafts:mineshaft_spruce_snowy, WATER_AMBIENT, fishofthieves:ancientscale, 12, 4, 8
699, bettermineshafts:mineshaft_spruce_snowy, WATER_AMBIENT, fishofthieves:plentifin, 12, 4, 8
700, repurposed_structures:mineshaft_stone, HEADING, header:ignore, 0, 0, 0
701, repurposed_structures:mineshaft_stone, AMBIENT, alexsmobs:underminer, 50, 1, 1
702, repurposed_structures:mineshaft_stone, WATER_AMBIENT, fishofthieves:ancientscale, 12, 4, 8
703, repurposed_structures:mineshaft_stone, WATER_AMBIENT, fishofthieves:plentifin, 12, 4, 8
704, repurposed_structures:mineshaft_swamp, HEADING, header:ignore, 0, 0, 0
705, repurposed_structures:mineshaft_swamp, AMBIENT, alexsmobs:underminer, 50, 1, 1
706, repurposed_structures:mineshaft_swamp, WATER_AMBIENT, fishofthieves:ancientscale, 12, 4, 8
707, repurposed_structures:mineshaft_swamp, WATER_AMBIENT, fishofthieves:plentifin, 12, 4, 8
708, repurposed_structures:mineshaft_taiga, HEADING, header:ignore, 0, 0, 0
709, repurposed_structures:mineshaft_taiga, AMBIENT, alexsmobs:underminer, 50, 1, 1
710, repurposed_structures:mineshaft_taiga, WATER_AMBIENT, fishofthieves:ancientscale, 12, 4, 8
711, repurposed_structures:mineshaft_taiga, WATER_AMBIENT, fishofthieves:plentifin, 12, 4, 8
712, repurposed_structures:mineshaft_warped, HEADING, header:ignore, 0, 0, 0
713, repurposed_structures:mineshaft_warped, AMBIENT, alexsmobs:underminer, 50, 1, 1
714, repurposed_structures:mineshaft_warped, WATER_AMBIENT, fishofthieves:ancientscale, 12, 4, 8
715, repurposed_structures:mineshaft_warped, WATER_AMBIENT, fishofthieves:plentifin, 12, 4, 8
716, dungeons_arise:mining_system, HEADING, header:ignore, 0, 0, 0
717, the_bumblezone:mite_fortress, HEADING, header:ignore, 0, 0, 0
718, the_bumblezone:mite_fortress, MONSTER, minecraft:enderman, 80, 1, 2
719, distant_worlds:molten_hills_monument_structure, HEADING, header:ignore, 0, 0, 0
720, distant_worlds:molten_hills_tower_structure, HEADING, header:ignore, 0, 0, 0
721, dungeons_arise:monastery, HEADING, header:ignore, 0, 0, 0
722, mowziesmobs:monastery, HEADING, header:ignore, 0, 0, 0
723, mowziesmobs:monastery, MONSTER, mowziesmobs:bluff, 80, 1, 2
724, mes:monolith, HEADING, header:ignore, 0, 0, 0
725, minecraft:monument, HEADING, header:ignore, 0, 0, 0
726, minecraft:monument, MONSTER, minecraft:guardian, 10, 2, 4
727, minecraft:monument, WATER_AMBIENT, fishofthieves:battlegill, 10, 2, 4
728, repurposed_structures:monument_desert, HEADING, header:ignore, 0, 0, 0
729, repurposed_structures:monument_desert, MONSTER, minecraft:husk, 20, 1, 4
730, repurposed_structures:monument_desert, MONSTER, minecraft:creeper, 15, 1, 2
731, repurposed_structures:monument_desert, MONSTER, minecraft:skeleton, 10, 1, 3
732, repurposed_structures:monument_icy, HEADING, header:ignore, 0, 0, 0
733, repurposed_structures:monument_icy, MONSTER, minecraft:stray, 80, 1, 3
734, repurposed_structures:monument_icy, MONSTER, minecraft:vex, 10, 1, 1
735, repurposed_structures:monument_jungle, HEADING, header:ignore, 0, 0, 0
736, repurposed_structures:monument_jungle, MONSTER, minecraft:spider, 25, 1, 2
737, repurposed_structures:monument_jungle, MONSTER, minecraft:skeleton, 10, 1, 3
738, repurposed_structures:monument_nether, HEADING, header:ignore, 0, 0, 0
739, repurposed_structures:monument_nether, MONSTER, minecraft:magma_cube, 20, 1, 3
740, repurposed_structures:monument_nether, MONSTER, minecraft:wither_skeleton, 10, 1, 3
741, repurposed_structures:monument_nether, MONSTER, minecraft:ghast, 10, 1, 1
742, ad_astra:moon_dungeon, HEADING, header:ignore, 0, 0, 0
743, integrated_villages:mossy_mounds, HEADING, header:ignore, 0, 0, 0
744, born_in_chaos_v1:mound_of_hounds, HEADING, header:ignore, 0, 0, 0
745, irons_spellbooks:mountain_tower, HEADING, header:ignore, 0, 0, 0
746, graveyard:mushroom_grave, HEADING, header:ignore, 0, 0, 0
747, dungeons_arise:mushroom_house, HEADING, header:ignore, 0, 0, 0
748, dungeons_arise:mushroom_mines, HEADING, header:ignore, 0, 0, 0
749, twilightforest:mushroom_tower, HEADING, header:ignore, 0, 0, 0
750, dungeons_arise:mushroom_village, HEADING, header:ignore, 0, 0, 0
751, mes:mythic_garden, HEADING, header:ignore, 0, 0, 0
752, twilightforest:naga_courtyard, HEADING, header:ignore, 0, 0, 0
753, mvs:nature/acacia_tree, HEADING, header:ignore, 0, 0, 0
754, mvs:nature/big_oak_tree, HEADING, header:ignore, 0, 0, 0
755, mvs:nature/birch_tree, HEADING, header:ignore, 0, 0, 0
756, mvs:nature/boulder, HEADING, header:ignore, 0, 0, 0
757, mvs:nature/cherry_tree, HEADING, header:ignore, 0, 0, 0
758, mvs:nature/dark_oak_tree, HEADING, header:ignore, 0, 0, 0
759, mvs:nature/floating_islands, HEADING, header:ignore, 0, 0, 0
760, mvs:nature/jungle_palm_tree, HEADING, header:ignore, 0, 0, 0
761, mvs:nature/jungle_tree, HEADING, header:ignore, 0, 0, 0
762, mvs:nature/large_mushroom, HEADING, header:ignore, 0, 0, 0
763, mvs:nature/mushroom_pond, HEADING, header:ignore, 0, 0, 0
764, mvs:nature/oak_tree, HEADING, header:ignore, 0, 0, 0
765, mvs:nature/paths, HEADING, header:ignore, 0, 0, 0
766, mvs:nature/small_oak_pond, HEADING, header:ignore, 0, 0, 0
767, mvs:nature/spruce_tree, HEADING, header:ignore, 0, 0, 0
768, mvs:nature/stone_rock, HEADING, header:ignore, 0, 0, 0
769, hexerei:nature_coven, HEADING, header:ignore, 0, 0, 0
770, blue_skies:nature_dungeon, HEADING, header:ignore, 0, 0, 0
771, blue_skies:nature_dungeon, MONSTER, blue_skies:stonelet, 10, 1, 1
772, blue_skies:nature_dungeon, MONSTER, blue_skies:spewter, 10, 1, 1
773, idas:necromancers_spire, HEADING, header:ignore, 0, 0, 0
774, idas:necromancers_spire, MONSTER, quark:wraith, 10, 1, 1
775, minecraft:nether_fossil, HEADING, header:ignore, 0, 0, 0
776, minecraft:nether_fossil, MONSTER, alexsmobs:soul_vulture, 30, 1, 1
777, philipsruins:nether_lava_ruins, HEADING, header:ignore, 0, 0, 0
778, formationsnether:nether_wart_field, HEADING, header:ignore, 0, 0, 0
779, hearths:netherrack_spiral, HEADING, header:ignore, 0, 0, 0
780, idas:nexus, HEADING, header:ignore, 0, 0, 0
781, idas:nexus, MONSTER, minecraft:silverfish, 10, 1, 4
782, idas:nexus, MONSTER, quark:wraith, 10, 1, 4
783, ars_additions:nexus_tower, HEADING, header:ignore, 0, 0, 0
784, forbidden_arcanus:nipa, HEADING, header:ignore, 0, 0, 0
785, forbidden_arcanus:nipa_floating, HEADING, header:ignore, 0, 0, 0
786, integrated_villages:oasis_village, HEADING, header:ignore, 0, 0, 0
787, born_in_chaos_v1:observation_tower_forest, HEADING, header:ignore, 0, 0, 0
788, born_in_chaos_v1:observation_tower_plains, HEADING, header:ignore, 0, 0, 0
789, formationsnether:obsidian_pillar, HEADING, header:ignore, 0, 0, 0
790, philipsruins:ocean_fortress, HEADING, header:ignore, 0, 0, 0
791, philipsruins:ocean_fortress, MONSTER, minecraft:guardian, 10, 2, 3
792, philipsruins:ocean_fortress, MONSTER, minecraft:drowned, 10, 5, 9
793, betteroceanmonuments:ocean_monument, HEADING, header:ignore, 0, 0, 0
794, betteroceanmonuments:ocean_monument, MONSTER, minecraft:guardian, 10, 2, 4
795, minecraft:ocean_ruin_cold, HEADING, header:ignore, 0, 0, 0
796, minecraft:ocean_ruin_cold, WATER_AMBIENT, fishofthieves:ancientscale, 12, 4, 8
797, minecraft:ocean_ruin_warm, HEADING, header:ignore, 0, 0, 0
798, minecraft:ocean_ruin_warm, WATER_AMBIENT, fishofthieves:ancientscale, 12, 4, 8
799, philipsruins:ocean_ruins, HEADING, header:ignore, 0, 0, 0
800, alexscaves:ocean_trench, HEADING, header:ignore, 0, 0, 0
801, formationsoverworld:offering, HEADING, header:ignore, 0, 0, 0
802, ad_astra:oil_well, HEADING, header:ignore, 0, 0, 0
803, aether_villages:olympic_citadel, HEADING, header:ignore, 0, 0, 0
804, formationsnether:ore_shard, HEADING, header:ignore, 0, 0, 0
805, scguns:osgood_lab, HEADING, header:ignore, 0, 0, 0
806, scguns:osgood_lab_outpost, HEADING, header:ignore, 0, 0, 0
807, mvs:other_decoration/bee_dome, HEADING, header:ignore, 0, 0, 0
808, mvs:other_decoration/bench, HEADING, header:ignore, 0, 0, 0
809, mvs:other_decoration/campsite, HEADING, header:ignore, 0, 0, 0
810, mvs:other_decoration/crimson_enchanting_table, HEADING, header:ignore, 0, 0, 0
811, mvs:other_decoration/desert_pump, HEADING, header:ignore, 0, 0, 0
812, mvs:other_decoration/duck, HEADING, header:ignore, 0, 0, 0
813, mvs:other_decoration/end_scraps/end_scraps_1, HEADING, header:ignore, 0, 0, 0
814, mvs:other_decoration/end_scraps/end_scraps_2, HEADING, header:ignore, 0, 0, 0
815, mvs:other_decoration/end_scraps/end_scraps_3, HEADING, header:ignore, 0, 0, 0
816, mvs:other_decoration/end_scraps/end_scraps_4, HEADING, header:ignore, 0, 0, 0
817, mvs:other_decoration/fire_camp, HEADING, header:ignore, 0, 0, 0
818, mvs:other_decoration/fox_hut, HEADING, header:ignore, 0, 0, 0
819, mvs:other_decoration/haystack, HEADING, header:ignore, 0, 0, 0
820, mvs:other_decoration/horse_campsite, HEADING, header:ignore, 0, 0, 0
821, mvs:other_decoration/lamp_chest, HEADING, header:ignore, 0, 0, 0
822, mvs:other_decoration/lecturn_garden, HEADING, header:ignore, 0, 0, 0
823, mvs:other_decoration/mine_with_campsite, HEADING, header:ignore, 0, 0, 0
824, mvs:other_decoration/mushroom_statue, HEADING, header:ignore, 0, 0, 0
825, mvs:other_decoration/nether_devil, HEADING, header:ignore, 0, 0, 0
826, mvs:other_decoration/pile, HEADING, header:ignore, 0, 0, 0
827, mvs:other_decoration/snowy_dog_hut, HEADING, header:ignore, 0, 0, 0
828, mvs:other_decoration/snowy_fossil, HEADING, header:ignore, 0, 0, 0
829, mvs:other_decoration/stone_bee, HEADING, header:ignore, 0, 0, 0
830, mvs:other_decoration/villager_statue, HEADING, header:ignore, 0, 0, 0
831, mvs:other_decoration/wheat_grain_bin, HEADING, header:ignore, 0, 0, 0
832, mvs:other_decoration/windmill, HEADING, header:ignore, 0, 0, 0
833, mvs:other_decoration/wooden_wheat_farm, HEADING, header:ignore, 0, 0, 0
834, mvs:out_house, HEADING, header:ignore, 0, 0, 0
835, repurposed_structures:outpost_badlands, HEADING, header:ignore, 0, 0, 0
836, repurposed_structures:outpost_badlands, MONSTER, minecraft:pillager, 10, 1, 1
837, repurposed_structures:outpost_birch, HEADING, header:ignore, 0, 0, 0
838, repurposed_structures:outpost_birch, MONSTER, minecraft:pillager, 10, 1, 1
839, repurposed_structures:outpost_crimson, HEADING, header:ignore, 0, 0, 0
840, repurposed_structures:outpost_crimson, MONSTER, minecraft:piglin, 10, 1, 1
841, repurposed_structures:outpost_desert, HEADING, header:ignore, 0, 0, 0
842, repurposed_structures:outpost_desert, MONSTER, minecraft:pillager, 10, 1, 1
843, repurposed_structures:outpost_end, HEADING, header:ignore, 0, 0, 0
844, repurposed_structures:outpost_end, MONSTER, minecraft:phantom, 10, 1, 1
845, repurposed_structures:outpost_giant_tree_taiga, HEADING, header:ignore, 0, 0, 0
846, repurposed_structures:outpost_giant_tree_taiga, MONSTER, minecraft:pillager, 10, 1, 1
847, repurposed_structures:outpost_icy, HEADING, header:ignore, 0, 0, 0
848, repurposed_structures:outpost_icy, MONSTER, minecraft:pillager, 10, 1, 1
849, repurposed_structures:outpost_jungle, HEADING, header:ignore, 0, 0, 0
850, repurposed_structures:outpost_jungle, MONSTER, minecraft:pillager, 10, 1, 1
851, repurposed_structures:outpost_mangrove, HEADING, header:ignore, 0, 0, 0
852, repurposed_structures:outpost_mangrove, MONSTER, minecraft:pillager, 10, 1, 1
853, repurposed_structures:outpost_nether_brick, HEADING, header:ignore, 0, 0, 0
854, repurposed_structures:outpost_nether_brick, MONSTER, minecraft:piglin, 10, 1, 1
855, repurposed_structures:outpost_oak, HEADING, header:ignore, 0, 0, 0
856, repurposed_structures:outpost_oak, MONSTER, minecraft:pillager, 10, 1, 1
857, repurposed_structures:outpost_snowy, HEADING, header:ignore, 0, 0, 0
858, repurposed_structures:outpost_snowy, MONSTER, minecraft:pillager, 10, 1, 1
859, repurposed_structures:outpost_taiga, HEADING, header:ignore, 0, 0, 0
860, repurposed_structures:outpost_taiga, MONSTER, minecraft:pillager, 10, 1, 1
861, repurposed_structures:outpost_warped, HEADING, header:ignore, 0, 0, 0
862, repurposed_structures:outpost_warped, MONSTER, minecraft:piglin, 10, 1, 1
863, the_bumblezone:overgrown_flower, HEADING, header:ignore, 0, 0, 0
864, call_of_yucutan:overgrown_temple, HEADING, header:ignore, 0, 0, 0
865, hexerei:owl_post_office, HEADING, header:ignore, 0, 0, 0
866, formationsnether:parkour_challenge, HEADING, header:ignore, 0, 0, 0
867, the_bumblezone:phantasm_aviary, HEADING, header:ignore, 0, 0, 0
868, the_bumblezone:phantasm_aviary, MONSTER, minecraft:phantom, 80, 1, 2
869, mes:phantom_citadel, HEADING, header:ignore, 0, 0, 0
870, bygonenether:piglin_manor, HEADING, header:ignore, 0, 0, 0
871, bygonenether:piglin_manor, MONSTER, minecraft:piglin, 10, 1, 1
872, bygonenether:piglin_manor, MONSTER, bygonenether:piglin_hunter, 10, 1, 1
873, idas:pillager_camp, HEADING, header:ignore, 0, 0, 0
874, takesapillage:pillager_camp, HEADING, header:ignore, 0, 0, 0
875, idas:pillager_fortress, HEADING, header:ignore, 0, 0, 0
876, minecraft:pillager_outpost, HEADING, header:ignore, 0, 0, 0
877, minecraft:pillager_outpost, MONSTER, minecraft:pillager, 10, 1, 1
878, minecraft:pillager_outpost, WATER_AMBIENT, fishofthieves:battlegill, 10, 2, 4
879, ctov:pillager_outpost_badlands, HEADING, header:ignore, 0, 0, 0
880, ctov:pillager_outpost_badlands, MONSTER, minecraft:pillager, 10, 1, 1
881, ctov:pillager_outpost_badlands, MONSTER, minecraft:evoker, 10, 1, 1
882, ctov:pillager_outpost_badlands, MONSTER, minecraft:vindicator, 10, 1, 1
883, ctov:pillager_outpost_badlands, MONSTER, minecraft:witch, 10, 1, 1
884, towns_and_towers:pillager_outpost_badlands, HEADING, header:ignore, 0, 0, 0
885, towns_and_towers:pillager_outpost_badlands, MONSTER, minecraft:pillager, 10, 1, 2
886, ctov:pillager_outpost_beach, HEADING, header:ignore, 0, 0, 0
887, ctov:pillager_outpost_beach, MONSTER, minecraft:pillager, 10, 1, 1
888, ctov:pillager_outpost_beach, MONSTER, minecraft:evoker, 10, 1, 1
889, ctov:pillager_outpost_beach, MONSTER, minecraft:vindicator, 10, 1, 1
890, ctov:pillager_outpost_beach, MONSTER, minecraft:witch, 10, 1, 1
891, towns_and_towers:pillager_outpost_beach, HEADING, header:ignore, 0, 0, 0
892, towns_and_towers:pillager_outpost_beach, MONSTER, minecraft:pillager, 10, 1, 2
893, towns_and_towers:pillager_outpost_birch_forest, HEADING, header:ignore, 0, 0, 0
894, towns_and_towers:pillager_outpost_birch_forest, MONSTER, minecraft:pillager, 10, 1, 2
895, ctov:pillager_outpost_dark_forest, HEADING, header:ignore, 0, 0, 0
896, ctov:pillager_outpost_dark_forest, MONSTER, minecraft:pillager, 10, 1, 1
897, ctov:pillager_outpost_dark_forest, MONSTER, minecraft:evoker, 10, 1, 1
898, ctov:pillager_outpost_dark_forest, MONSTER, minecraft:vindicator, 10, 1, 1
899, ctov:pillager_outpost_dark_forest, MONSTER, minecraft:witch, 10, 1, 1
900, ctov:pillager_outpost_desert, HEADING, header:ignore, 0, 0, 0
901, ctov:pillager_outpost_desert, MONSTER, minecraft:pillager, 10, 1, 1
902, ctov:pillager_outpost_desert, MONSTER, minecraft:evoker, 10, 1, 1
903, ctov:pillager_outpost_desert, MONSTER, minecraft:vindicator, 10, 1, 1
904, ctov:pillager_outpost_desert, MONSTER, minecraft:witch, 10, 1, 1
905, towns_and_towers:pillager_outpost_desert, HEADING, header:ignore, 0, 0, 0
906, towns_and_towers:pillager_outpost_desert, MONSTER, minecraft:pillager, 10, 1, 2
907, towns_and_towers:pillager_outpost_flower_forest, HEADING, header:ignore, 0, 0, 0
908, towns_and_towers:pillager_outpost_flower_forest, MONSTER, minecraft:pillager, 10, 1, 2
909, towns_and_towers:pillager_outpost_forest, HEADING, header:ignore, 0, 0, 0
910, towns_and_towers:pillager_outpost_forest, MONSTER, minecraft:pillager, 10, 1, 2
911, towns_and_towers:pillager_outpost_grove, HEADING, header:ignore, 0, 0, 0
912, towns_and_towers:pillager_outpost_grove, MONSTER, minecraft:pillager, 10, 1, 2
913, ctov:pillager_outpost_jungle, HEADING, header:ignore, 0, 0, 0
914, ctov:pillager_outpost_jungle, MONSTER, minecraft:pillager, 10, 1, 1
915, ctov:pillager_outpost_jungle, MONSTER, minecraft:evoker, 10, 1, 1
916, ctov:pillager_outpost_jungle, MONSTER, minecraft:vindicator, 10, 1, 1
917, ctov:pillager_outpost_jungle, MONSTER, minecraft:witch, 10, 1, 1
918, towns_and_towers:pillager_outpost_jungle, HEADING, header:ignore, 0, 0, 0
919, towns_and_towers:pillager_outpost_jungle, MONSTER, minecraft:pillager, 10, 1, 2
920, towns_and_towers:pillager_outpost_meadow, HEADING, header:ignore, 0, 0, 0
921, towns_and_towers:pillager_outpost_meadow, MONSTER, minecraft:pillager, 10, 1, 2
922, ctov:pillager_outpost_mesa, HEADING, header:ignore, 0, 0, 0
923, ctov:pillager_outpost_mesa, MONSTER, minecraft:pillager, 10, 1, 1
924, ctov:pillager_outpost_mesa, MONSTER, minecraft:evoker, 10, 1, 1
925, ctov:pillager_outpost_mesa, MONSTER, minecraft:vindicator, 10, 1, 1
926, ctov:pillager_outpost_mesa, MONSTER, minecraft:witch, 10, 1, 1
927, ctov:pillager_outpost_mountain, HEADING, header:ignore, 0, 0, 0
928, ctov:pillager_outpost_mountain, MONSTER, minecraft:pillager, 10, 1, 1
929, ctov:pillager_outpost_mountain, MONSTER, minecraft:evoker, 10, 1, 1
930, ctov:pillager_outpost_mountain, MONSTER, minecraft:vindicator, 10, 1, 1
931, ctov:pillager_outpost_mountain, MONSTER, minecraft:witch, 10, 1, 1
932, towns_and_towers:pillager_outpost_mushroom_fields, HEADING, header:ignore, 0, 0, 0
933, towns_and_towers:pillager_outpost_ocean, HEADING, header:ignore, 0, 0, 0
934, towns_and_towers:pillager_outpost_ocean, MONSTER, minecraft:pillager, 10, 1, 2
935, towns_and_towers:pillager_outpost_old_growth_taiga, HEADING, header:ignore, 0, 0, 0
936, towns_and_towers:pillager_outpost_old_growth_taiga, MONSTER, minecraft:pillager, 10, 1, 2
937, ctov:pillager_outpost_plains, HEADING, header:ignore, 0, 0, 0
938, ctov:pillager_outpost_plains, MONSTER, minecraft:pillager, 10, 1, 1
939, ctov:pillager_outpost_plains, MONSTER, minecraft:evoker, 10, 1, 1
940, ctov:pillager_outpost_plains, MONSTER, minecraft:vindicator, 10, 1, 1
941, ctov:pillager_outpost_plains, MONSTER, minecraft:witch, 10, 1, 1
942, ctov:pillager_outpost_savanna, HEADING, header:ignore, 0, 0, 0
943, ctov:pillager_outpost_savanna, MONSTER, minecraft:pillager, 10, 1, 1
944, ctov:pillager_outpost_savanna, MONSTER, minecraft:evoker, 10, 1, 1
945, ctov:pillager_outpost_savanna, MONSTER, minecraft:vindicator, 10, 1, 1
946, ctov:pillager_outpost_savanna, MONSTER, minecraft:witch, 10, 1, 1
947, towns_and_towers:pillager_outpost_savanna, HEADING, header:ignore, 0, 0, 0
948, towns_and_towers:pillager_outpost_savanna, MONSTER, minecraft:pillager, 10, 1, 2
949, towns_and_towers:pillager_outpost_savanna_plateau, HEADING, header:ignore, 0, 0, 0
950, towns_and_towers:pillager_outpost_savanna_plateau, MONSTER, minecraft:pillager, 10, 1, 2
951, ctov:pillager_outpost_snowy, HEADING, header:ignore, 0, 0, 0
952, ctov:pillager_outpost_snowy, MONSTER, minecraft:pillager, 10, 1, 1
953, ctov:pillager_outpost_snowy, MONSTER, minecraft:evoker, 10, 1, 1
954, ctov:pillager_outpost_snowy, MONSTER, minecraft:vindicator, 10, 1, 1
955, ctov:pillager_outpost_snowy, MONSTER, minecraft:witch, 10, 1, 1
956, towns_and_towers:pillager_outpost_snowy_beach, HEADING, header:ignore, 0, 0, 0
957, towns_and_towers:pillager_outpost_snowy_beach, MONSTER, minecraft:pillager, 10, 1, 2
958, towns_and_towers:pillager_outpost_snowy_plains, HEADING, header:ignore, 0, 0, 0
959, towns_and_towers:pillager_outpost_snowy_plains, MONSTER, minecraft:pillager, 10, 1, 2
960, towns_and_towers:pillager_outpost_snowy_slopes, HEADING, header:ignore, 0, 0, 0
961, towns_and_towers:pillager_outpost_snowy_slopes, MONSTER, minecraft:pillager, 10, 1, 2
962, towns_and_towers:pillager_outpost_snowy_taiga, HEADING, header:ignore, 0, 0, 0
963, towns_and_towers:pillager_outpost_snowy_taiga, MONSTER, minecraft:pillager, 10, 1, 2
964, towns_and_towers:pillager_outpost_sparse_jungle, HEADING, header:ignore, 0, 0, 0
965, towns_and_towers:pillager_outpost_sparse_jungle, MONSTER, minecraft:pillager, 10, 1, 2
966, towns_and_towers:pillager_outpost_sunflower_plains, HEADING, header:ignore, 0, 0, 0
967, towns_and_towers:pillager_outpost_sunflower_plains, MONSTER, minecraft:pillager, 10, 1, 2
968, ctov:pillager_outpost_swamp, HEADING, header:ignore, 0, 0, 0
969, ctov:pillager_outpost_swamp, MONSTER, minecraft:pillager, 10, 1, 1
970, ctov:pillager_outpost_swamp, MONSTER, minecraft:evoker, 10, 1, 1
971, ctov:pillager_outpost_swamp, MONSTER, minecraft:vindicator, 10, 1, 1
972, ctov:pillager_outpost_swamp, MONSTER, minecraft:witch, 10, 1, 1
973, towns_and_towers:pillager_outpost_swamp, HEADING, header:ignore, 0, 0, 0
974, towns_and_towers:pillager_outpost_swamp, MONSTER, minecraft:pillager, 10, 1, 2
975, ctov:pillager_outpost_taiga, HEADING, header:ignore, 0, 0, 0
976, ctov:pillager_outpost_taiga, MONSTER, minecraft:pillager, 10, 1, 1
977, ctov:pillager_outpost_taiga, MONSTER, minecraft:evoker, 10, 1, 1
978, ctov:pillager_outpost_taiga, MONSTER, minecraft:vindicator, 10, 1, 1
979, ctov:pillager_outpost_taiga, MONSTER, minecraft:witch, 10, 1, 1
980, towns_and_towers:pillager_outpost_taiga, HEADING, header:ignore, 0, 0, 0
981, towns_and_towers:pillager_outpost_taiga, MONSTER, minecraft:pillager, 10, 1, 2
982, towns_and_towers:pillager_outpost_wooded_badlands, HEADING, header:ignore, 0, 0, 0
983, towns_and_towers:pillager_outpost_wooded_badlands, MONSTER, minecraft:pillager, 10, 1, 2
984, galosphere:pink_salt_shrine, HEADING, header:ignore, 0, 0, 0
985, the_bumblezone:pirate_ship, HEADING, header:ignore, 0, 0, 0
986, integrated_villages:pirate_village, HEADING, header:ignore, 0, 0, 0
987, mes:placid_prairie, HEADING, header:ignore, 0, 0, 0
988, dungeons_arise:plague_asylum, HEADING, header:ignore, 0, 0, 0
989, lost_aether_content:platinum_dungeon, HEADING, header:ignore, 0, 0, 0
990, blue_skies:poison_dungeon, HEADING, header:ignore, 0, 0, 0
991, blue_skies:poison_dungeon, MONSTER, minecraft:cave_spider, 10, 1, 1
992, blue_skies:poison_dungeon, MONSTER, blue_skies:venom_spider, 10, 1, 1
993, the_bumblezone:pollinated_stream, HEADING, header:ignore, 0, 0, 0
994, biomeswevegone:prairie_house, HEADING, header:ignore, 0, 0, 0
995, philipsruins:pumpkin_ruins, HEADING, header:ignore, 0, 0, 0
996, philipsruins:pumpkin_ruins, MONSTER, minecraft:skeleton, 10, 2, 10
997, philipsruins:pumpkin_ruins, MONSTER, minecraft:zombie, 12, 5, 12
998, ad_astra:pygro_tower, HEADING, header:ignore, 0, 0, 0
999, ad_astra:pygro_village, HEADING, header:ignore, 0, 0, 0
1000, repurposed_structures:pyramid_badlands, HEADING, header:ignore, 0, 0, 0
1001, repurposed_structures:pyramid_dark_forest, HEADING, header:ignore, 0, 0, 0
1002, repurposed_structures:pyramid_end, HEADING, header:ignore, 0, 0, 0
1003, repurposed_structures:pyramid_flower_forest, HEADING, header:ignore, 0, 0, 0
1004, repurposed_structures:pyramid_giant_tree_taiga, HEADING, header:ignore, 0, 0, 0
1005, repurposed_structures:pyramid_icy, HEADING, header:ignore, 0, 0, 0
1006, repurposed_structures:pyramid_jungle, HEADING, header:ignore, 0, 0, 0
1007, repurposed_structures:pyramid_mushroom, HEADING, header:ignore, 0, 0, 0
1008, repurposed_structures:pyramid_nether, HEADING, header:ignore, 0, 0, 0
1009, repurposed_structures:pyramid_ocean, HEADING, header:ignore, 0, 0, 0
1010, repurposed_structures:pyramid_snowy, HEADING, header:ignore, 0, 0, 0
1011, irons_spellbooks:pyromancer_tower, HEADING, header:ignore, 0, 0, 0
1012, integrated_villages:quark/minka_village, HEADING, header:ignore, 0, 0, 0
1013, farmers_structures:quark_glimer, HEADING, header:ignore, 0, 0, 0
1014, farmers_structures:quark_jungle, HEADING, header:ignore, 0, 0, 0
1015, farmers_structures:quark_moss, HEADING, header:ignore, 0, 0, 0
1016, farmers_structures:quark_slime, HEADING, header:ignore, 0, 0, 0
1017, formationsnether:quartz_spikes, HEADING, header:ignore, 0, 0, 0
1018, twilightforest:quest_grove, HEADING, header:ignore, 0, 0, 0
1019, formationsoverworld:raft, HEADING, header:ignore, 0, 0, 0
1020, mvs:railway, HEADING, header:ignore, 0, 0, 0
1021, philipsruins:rare_ruin, HEADING, header:ignore, 0, 0, 0
1022, berries_and_cherries:raspberry_bush_structure, HEADING, header:ignore, 0, 0, 0
1023, biomeswevegone:red_rock_arch, HEADING, header:ignore, 0, 0, 0
1024, idas:redhorn_guild, HEADING, header:ignore, 0, 0, 0
1025, tetra:regular_ruin, HEADING, header:ignore, 0, 0, 0
1026, tetra:regular_ruin, MONSTER, minecraft:stray, 10, 4, 16
1027, formationsnether:respawn_anchor_altar, HEADING, header:ignore, 0, 0, 0
1028, formationsnether:rib_cage, HEADING, header:ignore, 0, 0, 0
1029, biomeswevegone:rugged_fossil, HEADING, header:ignore, 0, 0, 0
1030, mes:ruined_pillar, HEADING, header:ignore, 0, 0, 0
1031, ars_additions:ruined_portal, HEADING, header:ignore, 0, 0, 0
1032, minecraft:ruined_portal, HEADING, header:ignore, 0, 0, 0
1033, minecraft:ruined_portal_desert, HEADING, header:ignore, 0, 0, 0
1034, repurposed_structures:ruined_portal_end, HEADING, header:ignore, 0, 0, 0
1035, minecraft:ruined_portal_jungle, HEADING, header:ignore, 0, 0, 0
1036, ars_additions:ruined_portal_large, HEADING, header:ignore, 0, 0, 0
1037, minecraft:ruined_portal_mountain, HEADING, header:ignore, 0, 0, 0
1038, minecraft:ruined_portal_nether, HEADING, header:ignore, 0, 0, 0
1039, minecraft:ruined_portal_ocean, HEADING, header:ignore, 0, 0, 0
1040, minecraft:ruined_portal_ocean, WATER_AMBIENT, fishofthieves:wrecker, 50, 4, 8
1041, minecraft:ruined_portal_swamp, HEADING, header:ignore, 0, 0, 0
1042, graveyard:ruins, HEADING, header:ignore, 0, 0, 0
1043, graveyard:ruins, MONSTER, graveyard:skeleton_creeper, 35, 1, 1
1044, graveyard:ruins, MONSTER, graveyard:revenant, 45, 1, 3
1045, graveyard:ruins, MONSTER, graveyard:ghoul, 50, 1, 2
1046, mvs:ruins/castle_ruins, HEADING, header:ignore, 0, 0, 0
1047, mvs:ruins/log_ruin, HEADING, header:ignore, 0, 0, 0
1048, mvs:ruins/ruined_beacon, HEADING, header:ignore, 0, 0, 0
1049, mvs:ruins/small_ruin, HEADING, header:ignore, 0, 0, 0
1050, mvs:ruins/statue_ruins, HEADING, header:ignore, 0, 0, 0
1051, mvs:ruins/stone_pillars, HEADING, header:ignore, 0, 0, 0
1052, mvs:ruins/tree_monument, HEADING, header:ignore, 0, 0, 0
1053, repurposed_structures:ruins_land_cold, HEADING, header:ignore, 0, 0, 0
1054, repurposed_structures:ruins_land_hot, HEADING, header:ignore, 0, 0, 0
1055, repurposed_structures:ruins_land_icy, HEADING, header:ignore, 0, 0, 0
1056, repurposed_structures:ruins_land_warm, HEADING, header:ignore, 0, 0, 0
1057, repurposed_structures:ruins_nether, HEADING, header:ignore, 0, 0, 0
1058, idas:ruins_of_the_deep, HEADING, header:ignore, 0, 0, 0
1059, netherexp:sanctum, HEADING, header:ignore, 0, 0, 0
1060, netherexp:sanctum, MONSTER, minecraft:skeleton, 10, 1, 3
1061, netherexp:sanctum, MONSTER, netherexp:vessel, 10, 1, 2
1062, netherexp:sanctum, MONSTER, netherexp:banshee, 10, 1, 1
1063, netherexp:sanctum, MONSTER, netherexp:apparition, 10, 1, 1
1064, additionalstructures:scarecrow, HEADING, header:ignore, 0, 0, 0
1065, mna:scatter/lonely_tower, HEADING, header:ignore, 0, 0, 0
1066, mna:scatter/potion_hut, HEADING, header:ignore, 0, 0, 0
1067, mna:scatter/research_outpost_swamp, HEADING, header:ignore, 0, 0, 0
1068, mna:scatter/respawn_altar, HEADING, header:ignore, 0, 0, 0
1069, mna:scatter/ritual_circle_desert, HEADING, header:ignore, 0, 0, 0
1070, mna:scatter/ritual_circle_forest, HEADING, header:ignore, 0, 0, 0
1071, mna:scatter/ritual_circle_tundra, HEADING, header:ignore, 0, 0, 0
1072, mna:scatter/winter_tower, HEADING, header:ignore, 0, 0, 0
1073, mna:scatter/wistful_runesmith, HEADING, header:ignore, 0, 0, 0
1074, dungeons_arise:scorched_mines, HEADING, header:ignore, 0, 0, 0
1075, philipsruins:sculk_dungeon, HEADING, header:ignore, 0, 0, 0
1076, philipsruins:sealedruinedghaststatue1, HEADING, header:ignore, 0, 0, 0
1077, fishofthieves:seapost, HEADING, header:ignore, 0, 0, 0
1078, the_bumblezone:sempiternal_sanctum_blue, HEADING, header:ignore, 0, 0, 0
1079, the_bumblezone:sempiternal_sanctum_green, HEADING, header:ignore, 0, 0, 0
1080, the_bumblezone:sempiternal_sanctum_purple, HEADING, header:ignore, 0, 0, 0
1081, the_bumblezone:sempiternal_sanctum_red, HEADING, header:ignore, 0, 0, 0
1082, the_bumblezone:sempiternal_sanctum_white, HEADING, header:ignore, 0, 0, 0
1083, the_bumblezone:sempiternal_sanctum_yellow, HEADING, header:ignore, 0, 0, 0
1084, biomeswevegone:sharpened_rock, HEADING, header:ignore, 0, 0, 0
1085, mvs:shed, HEADING, header:ignore, 0, 0, 0
1086, minecraft:shipwreck, HEADING, header:ignore, 0, 0, 0
1087, minecraft:shipwreck, MONSTER, alexsmobs:skelewag, 15, 1, 2
1088, minecraft:shipwreck, WATER_AMBIENT, fishofthieves:wrecker, 50, 4, 8
1089, revamped_shipwrecks:shipwreck, HEADING, header:ignore, 0, 0, 0
1090, minecraft:shipwreck_beached, HEADING, header:ignore, 0, 0, 0
1091, revamped_shipwrecks:shipwreck_beached, HEADING, header:ignore, 0, 0, 0
1092, repurposed_structures:shipwreck_crimson, HEADING, header:ignore, 0, 0, 0
1093, repurposed_structures:shipwreck_crimson, MONSTER, minecraft:wither_skeleton, 10, 1, 1
1094, repurposed_structures:shipwreck_end, HEADING, header:ignore, 0, 0, 0
1095, repurposed_structures:shipwreck_nether_bricks, HEADING, header:ignore, 0, 0, 0
1096, repurposed_structures:shipwreck_nether_bricks, MONSTER, minecraft:wither_skeleton, 10, 1, 1
1097, repurposed_structures:shipwreck_warped, HEADING, header:ignore, 0, 0, 0
1098, repurposed_structures:shipwreck_warped, MONSTER, minecraft:wither_skeleton, 10, 1, 1
1099, dungeons_arise:shiraz_palace, HEADING, header:ignore, 0, 0, 0
1100, explorations:shrine, HEADING, header:ignore, 0, 0, 0
1101, aether:silver_dungeon, HEADING, header:ignore, 0, 0, 0
1102, betterdungeons:skeleton_dungeon, HEADING, header:ignore, 0, 0, 0
1103, betterdungeons:skeleton_dungeon, MONSTER, minecraft:skeleton, 80, 4, 15
1104, tconstruct:sky_slime_island, HEADING, header:ignore, 0, 0, 0
1105, tconstruct:sky_slime_island, MONSTER, tconstruct:sky_slime, 10, 3, 4
1106, explorations:slime_cave, HEADING, header:ignore, 0, 0, 0
1107, ctov:small/village_beach, HEADING, header:ignore, 0, 0, 0
1108, ctov:small/village_christmas, HEADING, header:ignore, 0, 0, 0
1109, ctov:small/village_dark_forest, HEADING, header:ignore, 0, 0, 0
1110, ctov:small/village_desert, HEADING, header:ignore, 0, 0, 0
1111, ctov:small/village_desert_oasis, HEADING, header:ignore, 0, 0, 0
1112, ctov:small/village_jungle, HEADING, header:ignore, 0, 0, 0
1113, ctov:small/village_jungle_tree, HEADING, header:ignore, 0, 0, 0
1114, ctov:small/village_mesa, HEADING, header:ignore, 0, 0, 0
1115, ctov:small/village_mesa_fortified, HEADING, header:ignore, 0, 0, 0
1116, ctov:small/village_mountain, HEADING, header:ignore, 0, 0, 0
1117, ctov:small/village_mountain_alpine, HEADING, header:ignore, 0, 0, 0
1118, ctov:small/village_mushroom, HEADING, header:ignore, 0, 0, 0
1119, ctov:small/village_plains, HEADING, header:ignore, 0, 0, 0
1120, ctov:small/village_plains_fortified, HEADING, header:ignore, 0, 0, 0
1121, ctov:small/village_savanna, HEADING, header:ignore, 0, 0, 0
1122, ctov:small/village_savanna_na, HEADING, header:ignore, 0, 0, 0
1123, ctov:small/village_snowy_igloo, HEADING, header:ignore, 0, 0, 0
1124, ctov:small/village_swamp, HEADING, header:ignore, 0, 0, 0
1125, ctov:small/village_swamp_fortified, HEADING, header:ignore, 0, 0, 0
1126, ctov:small/village_taiga, HEADING, header:ignore, 0, 0, 0
1127, ctov:small/village_taiga_fortified, HEADING, header:ignore, 0, 0, 0
1128, ctov:small/village_underground, HEADING, header:ignore, 0, 0, 0
1129, dungeons_arise:small_blimp, HEADING, header:ignore, 0, 0, 0
1130, graveyard:small_desert_grave, HEADING, header:ignore, 0, 0, 0
1131, graveyard:small_desert_graveyard, HEADING, header:ignore, 0, 0, 0
1132, graveyard:small_desert_graveyard, MONSTER, minecraft:vindicator, 10, 1, 1
1133, graveyard:small_desert_graveyard, MONSTER, minecraft:pillager, 10, 1, 1
1134, betterdungeons:small_dungeon, HEADING, header:ignore, 0, 0, 0
1135, formationsnether:small_fire_arena, HEADING, header:ignore, 0, 0, 0
1136, graveyard:small_grave, HEADING, header:ignore, 0, 0, 0
1137, graveyard:small_graveyard, HEADING, header:ignore, 0, 0, 0
1138, graveyard:small_graveyard, MONSTER, graveyard:skeleton_creeper, 35, 1, 1
1139, graveyard:small_graveyard, MONSTER, graveyard:revenant, 45, 1, 3
1140, graveyard:small_graveyard, MONSTER, graveyard:ghoul, 50, 1, 2
1141, twilightforest:small_hollow_hill, HEADING, header:ignore, 0, 0, 0
1142, formationsoverworld:small_house, HEADING, header:ignore, 0, 0, 0
1143, formationsnether:small_lava_arena, HEADING, header:ignore, 0, 0, 0
1144, formationsnether:small_lava_shrine, HEADING, header:ignore, 0, 0, 0
1145, graveyard:small_mountain_grave, HEADING, header:ignore, 0, 0, 0
1146, mns:small_nether_brick, HEADING, header:ignore, 0, 0, 0
1147, betterdungeons:small_nether_dungeon, HEADING, header:ignore, 0, 0, 0
1148, formationsnether:small_pedestal, HEADING, header:ignore, 0, 0, 0
1149, mvs:small_pillager_tower, HEADING, header:ignore, 0, 0, 0
1150, dungeons_arise:small_prairie_house, HEADING, header:ignore, 0, 0, 0
1151, graveyard:small_savanna_grave, HEADING, header:ignore, 0, 0, 0
1152, mvs:small_ship, HEADING, header:ignore, 0, 0, 0
1153, formationsoverworld:small_statue, HEADING, header:ignore, 0, 0, 0
1154, formationsoverworld:small_temple, HEADING, header:ignore, 0, 0, 0
1155, tinkersconstructstructures:smelting_camp, HEADING, header:ignore, 0, 0, 0
1156, tinkersconstructstructures:smelting_furnace, HEADING, header:ignore, 0, 0, 0
1157, tinkersconstructstructures:smelting_furnace_upgrade, HEADING, header:ignore, 0, 0, 0
1158, tinkersconstructstructures:smelting_house, HEADING, header:ignore, 0, 0, 0
1159, tinkersconstructstructures:smelting_quartz, HEADING, header:ignore, 0, 0, 0
1160, mns:smoking_shrine, HEADING, header:ignore, 0, 0, 0
1161, idas:snifferhenge, HEADING, header:ignore, 0, 0, 0
1162, alexscaves:soda_bottle, HEADING, header:ignore, 0, 0, 0
1163, illagerinvasion:sorcerer_hut, HEADING, header:ignore, 0, 0, 0
1164, formationsnether:sphere_cage, HEADING, header:ignore, 0, 0, 0
1165, betterdungeons:spider_dungeon, HEADING, header:ignore, 0, 0, 0
1166, betterdungeons:spider_dungeon, MONSTER, minecraft:spider, 80, 4, 15
1167, betterdungeons:spider_dungeon, MONSTER, minecraft:cave_spider, 50, 4, 8
1168, ars_nouveau:stalker_wilden_den, HEADING, header:ignore, 0, 0, 0
1169, ars_nouveau:stalker_wilden_den, MONSTER, ars_nouveau:wilden_stalker, 10, 3, 3
1170, mvs:stall/blue_stall, HEADING, header:ignore, 0, 0, 0
1171, mvs:stall/orange_stall, HEADING, header:ignore, 0, 0, 0
1172, mvs:stall/pink_stall, HEADING, header:ignore, 0, 0, 0
1173, mvs:stall/red_stall, HEADING, header:ignore, 0, 0, 0
1174, ars_elemental:starbuncle_shrine, HEADING, header:ignore, 0, 0, 0
1175, mes:starlight_voyager, HEADING, header:ignore, 0, 0, 0
1176, philipsruins:start_nether_dungeon, HEADING, header:ignore, 0, 0, 0
1177, philipsruins:start_nether_ruin, HEADING, header:ignore, 0, 0, 0
1178, distant_worlds:sticky_marshes_monument_structure, HEADING, header:ignore, 0, 0, 0
1179, distant_worlds:sticky_marshes_tower_structure, HEADING, header:ignore, 0, 0, 0
1180, the_bumblezone:stinger_spear_shrine, HEADING, header:ignore, 0, 0, 0
1181, mvs:stone_fountain, HEADING, header:ignore, 0, 0, 0
1182, formationsoverworld:stone_ore_spikes, HEADING, header:ignore, 0, 0, 0
1183, formationsoverworld:stone_tower, HEADING, header:ignore, 0, 0, 0
1184, eidolon:stray_tower, HEADING, header:ignore, 0, 0, 0
1185, eidolon:stray_tower, MONSTER, minecraft:stray, 30, 1, 5
1186, betterstrongholds:stronghold, HEADING, header:ignore, 0, 0, 0
1187, minecraft:stronghold, HEADING, header:ignore, 0, 0, 0
1188, minecraft:stronghold, WATER_AMBIENT, fishofthieves:ancientscale, 12, 4, 8
1189, minecraft:stronghold, WATER_AMBIENT, fishofthieves:plentifin, 12, 4, 8
1190, repurposed_structures:stronghold_end, HEADING, header:ignore, 0, 0, 0
1191, repurposed_structures:stronghold_end, MONSTER, minecraft:endermite, 80, 2, 4
1192, repurposed_structures:stronghold_nether, HEADING, header:ignore, 0, 0, 0
1193, repurposed_structures:stronghold_nether, MONSTER, minecraft:blaze, 10, 2, 3
1194, repurposed_structures:stronghold_nether, MONSTER, minecraft:zombified_piglin, 10, 4, 4
1195, repurposed_structures:stronghold_nether, MONSTER, minecraft:wither_skeleton, 10, 5, 5
1196, repurposed_structures:stronghold_nether, MONSTER, minecraft:skeleton, 10, 5, 5
1197, repurposed_structures:stronghold_nether, MONSTER, minecraft:magma_cube, 10, 4, 4
1198, the_bumblezone:subway, HEADING, header:ignore, 0, 0, 0
1199, idas:sunken_ship/sunken_ship, HEADING, header:ignore, 0, 0, 0
1200, idas:sunken_ship/sunken_ship, MONSTER, quark:wraith, 10, 1, 2
1201, idas:sunken_ship/sunken_ship_coral, HEADING, header:ignore, 0, 0, 0
1202, idas:sunken_ship/sunken_ship_coral, MONSTER, quark:wraith, 10, 1, 2
1203, idas:sunken_ship/sunken_ship_ruins, HEADING, header:ignore, 0, 0, 0
1204, mvs:sunzi_gate, HEADING, header:ignore, 0, 0, 0
1205, farmers_structures:sushi, HEADING, header:ignore, 0, 0, 0
1206, bloomingnature:swamp_hut, HEADING, header:ignore, 0, 0, 0
1207, bloomingnature:swamp_hut, CREATURE, minecraft:witch, 10, 1, 4
1208, minecraft:swamp_hut, HEADING, header:ignore, 0, 0, 0
1209, minecraft:swamp_hut, MONSTER, minecraft:witch, 10, 1, 1
1210, minecraft:swamp_hut, CREATURE, minecraft:cat, 10, 1, 1
1211, bloomingnature:swamp_ruin_1, HEADING, header:ignore, 0, 0, 0
1212, bloomingnature:swamp_ruin_1, CREATURE, minecraft:witch, 10, 1, 4
1213, bloomingnature:swamp_ruin_2, HEADING, header:ignore, 0, 0, 0
1214, bloomingnature:swamp_ruin_2, CREATURE, minecraft:witch, 10, 1, 4
1215, bloomingnature:swamp_ruin_3, HEADING, header:ignore, 0, 0, 0
1216, bloomingnature:swamp_ruin_3, CREATURE, minecraft:witch, 10, 1, 4
1217, integrated_villages:tavern_village, HEADING, header:ignore, 0, 0, 0
1218, the_afterdark:teleport_altar, HEADING, header:ignore, 0, 0, 0
1219, repurposed_structures:temple_nether_basalt, HEADING, header:ignore, 0, 0, 0
1220, repurposed_structures:temple_nether_crimson, HEADING, header:ignore, 0, 0, 0
1221, repurposed_structures:temple_nether_soul, HEADING, header:ignore, 0, 0, 0
1222, repurposed_structures:temple_nether_warped, HEADING, header:ignore, 0, 0, 0
1223, repurposed_structures:temple_nether_wasteland, HEADING, header:ignore, 0, 0, 0
1224, repurposed_structures:temple_ocean, HEADING, header:ignore, 0, 0, 0
1225, repurposed_structures:temple_ocean, UNDERGROUND_WATER_CREATURE, minecraft:glow_squid, 10, 1, 2
1226, repurposed_structures:temple_ocean, WATER_AMBIENT, minecraft:pufferfish, 10, 1, 4
1227, repurposed_structures:temple_taiga, HEADING, header:ignore, 0, 0, 0
1228, conjurer_illager:theatre, HEADING, header:ignore, 0, 0, 0
1229, dungeons_arise:thornborn_towers, HEADING, header:ignore, 0, 0, 0
1230, the_bumblezone:throne_pillar, HEADING, header:ignore, 0, 0, 0
1231, idas:tinkers_citadel, HEADING, header:ignore, 0, 0, 0
1232, idas:tinkers_workshop, HEADING, header:ignore, 0, 0, 0
1233, formationsoverworld:tiny_house, HEADING, header:ignore, 0, 0, 0
1234, apotheosis:tower_leaf, HEADING, header:ignore, 0, 0, 0
1235, apotheosis:tower_main, HEADING, header:ignore, 0, 0, 0
1236, formationsoverworld:tower_remnant, HEADING, header:ignore, 0, 0, 0
1237, apotheosis:tower_sand, HEADING, header:ignore, 0, 0, 0
1238, apotheosis:tower_spruce, HEADING, header:ignore, 0, 0, 0
1239, minecraft:trail_ruins, HEADING, header:ignore, 0, 0, 0
1240, idas:train_ruins, HEADING, header:ignore, 0, 0, 0
1241, idas:tree_of_wisdom, HEADING, header:ignore, 0, 0, 0
1242, bloomingnature:tree_stump, HEADING, header:ignore, 0, 0, 0
1243, idas:treetop_tavern, HEADING, header:ignore, 0, 0, 0
1244, scguns:trench, HEADING, header:ignore, 0, 0, 0
1245, twilightforest:troll_cave, HEADING, header:ignore, 0, 0, 0
1246, dungeons_arise:typhon, HEADING, header:ignore, 0, 0, 0
1247, mowziesmobs:umvuthana_grove, HEADING, header:ignore, 0, 0, 0
1248, dungeons_arise:undead_pirate_ship, HEADING, header:ignore, 0, 0, 0
1249, farmers_structures:undergarden_sea, HEADING, header:ignore, 0, 0, 0
1250, alexscaves:underground_cabin, HEADING, header:ignore, 0, 0, 0
1251, idas:underground_camp/underground_camp, HEADING, header:ignore, 0, 0, 0
1252, idas:underground_camp/underground_camp_deep, HEADING, header:ignore, 0, 0, 0
1253, philipsruins:underground_structures, HEADING, header:ignore, 0, 0, 0
1254, philipsruins:underground_structures, MONSTER, minecraft:wither_skeleton, 10, 1, 5
1255, explorations:underground_temple, HEADING, header:ignore, 0, 0, 0
1256, explorations:underground_temple, MONSTER, minecraft:illusioner, 80, 4, 9
1257, explorations:underground_temple, MONSTER, minecraft:pillager, 80, 4, 9
1258, explorations:underground_temple, MONSTER, minecraft:vindicator, 80, 4, 9
1259, ad_astra:venus_bullet, HEADING, header:ignore, 0, 0, 0
1260, mns:very_small_blackstone, HEADING, header:ignore, 0, 0, 0
1261, mns:very_small_blackstone_2, HEADING, header:ignore, 0, 0, 0
1262, mns:very_small_blackstone_3, HEADING, header:ignore, 0, 0, 0
1263, mns:very_small_blackstone_4, HEADING, header:ignore, 0, 0, 0
1264, mns:very_small_nether_brick, HEADING, header:ignore, 0, 0, 0
1265, mns:very_small_nether_brick_2, HEADING, header:ignore, 0, 0, 0
1266, mns:very_small_nether_brick_3, HEADING, header:ignore, 0, 0, 0
1267, biomeswevegone:village/forgotten, HEADING, header:ignore, 0, 0, 0
1268, biomeswevegone:village/pumpkin_patch, HEADING, header:ignore, 0, 0, 0
1269, biomeswevegone:village/red_rock, HEADING, header:ignore, 0, 0, 0
1270, biomeswevegone:village/salem, HEADING, header:ignore, 0, 0, 0
1271, biomeswevegone:village/skyris, HEADING, header:ignore, 0, 0, 0
1272, repurposed_structures:village_badlands, HEADING, header:ignore, 0, 0, 0
1273, towns_and_towers:village_badlands, HEADING, header:ignore, 0, 0, 0
1274, repurposed_structures:village_bamboo, HEADING, header:ignore, 0, 0, 0
1275, towns_and_towers:village_beach, HEADING, header:ignore, 0, 0, 0
1276, repurposed_structures:village_birch, HEADING, header:ignore, 0, 0, 0
1277, towns_and_towers:village_birch_forest, HEADING, header:ignore, 0, 0, 0
1278, blue_skies:village_brightlands, HEADING, header:ignore, 0, 0, 0
1279, blue_skies:village_calming_skies, HEADING, header:ignore, 0, 0, 0
1280, repurposed_structures:village_cherry, HEADING, header:ignore, 0, 0, 0
1281, repurposed_structures:village_crimson, HEADING, header:ignore, 0, 0, 0
1282, blue_skies:village_crystal_dunes, HEADING, header:ignore, 0, 0, 0
1283, repurposed_structures:village_dark_forest, HEADING, header:ignore, 0, 0, 0
1284, minecraft:village_desert, HEADING, header:ignore, 0, 0, 0
1285, towns_and_towers:village_flower_forest, HEADING, header:ignore, 0, 0, 0
1286, towns_and_towers:village_forest, HEADING, header:ignore, 0, 0, 0
1287, repurposed_structures:village_giant_taiga, HEADING, header:ignore, 0, 0, 0
1288, towns_and_towers:village_grove, HEADING, header:ignore, 0, 0, 0
1289, repurposed_structures:village_jungle, HEADING, header:ignore, 0, 0, 0
1290, towns_and_towers:village_jungle, HEADING, header:ignore, 0, 0, 0
1291, towns_and_towers:village_meadow, HEADING, header:ignore, 0, 0, 0
1292, repurposed_structures:village_mountains, HEADING, header:ignore, 0, 0, 0
1293, repurposed_structures:village_mushroom, HEADING, header:ignore, 0, 0, 0
1294, towns_and_towers:village_mushroom_fields, HEADING, header:ignore, 0, 0, 0
1295, repurposed_structures:village_oak, HEADING, header:ignore, 0, 0, 0
1296, repurposed_structures:village_ocean, HEADING, header:ignore, 0, 0, 0
1297, towns_and_towers:village_ocean, HEADING, header:ignore, 0, 0, 0
1298, towns_and_towers:village_old_growth_taiga, HEADING, header:ignore, 0, 0, 0
1299, minecraft:village_plains, HEADING, header:ignore, 0, 0, 0
1300, minecraft:village_savanna, HEADING, header:ignore, 0, 0, 0
1301, towns_and_towers:village_savanna_plateau, HEADING, header:ignore, 0, 0, 0
1302, blue_skies:village_shaded_woodlands, HEADING, header:ignore, 0, 0, 0
1303, blue_skies:village_slushlands, HEADING, header:ignore, 0, 0, 0
1304, minecraft:village_snowy, HEADING, header:ignore, 0, 0, 0
1305, towns_and_towers:village_snowy_slopes, HEADING, header:ignore, 0, 0, 0
1306, towns_and_towers:village_snowy_taiga, HEADING, header:ignore, 0, 0, 0
1307, towns_and_towers:village_sparse_jungle, HEADING, header:ignore, 0, 0, 0
1308, towns_and_towers:village_sunflower_plains, HEADING, header:ignore, 0, 0, 0
1309, blue_skies:village_sunset_maple_forest, HEADING, header:ignore, 0, 0, 0
1310, repurposed_structures:village_swamp, HEADING, header:ignore, 0, 0, 0
1311, towns_and_towers:village_swamp, HEADING, header:ignore, 0, 0, 0
1312, minecraft:village_taiga, HEADING, header:ignore, 0, 0, 0
1313, repurposed_structures:village_warped, HEADING, header:ignore, 0, 0, 0
1314, villagesandpillages:village_witch, HEADING, header:ignore, 0, 0, 0
1315, villagesandpillages:village_witch, MONSTER, minecraft:witch, 10, 4, 8
1316, villagesandpillages:village_witch, CREATURE, minecraft:cat, 10, 2, 4
1317, towns_and_towers:village_wooded_badlands, HEADING, header:ignore, 0, 0, 0
1318, alexscaves:volcano, HEADING, header:ignore, 0, 0, 0
1319, formationsoverworld:wagon, HEADING, header:ignore, 0, 0, 0
1320, mns:warped_pool, HEADING, header:ignore, 0, 0, 0
1321, hearths:warped_tower, HEADING, header:ignore, 0, 0, 0
1322, hearths:warped_tower, MONSTER, minecraft:enderman, 10, 1, 2
1323, hearths:warped_tower, MONSTER, minecraft:piglin, 10, 3, 5
1324, hearths:warped_tower, MONSTER, minecraft:magma_cube, 10, 4, 4
1325, idas:washing_camp, HEADING, header:ignore, 0, 0, 0
1326, supplementaries:way_sign, HEADING, header:ignore, 0, 0, 0
1327, malum:weeping_well, HEADING, header:ignore, 0, 0, 0
1328, formationsoverworld:well, HEADING, header:ignore, 0, 0, 0
1329, mvs:well/rare_well, HEADING, header:ignore, 0, 0, 0
1330, mvs:well/small_copper_well, HEADING, header:ignore, 0, 0, 0
1331, mvs:well/small_tower_well, HEADING, header:ignore, 0, 0, 0
1332, mvs:well/small_well, HEADING, header:ignore, 0, 0, 0
1333, mvs:well/well, HEADING, header:ignore, 0, 0, 0
1334, mvs:well/wells/acacia_well, HEADING, header:ignore, 0, 0, 0
1335, mvs:well/wells/birch_well, HEADING, header:ignore, 0, 0, 0
1336, mvs:well/wells/dark_oak_well, HEADING, header:ignore, 0, 0, 0
1337, mvs:well/wells/desert_well, HEADING, header:ignore, 0, 0, 0
1338, mvs:well/wells/end_well, HEADING, header:ignore, 0, 0, 0
1339, mvs:well/wells/jungle_well, HEADING, header:ignore, 0, 0, 0
1340, mvs:well/wells/mushroom_well, HEADING, header:ignore, 0, 0, 0
1341, mvs:well/wells/nether_well, HEADING, header:ignore, 0, 0, 0
1342, mvs:well/wells/oak_well, HEADING, header:ignore, 0, 0, 0
1343, mvs:well/wells/rocky_well, HEADING, header:ignore, 0, 0, 0
1344, mvs:well/wells/snowy_well, HEADING, header:ignore, 0, 0, 0
1345, mvs:well/wells/spruce_well, HEADING, header:ignore, 0, 0, 0
1346, distant_worlds:wiltum_tree_tower_structure, HEADING, header:ignore, 0, 0, 0
1347, idas:winter_wagon, HEADING, header:ignore, 0, 0, 0
1348, dungeons_arise:wishing_well, HEADING, header:ignore, 0, 0, 0
1349, betterwitchhuts:witch_circle, HEADING, header:ignore, 0, 0, 0
1350, betterwitchhuts:witch_circle, MONSTER, minecraft:witch, 10, 1, 1
1351, betterwitchhuts:witch_circle, CREATURE, minecraft:cat, 10, 1, 1
1352, betterwitchhuts:witch_hut, HEADING, header:ignore, 0, 0, 0
1353, betterwitchhuts:witch_hut, MONSTER, minecraft:witch, 10, 1, 1
1354, betterwitchhuts:witch_hut, CREATURE, minecraft:cat, 10, 1, 1
1355, hexerei:witch_hut, HEADING, header:ignore, 0, 0, 0
1356, repurposed_structures:witch_hut_birch, HEADING, header:ignore, 0, 0, 0
1357, repurposed_structures:witch_hut_birch, MONSTER, minecraft:witch, 10, 1, 1
1358, repurposed_structures:witch_hut_birch, CREATURE, minecraft:cat, 10, 1, 1
1359, repurposed_structures:witch_hut_dark_forest, HEADING, header:ignore, 0, 0, 0
1360, repurposed_structures:witch_hut_dark_forest, MONSTER, minecraft:witch, 10, 1, 1
1361, repurposed_structures:witch_hut_dark_forest, CREATURE, minecraft:cat, 10, 1, 1
1362, repurposed_structures:witch_hut_giant_tree_taiga, HEADING, header:ignore, 0, 0, 0
1363, repurposed_structures:witch_hut_giant_tree_taiga, MONSTER, minecraft:witch, 10, 1, 1
1364, repurposed_structures:witch_hut_giant_tree_taiga, CREATURE, minecraft:cat, 10, 1, 1
1365, repurposed_structures:witch_hut_mangrove, HEADING, header:ignore, 0, 0, 0
1366, repurposed_structures:witch_hut_mangrove, MONSTER, minecraft:witch, 10, 1, 1
1367, repurposed_structures:witch_hut_mangrove, CREATURE, minecraft:cat, 10, 1, 1
1368, repurposed_structures:witch_hut_oak, HEADING, header:ignore, 0, 0, 0
1369, repurposed_structures:witch_hut_oak, MONSTER, minecraft:witch, 10, 1, 1
1370, repurposed_structures:witch_hut_oak, CREATURE, minecraft:cat, 10, 1, 1
1371, repurposed_structures:witch_hut_taiga, HEADING, header:ignore, 0, 0, 0
1372, repurposed_structures:witch_hut_taiga, MONSTER, minecraft:witch, 10, 1, 1
1373, repurposed_structures:witch_hut_taiga, CREATURE, minecraft:cat, 10, 1, 1
1374, formationsoverworld:witch_tower, HEADING, header:ignore, 0, 0, 0
1375, idas:witches_treestump, HEADING, header:ignore, 0, 0, 0
1376, idas:witches_treestump, MONSTER, minecraft:witch, 10, 1, 1
1377, idas:witches_treestump, CREATURE, minecraft:cat, 10, 1, 1
1378, idas:wizard_tower, HEADING, header:ignore, 0, 0, 0
1379, towns_and_towers:wreckage_ocean, HEADING, header:ignore, 0, 0, 0
1380, mowziesmobs:wrought_chamber, HEADING, header:ignore, 0, 0, 0
1381, twilightforest:yeti_cave, HEADING, header:ignore, 0, 0, 0
1382, youkaishomecoming:youkai_nest, HEADING, header:ignore, 0, 0, 0
1383, youkaishomecoming:youkai_nest, MONSTER, youkaishomecoming:rumia, 10, 1, 1
1384, betterdungeons:zombie_dungeon, HEADING, header:ignore, 0, 0, 0
1385, betterdungeons:zombie_dungeon, MONSTER, minecraft:zombie, 80, 4, 15
