* This is the StructMobWeight report file that is output every time the server starts.
* 
* Spawn Balance Utility (SBU) will use this file ONLY if it is renamed to StructMobWeight.csv.
* Lines starting with '*' are comments and ignored
* It allows you to add and remove mobs and adjust their spawnweights for Structures
* like shipwrecks, nether fortresses, water monuments, etc.
* 
1, idas:abandoned_lighthouse, HEADING, header:ignore, 0, 0, 0
2, biomeswevegone:abandoned_prairie_house, HEADING, header:ignore, 0, 0, 0
3, dungeons_arise:abandoned_temple, HEADING, header:ignore, 0, 0, 0
4, dungeons_arise:abandoned_temple, MONSTER, minecraft:stray, 10, 1, 1
5, idas:abandonedhouse, HEADING, header:ignore, 0, 0, 0
6, alexscaves:abyssal_ruins, HEADING, header:ignore, 0, 0, 0
7, alexscaves:abyssal_ruins, MONSTER, alexscaves:mine_guardian, 20, 1, 2
8, alexscaves:acid_pit, HEADING, header:ignore, 0, 0, 0
9, farmers_structures:aether, HEADING, header:ignore, 0, 0, 0
10, integrated_villages:airship_village, HEADING, header:ignore, 0, 0, 0
11, graveyard:altar, HEADING, header:ignore, 0, 0, 0
12, irons_spellbooks:ancient_battleground, HEADING, header:ignore, 0, 0, 0
13, minecraft:ancient_city, HEADING, header:ignore, 0, 0, 0
14, repurposed_structures:ancient_city_end, HEADING, header:ignore, 0, 0, 0
15, repurposed_structures:ancient_city_end, MONSTER, minecraft:phantom, 10, 1, 1
16, repurposed_structures:ancient_city_end, MONSTER, minecraft:endermite, 10, 3, 7
17, repurposed_structures:ancient_city_nether, HEADING, header:ignore, 0, 0, 0
18, repurposed_structures:ancient_city_nether, MONSTER, minecraft:ghast, 10, 6, 10
19, repurposed_structures:ancient_city_nether, MONSTER, minecraft:wither_skeleton, 10, 1, 3
20, repurposed_structures:ancient_city_ocean, HEADING, header:ignore, 0, 0, 0
21, repurposed_structures:ancient_city_ocean, MONSTER, minecraft:drowned, 10, 2, 5
22, philipsruins:ancient_crypt, HEADING, header:ignore, 0, 0, 0
23, philipsruins:ancient_dungeon, HEADING, header:ignore, 0, 0, 0
24, philipsruins:ancient_dungeon, MONSTER, minecraft:zombie, 10, 4, 12
25, the_bumblezone:ancient_hoops, HEADING, header:ignore, 0, 0, 0
26, idas:ancient_mines, HEADING, header:ignore, 0, 0, 0
27, idas:ancient_mines, MONSTER, minecraft:silverfish, 10, 1, 1
28, idas:ancient_mines, MONSTER, quark:wraith, 10, 1, 1
29, idas:ancient_portal/ancient_portal, HEADING, header:ignore, 0, 0, 0
30, idas:ancient_portal/ancient_portal, MONSTER, minecraft:silverfish, 10, 1, 4
31, idas:ancient_portal/ancient_portal, MONSTER, quark:wraith, 10, 1, 4
32, idas:ancient_portal/nether_ancient_portal, HEADING, header:ignore, 0, 0, 0
33, idas:ancient_portal/nether_ancient_portal, MONSTER, quark:wraith, 10, 1, 1
34, philipsruins:ancient_ruins, HEADING, header:ignore, 0, 0, 0
35, philipsruins:ancient_ruins, MONSTER, minecraft:zombie, 12, 5, 12
36, the_bumblezone:ancient_shrine, HEADING, header:ignore, 0, 0, 0
37, idas:ancient_statue/ancient_statue_desert, HEADING, header:ignore, 0, 0, 0
38, idas:ancient_statue/ancient_statue_jungle, HEADING, header:ignore, 0, 0, 0
39, idas:ancient_statue/ancient_statue_plains, HEADING, header:ignore, 0, 0, 0
40, deeperdarker:ancient_temple, HEADING, header:ignore, 0, 0, 0
41, philipsruins:ancient_towers, HEADING, header:ignore, 0, 0, 0
42, philipsruins:ancient_towers, MONSTER, minecraft:zombie, 12, 5, 20
43, mythicbotany:andwari_cave, HEADING, header:ignore, 0, 0, 0
44, idas:animal_den/forest_den, HEADING, header:ignore, 0, 0, 0
45, idas:animal_den/foxhound_den, HEADING, header:ignore, 0, 0, 0
46, idas:animal_den/polar_bear_den, HEADING, header:ignore, 0, 0, 0
47, philipsruins:antiquus_crypta, HEADING, header:ignore, 0, 0, 0
48, philipsruins:antiquus_crypta, MONSTER, minecraft:skeleton, 15, 5, 15
49, philipsruins:antiquus_crypta, MONSTER, minecraft:zombie, 15, 7, 15
50, idas:apothecary_abode, HEADING, header:ignore, 0, 0, 0
51, farmers_structures:aquaculture_beach, HEADING, header:ignore, 0, 0, 0
52, farmers_structures:aquaculture_carp, HEADING, header:ignore, 0, 0, 0
53, farmers_structures:aquaculture_common, HEADING, header:ignore, 0, 0, 0
54, ars_additions:arcane_library, HEADING, header:ignore, 0, 0, 0
55, ars_additions:arcane_library, MONSTER, ars_nouveau:wilden_guardian, 10, 5, 10
56, ars_additions:arcane_library, MONSTER, ars_nouveau:wilden_stalker, 10, 5, 10
57, ars_additions:arcane_library, MONSTER, ars_nouveau:wilden_hunter, 10, 5, 10
58, idas:ars_nouveau/archmages_tower, HEADING, header:ignore, 0, 0, 0
59, scguns:asgharian_citadel, HEADING, header:ignore, 0, 0, 0
60, scguns:asgharian_tower, HEADING, header:ignore, 0, 0, 0
61, biomeswevegone:aspen_manor_1, HEADING, header:ignore, 0, 0, 0
62, biomeswevegone:aspen_manor_1, MONSTER, minecraft:vindicator, 25, 2, 4
63, biomeswevegone:aspen_manor_2, HEADING, header:ignore, 0, 0, 0
64, biomeswevegone:aspen_manor_2, MONSTER, minecraft:vindicator, 25, 2, 4
65, mes:astral_hideaway, HEADING, header:ignore, 0, 0, 0
66, mes:astral_meteorite, HEADING, header:ignore, 0, 0, 0
67, twilightforest:aurora_palace, HEADING, header:ignore, 0, 0, 0
68, dungeons_arise:aviary, HEADING, header:ignore, 0, 0, 0
69, dungeons_arise:aviary, MONSTER, minecraft:phantom, 60, 2, 3
70, hexerei:baba_yaga_hut, HEADING, header:ignore, 0, 0, 0
71, philipsruins:badlands_start_dungeon, HEADING, header:ignore, 0, 0, 0
72, philipsruins:badlands_structures, HEADING, header:ignore, 0, 0, 0
73, formationsoverworld:bamboo_hut, HEADING, header:ignore, 0, 0, 0
74, dungeons_arise:bandit_towers, HEADING, header:ignore, 0, 0, 0
75, dungeons_arise:bandit_village, HEADING, header:ignore, 0, 0, 0
76, formationsnether:basalt_hut, HEADING, header:ignore, 0, 0, 0
77, takesapillage:bastille, HEADING, header:ignore, 0, 0, 0
78, minecraft:bastion_remnant, HEADING, header:ignore, 0, 0, 0
79, repurposed_structures:bastion_underground, HEADING, header:ignore, 0, 0, 0
80, repurposed_structures:bastion_underground, MONSTER, minecraft:skeleton, 10, 1, 4
81, dungeons_arise:bathhouse, HEADING, header:ignore, 0, 0, 0
82, the_bumblezone:battle_cubes, HEADING, header:ignore, 0, 0, 0
83, idas:bazaar, HEADING, header:ignore, 0, 0, 0
84, mvs:beach_bar, HEADING, header:ignore, 0, 0, 0
85, idas:bearclaw_inn, HEADING, header:ignore, 0, 0, 0
86, the_bumblezone:bee_house, HEADING, header:ignore, 0, 0, 0
87, the_bumblezone:bee_house, CREATURE, minecraft:bee, 10, 1, 1
88, idas:beekeepers_house, HEADING, header:ignore, 0, 0, 0
89, formationsnether:blackstone_castle, HEADING, header:ignore, 0, 0, 0
90, formationsnether:blackstone_remnant, HEADING, header:ignore, 0, 0, 0
91, tconstruct:blood_island, HEADING, header:ignore, 0, 0, 0
92, tconstruct:blood_island, MONSTER, minecraft:magma_cube, 10, 4, 6
93, philipsruins:bone_dungeon, HEADING, header:ignore, 0, 0, 0
94, philipsruins:bone_dungeon, MONSTER, minecraft:skeleton, 10, 2, 8
95, philipsruins:bone_dungeon, MONSTER, minecraft:husk, 10, 5, 10
96, deep_aether:brass_dungeon, HEADING, header:ignore, 0, 0, 0
97, brewery:brewfest_tent, HEADING, header:ignore, 0, 0, 0
98, idas:brickhouse, HEADING, header:ignore, 0, 0, 0
99, aether:bronze_dungeon, HEADING, header:ignore, 0, 0, 0
100, minecraft:buried_treasure, HEADING, header:ignore, 0, 0, 0
101, distant_worlds:burning_plains_monument_structure, HEADING, header:ignore, 0, 0, 0
102, distant_worlds:burning_plains_tower_structure, HEADING, header:ignore, 0, 0, 0
103, integrated_villages:cabin_village, HEADING, header:ignore, 0, 0, 0
104, mna:caches/largearcane, HEADING, header:ignore, 0, 0, 0
105, mna:caches/largearcane_broken, HEADING, header:ignore, 0, 0, 0
106, mna:caches/smallarcane, HEADING, header:ignore, 0, 0, 0
107, mna:caches/smallarcane_broken, HEADING, header:ignore, 0, 0, 0
108, alexscaves:cake_cave, HEADING, header:ignore, 0, 0, 0
109, explorations:campsite, HEADING, header:ignore, 0, 0, 0
110, formationsnether:campsite, HEADING, header:ignore, 0, 0, 0
111, formationsoverworld:campsite, HEADING, header:ignore, 0, 0, 0
112, the_bumblezone:candle_parkour, HEADING, header:ignore, 0, 0, 0
113, the_bumblezone:cannon_range, HEADING, header:ignore, 0, 0, 0
114, mvs:cartographer_tower, HEADING, header:ignore, 0, 0, 0
115, mvs:carts/cart, HEADING, header:ignore, 0, 0, 0
116, mvs:carts/large_cart_1, HEADING, header:ignore, 0, 0, 0
117, mvs:carts/large_cart_2, HEADING, header:ignore, 0, 0, 0
118, mvs:carts/medium_bamboo_cart, HEADING, header:ignore, 0, 0, 0
119, idas:castle, HEADING, header:ignore, 0, 0, 0
120, bygonenether:catacomb, HEADING, header:ignore, 0, 0, 0
121, bygonenether:catacomb, MONSTER, minecraft:magma_cube, 10, 1, 1
122, eidolon:catacomb, HEADING, header:ignore, 0, 0, 0
123, eidolon:catacomb, MONSTER, eidolon:giant_skeleton, 60, 1, 5
124, irons_spellbooks:catacombs, HEADING, header:ignore, 0, 0, 0
125, irons_spellbooks:catacombs, MONSTER, irons_spellbooks:catacombs_zombie, 10, 1, 1
126, irons_spellbooks:catacombs, MONSTER, minecraft:skeleton, 10, 1, 1
127, irons_spellbooks:catacombs, MONSTER, irons_spellbooks:necromancer, 10, 1, 1
128, undergarden:catacombs, HEADING, header:ignore, 0, 0, 0
129, undergarden:catacombs, MONSTER, undergarden:forgotten, 10, 1, 1
130, mvs:cathedral, HEADING, header:ignore, 0, 0, 0
131, mvs:cathedral, MONSTER, minecraft:skeleton, 10, 1, 2
132, mvs:cathedral, MONSTER, minecraft:zombie, 10, 2, 5
133, bloomingnature:cave, HEADING, header:ignore, 0, 0, 0
134, bloomingnature:cave, CREATURE, minecraft:witch, 10, 1, 4
135, the_bumblezone:cell_maze, HEADING, header:ignore, 0, 0, 0
136, dungeons_arise:ceryneian_hind, HEADING, header:ignore, 0, 0, 0
137, netherexp:chapel, HEADING, header:ignore, 0, 0, 0
138, formationsnether:checkerboard_temple, HEADING, header:ignore, 0, 0, 0
139, berries_and_cherries:cherry_tree_structure, HEADING, header:ignore, 0, 0, 0
140, the_bumblezone:cherry_veteran_tree, HEADING, header:ignore, 0, 0, 0
141, mns:circle_blackstone, HEADING, header:ignore, 0, 0, 0
142, mns:circle_nether_brick, HEADING, header:ignore, 0, 0, 0
143, bygonenether:citadel, HEADING, header:ignore, 0, 0, 0
144, bygonenether:citadel, MONSTER, bygonenether:warped_enderman, 10, 1, 1
145, bygonenether:citadel, MONSTER, minecraft:enderman, 10, 1, 1
146, friendsandfoes:citadel, HEADING, header:ignore, 0, 0, 0
147, friendsandfoes:citadel, MONSTER, minecraft:blaze, 10, 1, 2
148, repurposed_structures:city_nether, HEADING, header:ignore, 0, 0, 0
149, repurposed_structures:city_nether, MONSTER, minecraft:wither_skeleton, 10, 2, 3
150, repurposed_structures:city_nether, MONSTER, minecraft:blaze, 80, 1, 4
151, repurposed_structures:city_overworld, HEADING, header:ignore, 0, 0, 0
152, tconstruct:clay_island, HEADING, header:ignore, 0, 0, 0
153, tconstruct:clay_island, MONSTER, tconstruct:terracube, 10, 2, 4
154, integrated_villages:clockwork_village, HEADING, header:ignore, 0, 0, 0
155, born_in_chaos_v1:clown_caravan_plains, HEADING, header:ignore, 0, 0, 0
156, born_in_chaos_v1:clown_caravan_savanna, HEADING, header:ignore, 0, 0, 0
157, born_in_chaos_v1:clown_caravan_taiga, HEADING, header:ignore, 0, 0, 0
158, dungeons_arise:coliseum, HEADING, header:ignore, 0, 0, 0
159, farmers_structures:cook, HEADING, header:ignore, 0, 0, 0
160, farmers_structures:cook_moss, HEADING, header:ignore, 0, 0, 0
161, farmers_structures:cook_nether_1, HEADING, header:ignore, 0, 0, 0
162, farmers_structures:cook_nether_2, HEADING, header:ignore, 0, 0, 0
163, formationsoverworld:copper_spire, HEADING, header:ignore, 0, 0, 0
164, bloomingnature:cottage, HEADING, header:ignore, 0, 0, 0
165, idas:cottage, HEADING, header:ignore, 0, 0, 0
166, hearths:crimson_tower, HEADING, header:ignore, 0, 0, 0
167, hearths:crimson_tower, MONSTER, minecraft:blaze, 10, 1, 2
168, hearths:crimson_tower, MONSTER, minecraft:piglin, 10, 3, 5
169, hearths:crimson_tower, MONSTER, minecraft:magma_cube, 10, 4, 4
170, graveyard:crypt, HEADING, header:ignore, 0, 0, 0
171, graveyard:crypt, MONSTER, graveyard:acolyte, 25, 1, 1
172, graveyard:crypt, MONSTER, graveyard:corrupted_vindicator, 35, 1, 3
173, graveyard:crypt, MONSTER, graveyard:corrupted_pillager, 35, 1, 3
174, mvs:crystal, HEADING, header:ignore, 0, 0, 0
175, the_bumblezone:dance_floor, HEADING, header:ignore, 0, 0, 0
176, the_bumblezone:dance_floor, CREATURE, minecraft:bee, 10, 1, 1
177, hexerei:dark_coven, HEADING, header:ignore, 0, 0, 0
178, evilcraft:dark_temple, HEADING, header:ignore, 0, 0, 0
179, twilightforest:dark_tower, HEADING, header:ignore, 0, 0, 0
180, born_in_chaos_v1:dark_tower_forest, HEADING, header:ignore, 0, 0, 0
181, born_in_chaos_v1:dark_tower_plain, HEADING, header:ignore, 0, 0, 0
182, born_in_chaos_v1:dark_tower_taiga, HEADING, header:ignore, 0, 0, 0
183, graveyard:dead_tree, HEADING, header:ignore, 0, 0, 0
184, mvs:dead_tree/acacia, HEADING, header:ignore, 0, 0, 0
185, mvs:dead_tree/birch, HEADING, header:ignore, 0, 0, 0
186, mvs:dead_tree/cherry, HEADING, header:ignore, 0, 0, 0
187, mvs:dead_tree/dark_oak, HEADING, header:ignore, 0, 0, 0
188, mvs:dead_tree/jungle, HEADING, header:ignore, 0, 0, 0
189, mvs:dead_tree/mangrove, HEADING, header:ignore, 0, 0, 0
190, mvs:dead_tree/oak, HEADING, header:ignore, 0, 0, 0
191, mvs:dead_tree/spruce, HEADING, header:ignore, 0, 0, 0
192, distant_worlds:dead_valley_monument_structure, HEADING, header:ignore, 0, 0, 0
193, distant_worlds:dead_valley_tower_structure, HEADING, header:ignore, 0, 0, 0
194, call_of_yucutan:deadly_crypt, HEADING, header:ignore, 0, 0, 0
195, idas:desert_camp/desert_camp, HEADING, header:ignore, 0, 0, 0
196, idas:desert_camp/desert_camp_bygwindswept, HEADING, header:ignore, 0, 0, 0
197, idas:desert_camp/desert_camp_orange, HEADING, header:ignore, 0, 0, 0
198, idas:desert_camp/desert_camp_red, HEADING, header:ignore, 0, 0, 0
199, formationsoverworld:desert_houses, HEADING, header:ignore, 0, 0, 0
200, idas:desert_market/desert_market, HEADING, header:ignore, 0, 0, 0
201, idas:desert_market/desert_market_orange, HEADING, header:ignore, 0, 0, 0
202, idas:desert_market/desert_market_red, HEADING, header:ignore, 0, 0, 0
203, idas:desert_pyramid, HEADING, header:ignore, 0, 0, 0
204, minecraft:desert_pyramid, HEADING, header:ignore, 0, 0, 0
205, explorations:desert_ruin, HEADING, header:ignore, 0, 0, 0
206, philipsruins:desert_structures, HEADING, header:ignore, 0, 0, 0
207, philipsruins:desert_structures, MONSTER, minecraft:husk, 15, 5, 15
208, netherexp:devils_bluff, HEADING, header:ignore, 0, 0, 0
209, idas:dig_site/dig_site, HEADING, header:ignore, 0, 0, 0
210, idas:dig_site/dig_site_desert, HEADING, header:ignore, 0, 0, 0
211, alexscaves:dino_bowl, HEADING, header:ignore, 0, 0, 0
212, alexscaves:donut_arch, HEADING, header:ignore, 0, 0, 0
213, biomeswevegone:dripstone_arch, HEADING, header:ignore, 0, 0, 0
214, tconstruct:earth_slime_island, HEADING, header:ignore, 0, 0, 0
215, tconstruct:earth_slime_island, MONSTER, minecraft:slime, 10, 4, 4
216, idas:enchantingtower, HEADING, header:ignore, 0, 0, 0
217, minecraft:end_city, HEADING, header:ignore, 0, 0, 0
218, minecraft:end_city, MONSTER, alexsmobs:mimicube, 40, 1, 3
219, philipsruins:end_gate_fortress, HEADING, header:ignore, 0, 0, 0
220, philipsruins:end_gate_fortress, MONSTER, minecraft:enderman, 15, 5, 15
221, philipsruins:end_ruins, HEADING, header:ignore, 0, 0, 0
222, tconstruct:end_slime_island, HEADING, header:ignore, 0, 0, 0
223, tconstruct:end_slime_island, MONSTER, tconstruct:ender_slime, 10, 4, 4
224, mes:ender_spire, HEADING, header:ignore, 0, 0, 0
225, mes:enderbloom_grove, HEADING, header:ignore, 0, 0, 0
226, mes:enderkeep_courtyard, HEADING, header:ignore, 0, 0, 0
227, mes:enderpin_spikes, HEADING, header:ignore, 0, 0, 0
228, mes:enderskog, HEADING, header:ignore, 0, 0, 0
229, mes:enderwatch_tower, HEADING, header:ignore, 0, 0, 0
230, mes:endscraps, HEADING, header:ignore, 0, 0, 0
231, blue_skies:everbright_blinding_dungeon, HEADING, header:ignore, 0, 0, 0
232, blue_skies:everdawn_blinding_dungeon, HEADING, header:ignore, 0, 0, 0
233, irons_spellbooks:evoker_fort, HEADING, header:ignore, 0, 0, 0
234, irons_spellbooks:evoker_fort, MONSTER, minecraft:pillager, 10, 2, 3
235, irons_spellbooks:evoker_fort, MONSTER, minecraft:vindicator, 10, 4, 4
236, towns_and_towers:exclusives/pillager_outpost_classic, HEADING, header:ignore, 0, 0, 0
237, towns_and_towers:exclusives/pillager_outpost_classic, MONSTER, minecraft:pillager, 10, 1, 2
238, towns_and_towers:exclusives/pillager_outpost_iberian, HEADING, header:ignore, 0, 0, 0
239, towns_and_towers:exclusives/pillager_outpost_iberian, MONSTER, minecraft:pillager, 10, 1, 2
240, towns_and_towers:exclusives/pillager_outpost_mediterranean, HEADING, header:ignore, 0, 0, 0
241, towns_and_towers:exclusives/pillager_outpost_mediterranean, MONSTER, minecraft:pillager, 10, 1, 2
242, towns_and_towers:exclusives/pillager_outpost_oriental, HEADING, header:ignore, 0, 0, 0
243, towns_and_towers:exclusives/pillager_outpost_oriental, MONSTER, minecraft:pillager, 10, 1, 2
244, towns_and_towers:exclusives/pillager_outpost_rustic, HEADING, header:ignore, 0, 0, 0
245, towns_and_towers:exclusives/pillager_outpost_rustic, MONSTER, minecraft:pillager, 10, 1, 2
246, towns_and_towers:exclusives/pillager_outpost_swedish, HEADING, header:ignore, 0, 0, 0
247, towns_and_towers:exclusives/pillager_outpost_swedish, MONSTER, minecraft:pillager, 10, 1, 2
248, towns_and_towers:exclusives/pillager_outpost_tudor, HEADING, header:ignore, 0, 0, 0
249, towns_and_towers:exclusives/pillager_outpost_tudor, MONSTER, minecraft:pillager, 10, 1, 2
250, towns_and_towers:exclusives/village_classic, HEADING, header:ignore, 0, 0, 0
251, towns_and_towers:exclusives/village_iberian, HEADING, header:ignore, 0, 0, 0
252, towns_and_towers:exclusives/village_mediterranean, HEADING, header:ignore, 0, 0, 0
253, towns_and_towers:exclusives/village_nilotic, HEADING, header:ignore, 0, 0, 0
254, towns_and_towers:exclusives/village_piglin, HEADING, header:ignore, 0, 0, 0
255, towns_and_towers:exclusives/village_piglin, MONSTER, minecraft:piglin, 10, 6, 8
256, towns_and_towers:exclusives/village_piglin, MONSTER, minecraft:piglin_brute, 10, 2, 3
257, towns_and_towers:exclusives/village_rustic, HEADING, header:ignore, 0, 0, 0
258, towns_and_towers:exclusives/village_swedish, HEADING, header:ignore, 0, 0, 0
259, towns_and_towers:exclusives/village_tudor, HEADING, header:ignore, 0, 0, 0
260, towns_and_towers:exclusives/village_wandering_trader_camp, HEADING, header:ignore, 0, 0, 0
261, tetra:extractor_ruin, HEADING, header:ignore, 0, 0, 0
262, mna:faction/boss/cathedral, HEADING, header:ignore, 0, 0, 0
263, mna:faction/boss/council_island, HEADING, header:ignore, 0, 0, 0
264, mna:faction/boss/demon_arena, HEADING, header:ignore, 0, 0, 0
265, mna:faction/boss/fey_tree, HEADING, header:ignore, 0, 0, 0
266, mna:faction/council_library, HEADING, header:ignore, 0, 0, 0
267, mna:faction/council_library, MONSTER, mna:witch_hunter, 10, 1, 3
268, mna:faction/council_library, MONSTER, mna:spell_breaker, 10, 1, 3
269, mna:faction/demon_fortress, HEADING, header:ignore, 0, 0, 0
270, mna:faction/demon_fortress, MONSTER, mna:lantern_wraith, 10, 1, 3
271, mna:faction/demon_fortress, MONSTER, mna:demon_imp, 10, 1, 3
272, mna:faction/fairy_glade, HEADING, header:ignore, 0, 0, 0
273, mna:faction/fairy_glade, MONSTER, mna:pixie, 10, 1, 3
274, mna:faction/fairy_glade, MONSTER, mna:mushroom_soldier, 10, 1, 3
275, mna:faction/undead_crypt, HEADING, header:ignore, 0, 0, 0
276, mna:faction/undead_crypt, MONSTER, mna:hulking_zombie, 10, 1, 2
277, mna:faction/undead_crypt, MONSTER, mna:skeleton_assassin, 10, 1, 3
278, born_in_chaos_v1:farm, HEADING, header:ignore, 0, 0, 0
279, idas:farmhouse, HEADING, header:ignore, 0, 0, 0
280, formationsoverworld:farmland_field, HEADING, header:ignore, 0, 0, 0
281, alexscaves:ferrocave, HEADING, header:ignore, 0, 0, 0
282, philipsruins:field_stone_ruins, HEADING, header:ignore, 0, 0, 0
283, philipsruins:field_stone_ruins, MONSTER, minecraft:skeleton, 10, 2, 10
284, philipsruins:field_stone_ruins, MONSTER, minecraft:zombie, 12, 5, 12
285, philipsruins:field_stone_ruins_rocks, HEADING, header:ignore, 0, 0, 0
286, twilightforest:final_castle, HEADING, header:ignore, 0, 0, 0
287, illagerinvasion:firecaller_hut, HEADING, header:ignore, 0, 0, 0
288, born_in_chaos_v1:firewell, HEADING, header:ignore, 0, 0, 0
289, idas:fishermans_lodge, HEADING, header:ignore, 0, 0, 0
290, tide:fishing_boat, HEADING, header:ignore, 0, 0, 0
291, dungeons_arise:fishing_hut, HEADING, header:ignore, 0, 0, 0
292, formationsnether:flaming_pillar, HEADING, header:ignore, 0, 0, 0
293, explorations:floating_island, HEADING, header:ignore, 0, 0, 0
294, undergarden:forgotten_vestige, HEADING, header:ignore, 0, 0, 0
295, explorations:forgotten_well, HEADING, header:ignore, 0, 0, 0
296, alexscaves:forlorn_bridge, HEADING, header:ignore, 0, 0, 0
297, alexscaves:forlorn_canyon, HEADING, header:ignore, 0, 0, 0
298, betterfortresses:fortress, HEADING, header:ignore, 0, 0, 0
299, betterfortresses:fortress, MONSTER, minecraft:blaze, 10, 2, 3
300, betterfortresses:fortress, MONSTER, minecraft:zombified_piglin, 10, 4, 4
301, betterfortresses:fortress, MONSTER, minecraft:wither_skeleton, 10, 5, 5
302, betterfortresses:fortress, MONSTER, minecraft:skeleton, 10, 5, 5
303, betterfortresses:fortress, MONSTER, minecraft:magma_cube, 10, 4, 4
304, minecraft:fortress, HEADING, header:ignore, 0, 0, 0
305, minecraft:fortress, MONSTER, minecraft:blaze, 10, 2, 3
306, minecraft:fortress, MONSTER, minecraft:zombified_piglin, 10, 4, 4
307, minecraft:fortress, MONSTER, minecraft:wither_skeleton, 10, 5, 5
308, minecraft:fortress, MONSTER, minecraft:skeleton, 10, 5, 5
309, minecraft:fortress, MONSTER, minecraft:magma_cube, 10, 4, 4
310, repurposed_structures:fortress_jungle, HEADING, header:ignore, 0, 0, 0
311, repurposed_structures:fortress_jungle, MONSTER, minecraft:wither_skeleton, 10, 1, 1
312, repurposed_structures:fortress_jungle, MONSTER, minecraft:skeleton, 10, 1, 3
313, repurposed_structures:fortress_jungle, MONSTER, minecraft:zombie, 10, 1, 4
314, repurposed_structures:fortress_jungle, MONSTER, minecraft:spider, 10, 1, 3
315, repurposed_structures:fortress_jungle, MONSTER, minecraft:creeper, 10, 1, 2
316, repurposed_structures:fortress_jungle, MONSTER, minecraft:enderman, 10, 1, 2
317, repurposed_structures:fortress_jungle, MONSTER, minecraft:witch, 10, 1, 2
318, dungeons_arise:foundry, HEADING, header:ignore, 0, 0, 0
319, formationsoverworld:fountain, HEADING, header:ignore, 0, 0, 0
320, mowziesmobs:frostmaw_spawn, HEADING, header:ignore, 0, 0, 0
321, blue_skies:frozen_bunker, HEADING, header:ignore, 0, 0, 0
322, idas:frozen_crypt, HEADING, header:ignore, 0, 0, 0
323, caupona:fumarole, HEADING, header:ignore, 0, 0, 0
324, mvs:gallows, HEADING, header:ignore, 0, 0, 0
325, distant_worlds:garsale_tree_tower_structure, HEADING, header:ignore, 0, 0, 0
326, blue_skies:gatekeeper_house_mountain, HEADING, header:ignore, 0, 0, 0
327, blue_skies:gatekeeper_house_plains, HEADING, header:ignore, 0, 0, 0
328, blue_skies:gatekeeper_house_snowy, HEADING, header:ignore, 0, 0, 0
329, the_bumblezone:gazebuzz_cluster, HEADING, header:ignore, 0, 0, 0
330, dungeons_arise:giant_mushroom, HEADING, header:ignore, 0, 0, 0
331, graveyard:giant_mushroom, HEADING, header:ignore, 0, 0, 0
332, alexscaves:gingerbread_town, HEADING, header:ignore, 0, 0, 0
333, alexscaves:gingerbread_town, MONSTER, alexscaves:gingerbread_man, 80, 4, 4
334, aether:gold_dungeon, HEADING, header:ignore, 0, 0, 0
335, the_bumblezone:goliath_honey_fountain, HEADING, header:ignore, 0, 0, 0
336, born_in_chaos_v1:grave_2003wise, HEADING, header:ignore, 0, 0, 0
337, born_in_chaos_v1:grave_darktitan, HEADING, header:ignore, 0, 0, 0
338, born_in_chaos_v1:grave_derivas, HEADING, header:ignore, 0, 0, 0
339, born_in_chaos_v1:grave_fubuki_banzai, HEADING, header:ignore, 0, 0, 0
340, born_in_chaos_v1:grave_orion, HEADING, header:ignore, 0, 0, 0
341, born_in_chaos_v1:grave_petasi, HEADING, header:ignore, 0, 0, 0
342, mns:grave_yard, HEADING, header:ignore, 0, 0, 0
343, formationsoverworld:graveyard, HEADING, header:ignore, 0, 0, 0
344, dungeons_arise:greenwood_pub, HEADING, header:ignore, 0, 0, 0
345, ars_nouveau:guardian_wilden_den, HEADING, header:ignore, 0, 0, 0
346, ars_nouveau:guardian_wilden_den, MONSTER, ars_nouveau:wilden_guardian, 10, 1, 3
347, youkaishomecoming:hakurei_shrine, HEADING, header:ignore, 0, 0, 0
348, the_bumblezone:hanging_garden, HEADING, header:ignore, 0, 0, 0
349, graveyard:haunted_house, HEADING, header:ignore, 0, 0, 0
350, idas:haunted_manor, HEADING, header:ignore, 0, 0, 0
351, idas:haunted_manor, MONSTER, quark:wraith, 10, 3, 4
352, dungeons_arise:heavenly_challenger, HEADING, header:ignore, 0, 0, 0
353, dungeons_arise:heavenly_conqueror, HEADING, header:ignore, 0, 0, 0
354, dungeons_arise:heavenly_rider, HEADING, header:ignore, 0, 0, 0
355, twilightforest:hedge_maze, HEADING, header:ignore, 0, 0, 0
356, idas:hermits_hollow, HEADING, header:ignore, 0, 0, 0
357, the_bumblezone:hive_temple, HEADING, header:ignore, 0, 0, 0
358, the_bumblezone:hive_temple, CREATURE, the_bumblezone:honey_slime, 10, 1, 1
359, formationsoverworld:hobbit_hole, HEADING, header:ignore, 0, 0, 0
360, the_bumblezone:honey_cave_room, HEADING, header:ignore, 0, 0, 0
361, the_bumblezone:honey_cave_room, CREATURE, the_bumblezone:beehemoth, 10, 1, 1
362, the_bumblezone:honey_fountain, HEADING, header:ignore, 0, 0, 0
363, the_bumblezone:honey_slime_ranch, HEADING, header:ignore, 0, 0, 0
364, the_bumblezone:honitel, HEADING, header:ignore, 0, 0, 0
365, the_bumblezone:honitel, CREATURE, minecraft:bee, 10, 1, 1
366, mvs:horse_pen, HEADING, header:ignore, 0, 0, 0
367, mvs:houses/azelea_house, HEADING, header:ignore, 0, 0, 0
368, mvs:houses/barn, HEADING, header:ignore, 0, 0, 0
369, mvs:houses/deepslate_house, HEADING, header:ignore, 0, 0, 0
370, mvs:houses/desert_house, HEADING, header:ignore, 0, 0, 0
371, mvs:houses/flower_hole, HEADING, header:ignore, 0, 0, 0
372, mvs:houses/house, HEADING, header:ignore, 0, 0, 0
373, mvs:houses/large_floating_island, HEADING, header:ignore, 0, 0, 0
374, mvs:houses/large_warped_tower, HEADING, header:ignore, 0, 0, 0
375, mvs:houses/medium_igloo_1, HEADING, header:ignore, 0, 0, 0
376, mvs:houses/medium_igloo_2, HEADING, header:ignore, 0, 0, 0
377, mvs:houses/small_igloo, HEADING, header:ignore, 0, 0, 0
378, mvs:houses/small_swamp_house, HEADING, header:ignore, 0, 0, 0
379, mvs:houses/tall_house, HEADING, header:ignore, 0, 0, 0
380, mvs:houses/warped_house, HEADING, header:ignore, 0, 0, 0
381, hunters_return:hunter_house, HEADING, header:ignore, 0, 0, 0
382, ars_nouveau:hunter_wilden_den, HEADING, header:ignore, 0, 0, 0
383, ars_nouveau:hunter_wilden_den, MONSTER, ars_nouveau:wilden_hunter, 10, 3, 3
384, idas:hunters_cabin, HEADING, header:ignore, 0, 0, 0
385, twilightforest:hydra_lair, HEADING, header:ignore, 0, 0, 0
386, the_bumblezone:ice_monolith, HEADING, header:ignore, 0, 0, 0
387, idas:iceandfire/dread_citadel, HEADING, header:ignore, 0, 0, 0
388, friendsandfoes:iceologer_cabin, HEADING, header:ignore, 0, 0, 0
389, friendsandfoes:iceologer_cabin, MONSTER, friendsandfoes:iceologer, 10, 1, 1
390, minecraft:igloo, HEADING, header:ignore, 0, 0, 0
391, repurposed_structures:igloo_grassy, HEADING, header:ignore, 0, 0, 0
392, repurposed_structures:igloo_mangrove, HEADING, header:ignore, 0, 0, 0
393, repurposed_structures:igloo_mushroom, HEADING, header:ignore, 0, 0, 0
394, repurposed_structures:igloo_stone, HEADING, header:ignore, 0, 0, 0
395, dungeons_arise:illager_campsite, HEADING, header:ignore, 0, 0, 0
396, dungeons_arise:illager_corsair, HEADING, header:ignore, 0, 0, 0
397, dungeons_arise:illager_fort, HEADING, header:ignore, 0, 0, 0
398, illagerinvasion:illager_fort, HEADING, header:ignore, 0, 0, 0
399, illagerinvasion:illager_fort, MONSTER, minecraft:pillager, 10, 1, 1
400, illagerinvasion:illager_fort, MONSTER, illagerinvasion:marauder, 10, 1, 1
401, illagerinvasion:illager_fort, MONSTER, illagerinvasion:basher, 10, 1, 1
402, illagerinvasion:illager_fort, MONSTER, illagerinvasion:provoker, 10, 1, 1
403, dungeons_arise:illager_galley, HEADING, header:ignore, 0, 0, 0
404, dungeons_arise:illager_windmill, HEADING, header:ignore, 0, 0, 0
405, friendsandfoes:illusioner_shack, HEADING, header:ignore, 0, 0, 0
406, friendsandfoes:illusioner_shack, MONSTER, minecraft:illusioner, 10, 1, 1
407, illagerinvasion:illusioner_tower, HEADING, header:ignore, 0, 0, 0
408, friendsandfoes:illusioner_training_grounds, HEADING, header:ignore, 0, 0, 0
409, friendsandfoes:illusioner_training_grounds, MONSTER, minecraft:illusioner, 10, 1, 1
410, friendsandfoes:illusioner_training_grounds, MONSTER, minecraft:pillager, 10, 1, 2
411, irons_spellbooks:impaled_icebreaker, HEADING, header:ignore, 0, 0, 0
412, born_in_chaos_v1:infernal_pumpkin, HEADING, header:ignore, 0, 0, 0
413, dungeons_arise:infested_temple, HEADING, header:ignore, 0, 0, 0
414, biomeswevegone:ironwood_gour_plateau, HEADING, header:ignore, 0, 0, 0
415, minecraft:jungle_pyramid, HEADING, header:ignore, 0, 0, 0
416, betterjungletemples:jungle_temple, HEADING, header:ignore, 0, 0, 0
417, explorations:jungle_temple, HEADING, header:ignore, 0, 0, 0
418, mvs:jungle_tower, HEADING, header:ignore, 0, 0, 0
419, dungeons_arise:jungle_tree_house, HEADING, header:ignore, 0, 0, 0
420, dungeons_arise:keep_kayra, HEADING, header:ignore, 0, 0, 0
421, twilightforest:knight_stronghold, HEADING, header:ignore, 0, 0, 0
422, integrated_villages:kutcha_village, HEADING, header:ignore, 0, 0, 0
423, eidolon:lab, HEADING, header:ignore, 0, 0, 0
424, idas:labyrinth, HEADING, header:ignore, 0, 0, 0
425, illagerinvasion:labyrinth, HEADING, header:ignore, 0, 0, 0
426, twilightforest:labyrinth, HEADING, header:ignore, 0, 0, 0
427, mvs:lantern/medium_oak_lantern, HEADING, header:ignore, 0, 0, 0
428, mvs:lantern/small_acacia_lantern, HEADING, header:ignore, 0, 0, 0
429, mvs:lantern/small_bamboo_lantern, HEADING, header:ignore, 0, 0, 0
430, mvs:lantern/small_birch_lantern, HEADING, header:ignore, 0, 0, 0
431, mvs:lantern/small_campfire_lantern, HEADING, header:ignore, 0, 0, 0
432, mvs:lantern/small_cherry_lantern, HEADING, header:ignore, 0, 0, 0
433, mvs:lantern/small_dark_oak_lantern, HEADING, header:ignore, 0, 0, 0
434, mvs:lantern/small_jungle_lantern, HEADING, header:ignore, 0, 0, 0
435, mvs:lantern/small_mangrove_lantern, HEADING, header:ignore, 0, 0, 0
436, mvs:lantern/small_oak_lantern, HEADING, header:ignore, 0, 0, 0
437, mvs:lantern/small_spruce_lantern, HEADING, header:ignore, 0, 0, 0
438, ctov:large/village_beach, HEADING, header:ignore, 0, 0, 0
439, ctov:large/village_christmas, HEADING, header:ignore, 0, 0, 0
440, ctov:large/village_dark_forest, HEADING, header:ignore, 0, 0, 0
441, ctov:large/village_desert, HEADING, header:ignore, 0, 0, 0
442, ctov:large/village_desert_oasis, HEADING, header:ignore, 0, 0, 0
443, ctov:large/village_jungle, HEADING, header:ignore, 0, 0, 0
444, ctov:large/village_jungle_tree, HEADING, header:ignore, 0, 0, 0
445, ctov:large/village_mesa, HEADING, header:ignore, 0, 0, 0
446, ctov:large/village_mesa_fortified, HEADING, header:ignore, 0, 0, 0
447, ctov:large/village_mountain, HEADING, header:ignore, 0, 0, 0
448, ctov:large/village_mountain_alpine, HEADING, header:ignore, 0, 0, 0
449, ctov:large/village_mushroom, HEADING, header:ignore, 0, 0, 0
450, ctov:large/village_plains, HEADING, header:ignore, 0, 0, 0
451, ctov:large/village_plains_fortified, HEADING, header:ignore, 0, 0, 0
452, ctov:large/village_savanna, HEADING, header:ignore, 0, 0, 0
453, ctov:large/village_savanna_na, HEADING, header:ignore, 0, 0, 0
454, ctov:large/village_snowy_igloo, HEADING, header:ignore, 0, 0, 0
455, ctov:large/village_swamp, HEADING, header:ignore, 0, 0, 0
456, ctov:large/village_swamp_fortified, HEADING, header:ignore, 0, 0, 0
457, ctov:large/village_taiga, HEADING, header:ignore, 0, 0, 0
458, ctov:large/village_taiga_fortified, HEADING, header:ignore, 0, 0, 0
459, ctov:large/village_underground, HEADING, header:ignore, 0, 0, 0
460, aether:large_aercloud, HEADING, header:ignore, 0, 0, 0
461, mns:large_blackstone_pillars, HEADING, header:ignore, 0, 0, 0
462, mns:large_blackstone_walls, HEADING, header:ignore, 0, 0, 0
463, biomeswevegone:large_cold_lake, HEADING, header:ignore, 0, 0, 0
464, biomeswevegone:large_cold_lake, WATER_AMBIENT, minecraft:salmon, 10, 4, 10
465, graveyard:large_graveyard, HEADING, header:ignore, 0, 0, 0
466, graveyard:large_graveyard, MONSTER, graveyard:skeleton_creeper, 35, 1, 1
467, graveyard:large_graveyard, MONSTER, graveyard:revenant, 45, 1, 3
468, graveyard:large_graveyard, MONSTER, graveyard:ghoul, 50, 2, 4
469, twilightforest:large_hollow_hill, HEADING, header:ignore, 0, 0, 0
470, formationsnether:large_house, HEADING, header:ignore, 0, 0, 0
471, mns:large_nether_brick, HEADING, header:ignore, 0, 0, 0
472, explorations:large_oak_tree, HEADING, header:ignore, 0, 0, 0
473, formationsnether:large_pedestal, HEADING, header:ignore, 0, 0, 0
474, formationsoverworld:large_temple, HEADING, header:ignore, 0, 0, 0
475, formationsnether:large_tree, HEADING, header:ignore, 0, 0, 0
476, mns:lava_pool, HEADING, header:ignore, 0, 0, 0
477, philipsruins:level_one_ruins, HEADING, header:ignore, 0, 0, 0
478, philipsruins:level_one_ruins, MONSTER, minecraft:skeleton, 10, 2, 10
479, philipsruins:level_one_ruins, MONSTER, minecraft:zombie, 12, 5, 12
480, philipsruins:level_three_ruins, HEADING, header:ignore, 0, 0, 0
481, philipsruins:level_two_ruins, HEADING, header:ignore, 0, 0, 0
482, philipsruins:level_two_ruins_pool, HEADING, header:ignore, 0, 0, 0
483, graveyard:lich_prison, HEADING, header:ignore, 0, 0, 0
484, twilightforest:lich_tower, HEADING, header:ignore, 0, 0, 0
485, alexscaves:licowitch_tower, HEADING, header:ignore, 0, 0, 0
486, alexscaves:licowitch_tower, MONSTER, alexscaves:licowitch, 70, 1, 1
487, alexscaves:licowitch_tower, MONSTER, minecraft:witch, 30, 1, 1
488, dungeons_arise:lighthouse, HEADING, header:ignore, 0, 0, 0
489, bloomingnature:little_house, HEADING, header:ignore, 0, 0, 0
490, mvs:log_pile/acacia_log_pile, HEADING, header:ignore, 0, 0, 0
491, mvs:log_pile/birch_log_pile, HEADING, header:ignore, 0, 0, 0
492, mvs:log_pile/dark_oak_log_pile, HEADING, header:ignore, 0, 0, 0
493, mvs:log_pile/jungle_log_pile, HEADING, header:ignore, 0, 0, 0
494, mvs:log_pile/oak_log_pile, HEADING, header:ignore, 0, 0, 0
495, mvs:log_pile/spruce_log_pile, HEADING, header:ignore, 0, 0, 0
496, formationsoverworld:log_shelter, HEADING, header:ignore, 0, 0, 0
497, formationsoverworld:log_spikes, HEADING, header:ignore, 0, 0, 0
498, explorations:logs, HEADING, header:ignore, 0, 0, 0
499, philipsruins:lost_soul_city, HEADING, header:ignore, 0, 0, 0
500, philipsruins:lost_soul_city, MONSTER, minecraft:wither_skeleton, 10, 1, 2
501, philipsruins:lost_soul_dungeon, HEADING, header:ignore, 0, 0, 0
502, philipsruins:lost_soul_dungeon, MONSTER, minecraft:wither_skeleton, 10, 1, 5
503, idas:lumber_camp/lumber_camp_acacia, HEADING, header:ignore, 0, 0, 0
504, idas:lumber_camp/lumber_camp_birch, HEADING, header:ignore, 0, 0, 0
505, idas:lumber_camp/lumber_camp_bopmahogany, HEADING, header:ignore, 0, 0, 0
506, idas:lumber_camp/lumber_camp_bopredwood, HEADING, header:ignore, 0, 0, 0
507, idas:lumber_camp/lumber_camp_bygmahogany, HEADING, header:ignore, 0, 0, 0
508, idas:lumber_camp/lumber_camp_bygredwood, HEADING, header:ignore, 0, 0, 0
509, idas:lumber_camp/lumber_camp_dark_oak, HEADING, header:ignore, 0, 0, 0
510, idas:lumber_camp/lumber_camp_jungle, HEADING, header:ignore, 0, 0, 0
511, idas:lumber_camp/lumber_camp_oak, HEADING, header:ignore, 0, 0, 0
512, idas:lumber_camp/lumber_camp_spruce, HEADING, header:ignore, 0, 0, 0
513, ad_astra:lunar_tower, HEADING, header:ignore, 0, 0, 0
514, ad_astra:lunarian_village, HEADING, header:ignore, 0, 0, 0
515, biomeswevegone:lush_arch, HEADING, header:ignore, 0, 0, 0
516, irons_spellbooks:mangrove_hut, HEADING, header:ignore, 0, 0, 0
517, minecraft:mansion, HEADING, header:ignore, 0, 0, 0
518, repurposed_structures:mansion_birch, HEADING, header:ignore, 0, 0, 0
519, repurposed_structures:mansion_desert, HEADING, header:ignore, 0, 0, 0
520, repurposed_structures:mansion_jungle, HEADING, header:ignore, 0, 0, 0
521, repurposed_structures:mansion_mangrove, HEADING, header:ignore, 0, 0, 0
522, repurposed_structures:mansion_oak, HEADING, header:ignore, 0, 0, 0
523, repurposed_structures:mansion_savanna, HEADING, header:ignore, 0, 0, 0
524, repurposed_structures:mansion_snowy, HEADING, header:ignore, 0, 0, 0
525, repurposed_structures:mansion_taiga, HEADING, header:ignore, 0, 0, 0
526, mes:manuscript_shrine, HEADING, header:ignore, 0, 0, 0
527, integrated_villages:marketstead_village, HEADING, header:ignore, 0, 0, 0
528, ad_astra:mars_temple, HEADING, header:ignore, 0, 0, 0
529, dungeons_arise:mechanical_nest, HEADING, header:ignore, 0, 0, 0
530, integrated_villages:mediterranean_village, HEADING, header:ignore, 0, 0, 0
531, ctov:medium/village_beach, HEADING, header:ignore, 0, 0, 0
532, ctov:medium/village_christmas, HEADING, header:ignore, 0, 0, 0
533, ctov:medium/village_dark_forest, HEADING, header:ignore, 0, 0, 0
534, ctov:medium/village_desert, HEADING, header:ignore, 0, 0, 0
535, ctov:medium/village_desert_oasis, HEADING, header:ignore, 0, 0, 0
536, ctov:medium/village_jungle, HEADING, header:ignore, 0, 0, 0
537, ctov:medium/village_jungle_tree, HEADING, header:ignore, 0, 0, 0
538, ctov:medium/village_mesa, HEADING, header:ignore, 0, 0, 0
539, ctov:medium/village_mesa_fortified, HEADING, header:ignore, 0, 0, 0
540, ctov:medium/village_mountain, HEADING, header:ignore, 0, 0, 0
541, ctov:medium/village_mountain_alpine, HEADING, header:ignore, 0, 0, 0
542, ctov:medium/village_mushroom, HEADING, header:ignore, 0, 0, 0
543, ctov:medium/village_plains, HEADING, header:ignore, 0, 0, 0
544, ctov:medium/village_plains_fortified, HEADING, header:ignore, 0, 0, 0
545, ctov:medium/village_savanna, HEADING, header:ignore, 0, 0, 0
546, ctov:medium/village_savanna_na, HEADING, header:ignore, 0, 0, 0
547, ctov:medium/village_snowy_igloo, HEADING, header:ignore, 0, 0, 0
548, ctov:medium/village_swamp, HEADING, header:ignore, 0, 0, 0
549, ctov:medium/village_swamp_fortified, HEADING, header:ignore, 0, 0, 0
550, ctov:medium/village_taiga, HEADING, header:ignore, 0, 0, 0
551, ctov:medium/village_taiga_fortified, HEADING, header:ignore, 0, 0, 0
552, ctov:medium/village_underground, HEADING, header:ignore, 0, 0, 0
553, mns:medium_blackstone, HEADING, header:ignore, 0, 0, 0
554, mns:medium_crimson_fungus, HEADING, header:ignore, 0, 0, 0
555, mns:medium_crimson_fungus_2, HEADING, header:ignore, 0, 0, 0
556, mns:medium_crimson_well, HEADING, header:ignore, 0, 0, 0
557, graveyard:medium_graveyard, HEADING, header:ignore, 0, 0, 0
558, graveyard:medium_graveyard, MONSTER, graveyard:skeleton_creeper, 35, 1, 1
559, graveyard:medium_graveyard, MONSTER, graveyard:revenant, 45, 1, 3
560, graveyard:medium_graveyard, MONSTER, graveyard:ghoul, 50, 2, 4
561, twilightforest:medium_hollow_hill, HEADING, header:ignore, 0, 0, 0
562, mns:medium_house, HEADING, header:ignore, 0, 0, 0
563, mns:medium_house_2, HEADING, header:ignore, 0, 0, 0
564, mns:medium_warped_fungus, HEADING, header:ignore, 0, 0, 0
565, mns:medium_warped_fungus_2, HEADING, header:ignore, 0, 0, 0
566, mns:medium_warped_well, HEADING, header:ignore, 0, 0, 0
567, netherexp:mega_fossil, HEADING, header:ignore, 0, 0, 0
568, netherexp:mega_fossil_campsite, HEADING, header:ignore, 0, 0, 0
569, netherexp:mega_fossil_campsite, MONSTER, minecraft:skeleton, 10, 1, 1
570, netherexp:mega_fossil_campsite, MONSTER, netherexp:vessel, 10, 1, 1
571, graveyard:memorial_tree, HEADING, header:ignore, 0, 0, 0
572, dungeons_arise:merchant_campsite, HEADING, header:ignore, 0, 0, 0
573, formationsoverworld:mesoamerican_temple, HEADING, header:ignore, 0, 0, 0
574, formationsoverworld:meteor, HEADING, header:ignore, 0, 0, 0
575, ae2:meteorite, HEADING, header:ignore, 0, 0, 0
576, towns_and_towers:mimic_desert, HEADING, header:ignore, 0, 0, 0
577, minecraft:mineshaft, HEADING, header:ignore, 0, 0, 0
578, minecraft:mineshaft, AMBIENT, alexsmobs:underminer, 50, 1, 1
579, minecraft:mineshaft, WATER_AMBIENT, fishofthieves:ancientscale, 12, 4, 8
580, minecraft:mineshaft, WATER_AMBIENT, fishofthieves:plentifin, 12, 4, 8
581, bettermineshafts:mineshaft_acacia, HEADING, header:ignore, 0, 0, 0
582, bettermineshafts:mineshaft_acacia, AMBIENT, alexsmobs:underminer, 50, 1, 1
583, bettermineshafts:mineshaft_acacia, WATER_AMBIENT, fishofthieves:ancientscale, 12, 4, 8
584, bettermineshafts:mineshaft_acacia, WATER_AMBIENT, fishofthieves:plentifin, 12, 4, 8
585, repurposed_structures:mineshaft_birch, HEADING, header:ignore, 0, 0, 0
586, repurposed_structures:mineshaft_birch, AMBIENT, alexsmobs:underminer, 50, 1, 1
587, repurposed_structures:mineshaft_birch, WATER_AMBIENT, fishofthieves:ancientscale, 12, 4, 8
588, repurposed_structures:mineshaft_birch, WATER_AMBIENT, fishofthieves:plentifin, 12, 4, 8
589, repurposed_structures:mineshaft_crimson, HEADING, header:ignore, 0, 0, 0
590, repurposed_structures:mineshaft_crimson, AMBIENT, alexsmobs:underminer, 50, 1, 1
591, repurposed_structures:mineshaft_crimson, WATER_AMBIENT, fishofthieves:ancientscale, 12, 4, 8
592, repurposed_structures:mineshaft_crimson, WATER_AMBIENT, fishofthieves:plentifin, 12, 4, 8
593, repurposed_structures:mineshaft_dark_forest, HEADING, header:ignore, 0, 0, 0
594, repurposed_structures:mineshaft_dark_forest, AMBIENT, alexsmobs:underminer, 50, 1, 1
595, repurposed_structures:mineshaft_dark_forest, WATER_AMBIENT, fishofthieves:ancientscale, 12, 4, 8
596, repurposed_structures:mineshaft_dark_forest, WATER_AMBIENT, fishofthieves:plentifin, 12, 4, 8
597, bettermineshafts:mineshaft_desert, HEADING, header:ignore, 0, 0, 0
598, bettermineshafts:mineshaft_desert, AMBIENT, alexsmobs:underminer, 50, 1, 1
599, bettermineshafts:mineshaft_desert, WATER_AMBIENT, fishofthieves:ancientscale, 12, 4, 8
600, bettermineshafts:mineshaft_desert, WATER_AMBIENT, fishofthieves:plentifin, 12, 4, 8
601, repurposed_structures:mineshaft_desert, HEADING, header:ignore, 0, 0, 0
602, repurposed_structures:mineshaft_desert, AMBIENT, alexsmobs:underminer, 50, 1, 1
603, repurposed_structures:mineshaft_desert, WATER_AMBIENT, fishofthieves:ancientscale, 12, 4, 8
604, repurposed_structures:mineshaft_desert, WATER_AMBIENT, fishofthieves:plentifin, 12, 4, 8
605, bettermineshafts:mineshaft_dripstone, HEADING, header:ignore, 0, 0, 0
606, bettermineshafts:mineshaft_dripstone, AMBIENT, alexsmobs:underminer, 50, 1, 1
607, bettermineshafts:mineshaft_dripstone, WATER_AMBIENT, fishofthieves:ancientscale, 12, 4, 8
608, bettermineshafts:mineshaft_dripstone, WATER_AMBIENT, fishofthieves:plentifin, 12, 4, 8
609, repurposed_structures:mineshaft_end, HEADING, header:ignore, 0, 0, 0
610, repurposed_structures:mineshaft_end, MONSTER, minecraft:endermite, 10, 2, 5
611, repurposed_structures:mineshaft_end, MONSTER, minecraft:enderman, 10, 1, 3
612, repurposed_structures:mineshaft_end, AMBIENT, alexsmobs:underminer, 50, 1, 1
613, repurposed_structures:mineshaft_end, WATER_AMBIENT, fishofthieves:ancientscale, 12, 4, 8
614, repurposed_structures:mineshaft_end, WATER_AMBIENT, fishofthieves:plentifin, 12, 4, 8
615, bettermineshafts:mineshaft_ice, HEADING, header:ignore, 0, 0, 0
616, bettermineshafts:mineshaft_ice, AMBIENT, alexsmobs:underminer, 50, 1, 1
617, bettermineshafts:mineshaft_ice, WATER_AMBIENT, fishofthieves:ancientscale, 12, 4, 8
618, bettermineshafts:mineshaft_ice, WATER_AMBIENT, fishofthieves:plentifin, 12, 4, 8
619, repurposed_structures:mineshaft_icy, HEADING, header:ignore, 0, 0, 0
620, repurposed_structures:mineshaft_icy, AMBIENT, alexsmobs:underminer, 50, 1, 1
621, repurposed_structures:mineshaft_icy, WATER_AMBIENT, fishofthieves:ancientscale, 12, 4, 8
622, repurposed_structures:mineshaft_icy, WATER_AMBIENT, fishofthieves:plentifin, 12, 4, 8
623, bettermineshafts:mineshaft_jungle, HEADING, header:ignore, 0, 0, 0
624, bettermineshafts:mineshaft_jungle, AMBIENT, alexsmobs:underminer, 50, 1, 1
625, bettermineshafts:mineshaft_jungle, WATER_AMBIENT, fishofthieves:ancientscale, 12, 4, 8
626, bettermineshafts:mineshaft_jungle, WATER_AMBIENT, fishofthieves:plentifin, 12, 4, 8
627, repurposed_structures:mineshaft_jungle, HEADING, header:ignore, 0, 0, 0
628, repurposed_structures:mineshaft_jungle, AMBIENT, alexsmobs:underminer, 50, 1, 1
629, repurposed_structures:mineshaft_jungle, WATER_AMBIENT, fishofthieves:ancientscale, 12, 4, 8
630, repurposed_structures:mineshaft_jungle, WATER_AMBIENT, fishofthieves:plentifin, 12, 4, 8
631, bettermineshafts:mineshaft_lush, HEADING, header:ignore, 0, 0, 0
632, bettermineshafts:mineshaft_lush, AMBIENT, alexsmobs:underminer, 50, 1, 1
633, bettermineshafts:mineshaft_lush, WATER_AMBIENT, fishofthieves:ancientscale, 12, 4, 8
634, bettermineshafts:mineshaft_lush, WATER_AMBIENT, fishofthieves:plentifin, 12, 4, 8
635, bettermineshafts:mineshaft_mesa, HEADING, header:ignore, 0, 0, 0
636, bettermineshafts:mineshaft_mesa, AMBIENT, alexsmobs:underminer, 50, 1, 1
637, bettermineshafts:mineshaft_mesa, WATER_AMBIENT, fishofthieves:ancientscale, 12, 4, 8
638, bettermineshafts:mineshaft_mesa, WATER_AMBIENT, fishofthieves:plentifin, 12, 4, 8
639, minecraft:mineshaft_mesa, HEADING, header:ignore, 0, 0, 0
640, minecraft:mineshaft_mesa, AMBIENT, alexsmobs:underminer, 50, 1, 1
641, minecraft:mineshaft_mesa, WATER_AMBIENT, fishofthieves:ancientscale, 12, 4, 8
642, minecraft:mineshaft_mesa, WATER_AMBIENT, fishofthieves:plentifin, 12, 4, 8
643, bettermineshafts:mineshaft_mushroom, HEADING, header:ignore, 0, 0, 0
644, bettermineshafts:mineshaft_mushroom, AMBIENT, alexsmobs:underminer, 50, 1, 1
645, bettermineshafts:mineshaft_mushroom, WATER_AMBIENT, fishofthieves:ancientscale, 12, 4, 8
646, bettermineshafts:mineshaft_mushroom, WATER_AMBIENT, fishofthieves:plentifin, 12, 4, 8
647, repurposed_structures:mineshaft_nether, HEADING, header:ignore, 0, 0, 0
648, repurposed_structures:mineshaft_nether, AMBIENT, alexsmobs:underminer, 50, 1, 1
649, repurposed_structures:mineshaft_nether, WATER_AMBIENT, fishofthieves:ancientscale, 12, 4, 8
650, repurposed_structures:mineshaft_nether, WATER_AMBIENT, fishofthieves:plentifin, 12, 4, 8
651, bettermineshafts:mineshaft_oak, HEADING, header:ignore, 0, 0, 0
652, bettermineshafts:mineshaft_oak, AMBIENT, alexsmobs:underminer, 50, 1, 1
653, bettermineshafts:mineshaft_oak, WATER_AMBIENT, fishofthieves:ancientscale, 12, 4, 8
654, bettermineshafts:mineshaft_oak, WATER_AMBIENT, fishofthieves:plentifin, 12, 4, 8
655, repurposed_structures:mineshaft_ocean, HEADING, header:ignore, 0, 0, 0
656, repurposed_structures:mineshaft_ocean, AMBIENT, alexsmobs:underminer, 50, 1, 1
657, repurposed_structures:mineshaft_ocean, WATER_AMBIENT, fishofthieves:ancientscale, 12, 4, 8
658, repurposed_structures:mineshaft_ocean, WATER_AMBIENT, fishofthieves:plentifin, 12, 4, 8
659, bettermineshafts:mineshaft_overgrown, HEADING, header:ignore, 0, 0, 0
660, bettermineshafts:mineshaft_overgrown, AMBIENT, alexsmobs:underminer, 50, 1, 1
661, bettermineshafts:mineshaft_overgrown, WATER_AMBIENT, fishofthieves:ancientscale, 12, 4, 8
662, bettermineshafts:mineshaft_overgrown, WATER_AMBIENT, fishofthieves:plentifin, 12, 4, 8
663, bettermineshafts:mineshaft_red_desert, HEADING, header:ignore, 0, 0, 0
664, bettermineshafts:mineshaft_red_desert, AMBIENT, alexsmobs:underminer, 50, 1, 1
665, bettermineshafts:mineshaft_red_desert, WATER_AMBIENT, fishofthieves:ancientscale, 12, 4, 8
666, bettermineshafts:mineshaft_red_desert, WATER_AMBIENT, fishofthieves:plentifin, 12, 4, 8
667, repurposed_structures:mineshaft_savanna, HEADING, header:ignore, 0, 0, 0
668, repurposed_structures:mineshaft_savanna, AMBIENT, alexsmobs:underminer, 50, 1, 1
669, repurposed_structures:mineshaft_savanna, WATER_AMBIENT, fishofthieves:ancientscale, 12, 4, 8
670, repurposed_structures:mineshaft_savanna, WATER_AMBIENT, fishofthieves:plentifin, 12, 4, 8
671, bettermineshafts:mineshaft_spruce, HEADING, header:ignore, 0, 0, 0
672, bettermineshafts:mineshaft_spruce, AMBIENT, alexsmobs:underminer, 50, 1, 1
673, bettermineshafts:mineshaft_spruce, WATER_AMBIENT, fishofthieves:ancientscale, 12, 4, 8
674, bettermineshafts:mineshaft_spruce, WATER_AMBIENT, fishofthieves:plentifin, 12, 4, 8
675, bettermineshafts:mineshaft_spruce_snowy, HEADING, header:ignore, 0, 0, 0
676, bettermineshafts:mineshaft_spruce_snowy, AMBIENT, alexsmobs:underminer, 50, 1, 1
677, bettermineshafts:mineshaft_spruce_snowy, WATER_AMBIENT, fishofthieves:ancientscale, 12, 4, 8
678, bettermineshafts:mineshaft_spruce_snowy, WATER_AMBIENT, fishofthieves:plentifin, 12, 4, 8
679, repurposed_structures:mineshaft_stone, HEADING, header:ignore, 0, 0, 0
680, repurposed_structures:mineshaft_stone, AMBIENT, alexsmobs:underminer, 50, 1, 1
681, repurposed_structures:mineshaft_stone, WATER_AMBIENT, fishofthieves:ancientscale, 12, 4, 8
682, repurposed_structures:mineshaft_stone, WATER_AMBIENT, fishofthieves:plentifin, 12, 4, 8
683, repurposed_structures:mineshaft_swamp, HEADING, header:ignore, 0, 0, 0
684, repurposed_structures:mineshaft_swamp, AMBIENT, alexsmobs:underminer, 50, 1, 1
685, repurposed_structures:mineshaft_swamp, WATER_AMBIENT, fishofthieves:ancientscale, 12, 4, 8
686, repurposed_structures:mineshaft_swamp, WATER_AMBIENT, fishofthieves:plentifin, 12, 4, 8
687, repurposed_structures:mineshaft_taiga, HEADING, header:ignore, 0, 0, 0
688, repurposed_structures:mineshaft_taiga, AMBIENT, alexsmobs:underminer, 50, 1, 1
689, repurposed_structures:mineshaft_taiga, WATER_AMBIENT, fishofthieves:ancientscale, 12, 4, 8
690, repurposed_structures:mineshaft_taiga, WATER_AMBIENT, fishofthieves:plentifin, 12, 4, 8
691, repurposed_structures:mineshaft_warped, HEADING, header:ignore, 0, 0, 0
692, repurposed_structures:mineshaft_warped, AMBIENT, alexsmobs:underminer, 50, 1, 1
693, repurposed_structures:mineshaft_warped, WATER_AMBIENT, fishofthieves:ancientscale, 12, 4, 8
694, repurposed_structures:mineshaft_warped, WATER_AMBIENT, fishofthieves:plentifin, 12, 4, 8
695, dungeons_arise:mining_system, HEADING, header:ignore, 0, 0, 0
696, the_bumblezone:mite_fortress, HEADING, header:ignore, 0, 0, 0
697, the_bumblezone:mite_fortress, MONSTER, minecraft:enderman, 80, 1, 2
698, distant_worlds:molten_hills_monument_structure, HEADING, header:ignore, 0, 0, 0
699, distant_worlds:molten_hills_tower_structure, HEADING, header:ignore, 0, 0, 0
700, dungeons_arise:monastery, HEADING, header:ignore, 0, 0, 0
701, mowziesmobs:monastery, HEADING, header:ignore, 0, 0, 0
702, mowziesmobs:monastery, MONSTER, mowziesmobs:bluff, 80, 1, 2
703, mes:monolith, HEADING, header:ignore, 0, 0, 0
704, minecraft:monument, HEADING, header:ignore, 0, 0, 0
705, minecraft:monument, MONSTER, minecraft:guardian, 10, 2, 4
706, minecraft:monument, WATER_AMBIENT, fishofthieves:battlegill, 10, 2, 4
707, repurposed_structures:monument_desert, HEADING, header:ignore, 0, 0, 0
708, repurposed_structures:monument_desert, MONSTER, minecraft:husk, 20, 1, 4
709, repurposed_structures:monument_desert, MONSTER, minecraft:creeper, 15, 1, 2
710, repurposed_structures:monument_desert, MONSTER, minecraft:skeleton, 10, 1, 3
711, repurposed_structures:monument_icy, HEADING, header:ignore, 0, 0, 0
712, repurposed_structures:monument_icy, MONSTER, minecraft:stray, 40, 1, 3
713, repurposed_structures:monument_icy, MONSTER, minecraft:vex, 10, 1, 2
714, repurposed_structures:monument_jungle, HEADING, header:ignore, 0, 0, 0
715, repurposed_structures:monument_jungle, MONSTER, minecraft:husk, 20, 1, 4
716, repurposed_structures:monument_jungle, MONSTER, minecraft:creeper, 15, 1, 2
717, repurposed_structures:monument_jungle, MONSTER, minecraft:skeleton, 10, 1, 3
718, repurposed_structures:monument_nether, HEADING, header:ignore, 0, 0, 0
719, repurposed_structures:monument_nether, MONSTER, minecraft:magma_cube, 20, 1, 3
720, repurposed_structures:monument_nether, MONSTER, minecraft:wither_skeleton, 10, 1, 3
721, repurposed_structures:monument_nether, MONSTER, minecraft:ghast, 10, 1, 1
722, ad_astra:moon_dungeon, HEADING, header:ignore, 0, 0, 0
723, integrated_villages:mossy_mounds, HEADING, header:ignore, 0, 0, 0
724, born_in_chaos_v1:mound_of_hounds, HEADING, header:ignore, 0, 0, 0
725, irons_spellbooks:mountain_tower, HEADING, header:ignore, 0, 0, 0
726, graveyard:mushroom_grave, HEADING, header:ignore, 0, 0, 0
727, dungeons_arise:mushroom_house, HEADING, header:ignore, 0, 0, 0
728, dungeons_arise:mushroom_mines, HEADING, header:ignore, 0, 0, 0
729, twilightforest:mushroom_tower, HEADING, header:ignore, 0, 0, 0
730, dungeons_arise:mushroom_village, HEADING, header:ignore, 0, 0, 0
731, mes:mythic_garden, HEADING, header:ignore, 0, 0, 0
732, twilightforest:naga_courtyard, HEADING, header:ignore, 0, 0, 0
733, mvs:nature/acacia_tree, HEADING, header:ignore, 0, 0, 0
734, mvs:nature/big_oak_tree, HEADING, header:ignore, 0, 0, 0
735, mvs:nature/birch_tree, HEADING, header:ignore, 0, 0, 0
736, mvs:nature/boulder, HEADING, header:ignore, 0, 0, 0
737, mvs:nature/cherry_tree, HEADING, header:ignore, 0, 0, 0
738, mvs:nature/dark_oak_tree, HEADING, header:ignore, 0, 0, 0
739, mvs:nature/floating_islands, HEADING, header:ignore, 0, 0, 0
740, mvs:nature/jungle_palm_tree, HEADING, header:ignore, 0, 0, 0
741, mvs:nature/jungle_tree, HEADING, header:ignore, 0, 0, 0
742, mvs:nature/large_mushroom, HEADING, header:ignore, 0, 0, 0
743, mvs:nature/mushroom_pond, HEADING, header:ignore, 0, 0, 0
744, mvs:nature/oak_tree, HEADING, header:ignore, 0, 0, 0
745, mvs:nature/paths, HEADING, header:ignore, 0, 0, 0
746, mvs:nature/small_oak_pond, HEADING, header:ignore, 0, 0, 0
747, mvs:nature/spruce_tree, HEADING, header:ignore, 0, 0, 0
748, mvs:nature/stone_rock, HEADING, header:ignore, 0, 0, 0
749, hexerei:nature_coven, HEADING, header:ignore, 0, 0, 0
750, blue_skies:nature_dungeon, HEADING, header:ignore, 0, 0, 0
751, blue_skies:nature_dungeon, MONSTER, blue_skies:stonelet, 10, 1, 1
752, blue_skies:nature_dungeon, MONSTER, blue_skies:spewter, 10, 1, 1
753, idas:necromancers_spire, HEADING, header:ignore, 0, 0, 0
754, idas:necromancers_spire, MONSTER, quark:wraith, 10, 1, 1
755, minecraft:nether_fossil, HEADING, header:ignore, 0, 0, 0
756, minecraft:nether_fossil, MONSTER, alexsmobs:soul_vulture, 30, 1, 1
757, philipsruins:nether_lava_ruins, HEADING, header:ignore, 0, 0, 0
758, formationsnether:nether_wart_field, HEADING, header:ignore, 0, 0, 0
759, hearths:netherrack_spiral, HEADING, header:ignore, 0, 0, 0
760, idas:nexus, HEADING, header:ignore, 0, 0, 0
761, idas:nexus, MONSTER, minecraft:silverfish, 10, 1, 4
762, idas:nexus, MONSTER, quark:wraith, 10, 1, 4
763, ars_additions:nexus_tower, HEADING, header:ignore, 0, 0, 0
764, forbidden_arcanus:nipa, HEADING, header:ignore, 0, 0, 0
765, forbidden_arcanus:nipa_floating, HEADING, header:ignore, 0, 0, 0
766, integrated_villages:oasis_village, HEADING, header:ignore, 0, 0, 0
767, born_in_chaos_v1:observation_tower_forest, HEADING, header:ignore, 0, 0, 0
768, born_in_chaos_v1:observation_tower_plains, HEADING, header:ignore, 0, 0, 0
769, formationsnether:obsidian_pillar, HEADING, header:ignore, 0, 0, 0
770, philipsruins:ocean_fortress, HEADING, header:ignore, 0, 0, 0
771, philipsruins:ocean_fortress, MONSTER, minecraft:guardian, 10, 2, 3
772, philipsruins:ocean_fortress, MONSTER, minecraft:drowned, 10, 5, 9
773, betteroceanmonuments:ocean_monument, HEADING, header:ignore, 0, 0, 0
774, betteroceanmonuments:ocean_monument, MONSTER, minecraft:guardian, 10, 2, 4
775, minecraft:ocean_ruin_cold, HEADING, header:ignore, 0, 0, 0
776, minecraft:ocean_ruin_cold, WATER_AMBIENT, fishofthieves:ancientscale, 12, 4, 8
777, minecraft:ocean_ruin_warm, HEADING, header:ignore, 0, 0, 0
778, minecraft:ocean_ruin_warm, WATER_AMBIENT, fishofthieves:ancientscale, 12, 4, 8
779, philipsruins:ocean_ruins, HEADING, header:ignore, 0, 0, 0
780, alexscaves:ocean_trench, HEADING, header:ignore, 0, 0, 0
781, formationsoverworld:offering, HEADING, header:ignore, 0, 0, 0
782, ad_astra:oil_well, HEADING, header:ignore, 0, 0, 0
783, aether_villages:olympic_citadel, HEADING, header:ignore, 0, 0, 0
784, formationsnether:ore_shard, HEADING, header:ignore, 0, 0, 0
785, scguns:osgood_lab, HEADING, header:ignore, 0, 0, 0
786, scguns:osgood_lab_outpost, HEADING, header:ignore, 0, 0, 0
787, mvs:other_decoration/bee_dome, HEADING, header:ignore, 0, 0, 0
788, mvs:other_decoration/bench, HEADING, header:ignore, 0, 0, 0
789, mvs:other_decoration/campsite, HEADING, header:ignore, 0, 0, 0
790, mvs:other_decoration/crimson_enchanting_table, HEADING, header:ignore, 0, 0, 0
791, mvs:other_decoration/desert_pump, HEADING, header:ignore, 0, 0, 0
792, mvs:other_decoration/duck, HEADING, header:ignore, 0, 0, 0
793, mvs:other_decoration/end_scraps/end_scraps_1, HEADING, header:ignore, 0, 0, 0
794, mvs:other_decoration/end_scraps/end_scraps_2, HEADING, header:ignore, 0, 0, 0
795, mvs:other_decoration/end_scraps/end_scraps_3, HEADING, header:ignore, 0, 0, 0
796, mvs:other_decoration/end_scraps/end_scraps_4, HEADING, header:ignore, 0, 0, 0
797, mvs:other_decoration/fire_camp, HEADING, header:ignore, 0, 0, 0
798, mvs:other_decoration/fox_hut, HEADING, header:ignore, 0, 0, 0
799, mvs:other_decoration/haystack, HEADING, header:ignore, 0, 0, 0
800, mvs:other_decoration/horse_campsite, HEADING, header:ignore, 0, 0, 0
801, mvs:other_decoration/lamp_chest, HEADING, header:ignore, 0, 0, 0
802, mvs:other_decoration/lecturn_garden, HEADING, header:ignore, 0, 0, 0
803, mvs:other_decoration/mine_with_campsite, HEADING, header:ignore, 0, 0, 0
804, mvs:other_decoration/mushroom_statue, HEADING, header:ignore, 0, 0, 0
805, mvs:other_decoration/nether_devil, HEADING, header:ignore, 0, 0, 0
806, mvs:other_decoration/pile, HEADING, header:ignore, 0, 0, 0
807, mvs:other_decoration/snowy_dog_hut, HEADING, header:ignore, 0, 0, 0
808, mvs:other_decoration/snowy_fossil, HEADING, header:ignore, 0, 0, 0
809, mvs:other_decoration/stone_bee, HEADING, header:ignore, 0, 0, 0
810, mvs:other_decoration/villager_statue, HEADING, header:ignore, 0, 0, 0
811, mvs:other_decoration/wheat_grain_bin, HEADING, header:ignore, 0, 0, 0
812, mvs:other_decoration/windmill, HEADING, header:ignore, 0, 0, 0
813, mvs:other_decoration/wooden_wheat_farm, HEADING, header:ignore, 0, 0, 0
814, mvs:out_house, HEADING, header:ignore, 0, 0, 0
815, repurposed_structures:outpost_badlands, HEADING, header:ignore, 0, 0, 0
816, repurposed_structures:outpost_badlands, MONSTER, minecraft:pillager, 10, 1, 1
817, repurposed_structures:outpost_birch, HEADING, header:ignore, 0, 0, 0
818, repurposed_structures:outpost_birch, MONSTER, minecraft:pillager, 10, 1, 1
819, repurposed_structures:outpost_crimson, HEADING, header:ignore, 0, 0, 0
820, repurposed_structures:outpost_crimson, MONSTER, minecraft:piglin, 10, 1, 1
821, repurposed_structures:outpost_desert, HEADING, header:ignore, 0, 0, 0
822, repurposed_structures:outpost_desert, MONSTER, minecraft:pillager, 10, 1, 1
823, repurposed_structures:outpost_end, HEADING, header:ignore, 0, 0, 0
824, repurposed_structures:outpost_end, MONSTER, minecraft:phantom, 10, 1, 1
825, repurposed_structures:outpost_giant_tree_taiga, HEADING, header:ignore, 0, 0, 0
826, repurposed_structures:outpost_giant_tree_taiga, MONSTER, minecraft:pillager, 10, 1, 1
827, repurposed_structures:outpost_icy, HEADING, header:ignore, 0, 0, 0
828, repurposed_structures:outpost_icy, MONSTER, minecraft:pillager, 10, 1, 1
829, repurposed_structures:outpost_jungle, HEADING, header:ignore, 0, 0, 0
830, repurposed_structures:outpost_jungle, MONSTER, minecraft:pillager, 10, 1, 1
831, repurposed_structures:outpost_mangrove, HEADING, header:ignore, 0, 0, 0
832, repurposed_structures:outpost_mangrove, MONSTER, minecraft:pillager, 10, 1, 1
833, repurposed_structures:outpost_nether_brick, HEADING, header:ignore, 0, 0, 0
834, repurposed_structures:outpost_nether_brick, MONSTER, minecraft:piglin, 10, 1, 1
835, repurposed_structures:outpost_oak, HEADING, header:ignore, 0, 0, 0
836, repurposed_structures:outpost_oak, MONSTER, minecraft:pillager, 10, 1, 1
837, repurposed_structures:outpost_snowy, HEADING, header:ignore, 0, 0, 0
838, repurposed_structures:outpost_snowy, MONSTER, minecraft:pillager, 10, 1, 1
839, repurposed_structures:outpost_taiga, HEADING, header:ignore, 0, 0, 0
840, repurposed_structures:outpost_taiga, MONSTER, minecraft:pillager, 10, 1, 1
841, repurposed_structures:outpost_warped, HEADING, header:ignore, 0, 0, 0
842, repurposed_structures:outpost_warped, MONSTER, minecraft:piglin, 10, 1, 1
843, the_bumblezone:overgrown_flower, HEADING, header:ignore, 0, 0, 0
844, call_of_yucutan:overgrown_temple, HEADING, header:ignore, 0, 0, 0
845, hexerei:owl_post_office, HEADING, header:ignore, 0, 0, 0
846, formationsnether:parkour_challenge, HEADING, header:ignore, 0, 0, 0
847, the_bumblezone:phantasm_aviary, HEADING, header:ignore, 0, 0, 0
848, the_bumblezone:phantasm_aviary, MONSTER, minecraft:phantom, 80, 1, 2
849, mes:phantom_citadel, HEADING, header:ignore, 0, 0, 0
850, bygonenether:piglin_manor, HEADING, header:ignore, 0, 0, 0
851, bygonenether:piglin_manor, MONSTER, minecraft:piglin, 10, 1, 1
852, bygonenether:piglin_manor, MONSTER, bygonenether:piglin_hunter, 10, 1, 1
853, idas:pillager_camp, HEADING, header:ignore, 0, 0, 0
854, takesapillage:pillager_camp, HEADING, header:ignore, 0, 0, 0
855, idas:pillager_fortress, HEADING, header:ignore, 0, 0, 0
856, minecraft:pillager_outpost, HEADING, header:ignore, 0, 0, 0
857, minecraft:pillager_outpost, MONSTER, minecraft:pillager, 10, 1, 1
858, minecraft:pillager_outpost, WATER_AMBIENT, fishofthieves:battlegill, 10, 2, 4
859, ctov:pillager_outpost_badlands, HEADING, header:ignore, 0, 0, 0
860, ctov:pillager_outpost_badlands, MONSTER, minecraft:pillager, 10, 1, 1
861, ctov:pillager_outpost_badlands, MONSTER, minecraft:evoker, 10, 1, 1
862, ctov:pillager_outpost_badlands, MONSTER, minecraft:vindicator, 10, 1, 1
863, ctov:pillager_outpost_badlands, MONSTER, minecraft:witch, 10, 1, 1
864, towns_and_towers:pillager_outpost_badlands, HEADING, header:ignore, 0, 0, 0
865, towns_and_towers:pillager_outpost_badlands, MONSTER, minecraft:pillager, 10, 1, 2
866, ctov:pillager_outpost_beach, HEADING, header:ignore, 0, 0, 0
867, ctov:pillager_outpost_beach, MONSTER, minecraft:pillager, 10, 1, 1
868, ctov:pillager_outpost_beach, MONSTER, minecraft:evoker, 10, 1, 1
869, ctov:pillager_outpost_beach, MONSTER, minecraft:vindicator, 10, 1, 1
870, ctov:pillager_outpost_beach, MONSTER, minecraft:witch, 10, 1, 1
871, towns_and_towers:pillager_outpost_beach, HEADING, header:ignore, 0, 0, 0
872, towns_and_towers:pillager_outpost_beach, MONSTER, minecraft:pillager, 10, 1, 2
873, towns_and_towers:pillager_outpost_birch_forest, HEADING, header:ignore, 0, 0, 0
874, towns_and_towers:pillager_outpost_birch_forest, MONSTER, minecraft:pillager, 10, 1, 2
875, ctov:pillager_outpost_dark_forest, HEADING, header:ignore, 0, 0, 0
876, ctov:pillager_outpost_dark_forest, MONSTER, minecraft:pillager, 10, 1, 1
877, ctov:pillager_outpost_dark_forest, MONSTER, minecraft:evoker, 10, 1, 1
878, ctov:pillager_outpost_dark_forest, MONSTER, minecraft:vindicator, 10, 1, 1
879, ctov:pillager_outpost_dark_forest, MONSTER, minecraft:witch, 10, 1, 1
880, ctov:pillager_outpost_desert, HEADING, header:ignore, 0, 0, 0
881, ctov:pillager_outpost_desert, MONSTER, minecraft:pillager, 10, 1, 1
882, ctov:pillager_outpost_desert, MONSTER, minecraft:evoker, 10, 1, 1
883, ctov:pillager_outpost_desert, MONSTER, minecraft:vindicator, 10, 1, 1
884, ctov:pillager_outpost_desert, MONSTER, minecraft:witch, 10, 1, 1
885, towns_and_towers:pillager_outpost_desert, HEADING, header:ignore, 0, 0, 0
886, towns_and_towers:pillager_outpost_desert, MONSTER, minecraft:pillager, 10, 1, 2
887, towns_and_towers:pillager_outpost_flower_forest, HEADING, header:ignore, 0, 0, 0
888, towns_and_towers:pillager_outpost_flower_forest, MONSTER, minecraft:pillager, 10, 1, 2
889, towns_and_towers:pillager_outpost_forest, HEADING, header:ignore, 0, 0, 0
890, towns_and_towers:pillager_outpost_forest, MONSTER, minecraft:pillager, 10, 1, 2
891, towns_and_towers:pillager_outpost_grove, HEADING, header:ignore, 0, 0, 0
892, towns_and_towers:pillager_outpost_grove, MONSTER, minecraft:pillager, 10, 1, 2
893, ctov:pillager_outpost_jungle, HEADING, header:ignore, 0, 0, 0
894, ctov:pillager_outpost_jungle, MONSTER, minecraft:pillager, 10, 1, 1
895, ctov:pillager_outpost_jungle, MONSTER, minecraft:evoker, 10, 1, 1
896, ctov:pillager_outpost_jungle, MONSTER, minecraft:vindicator, 10, 1, 1
897, ctov:pillager_outpost_jungle, MONSTER, minecraft:witch, 10, 1, 1
898, towns_and_towers:pillager_outpost_jungle, HEADING, header:ignore, 0, 0, 0
899, towns_and_towers:pillager_outpost_jungle, MONSTER, minecraft:pillager, 10, 1, 2
900, towns_and_towers:pillager_outpost_meadow, HEADING, header:ignore, 0, 0, 0
901, towns_and_towers:pillager_outpost_meadow, MONSTER, minecraft:pillager, 10, 1, 2
902, ctov:pillager_outpost_mesa, HEADING, header:ignore, 0, 0, 0
903, ctov:pillager_outpost_mesa, MONSTER, minecraft:pillager, 10, 1, 1
904, ctov:pillager_outpost_mesa, MONSTER, minecraft:evoker, 10, 1, 1
905, ctov:pillager_outpost_mesa, MONSTER, minecraft:vindicator, 10, 1, 1
906, ctov:pillager_outpost_mesa, MONSTER, minecraft:witch, 10, 1, 1
907, ctov:pillager_outpost_mountain, HEADING, header:ignore, 0, 0, 0
908, ctov:pillager_outpost_mountain, MONSTER, minecraft:pillager, 10, 1, 1
909, ctov:pillager_outpost_mountain, MONSTER, minecraft:evoker, 10, 1, 1
910, ctov:pillager_outpost_mountain, MONSTER, minecraft:vindicator, 10, 1, 1
911, ctov:pillager_outpost_mountain, MONSTER, minecraft:witch, 10, 1, 1
912, towns_and_towers:pillager_outpost_mushroom_fields, HEADING, header:ignore, 0, 0, 0
913, towns_and_towers:pillager_outpost_ocean, HEADING, header:ignore, 0, 0, 0
914, towns_and_towers:pillager_outpost_ocean, MONSTER, minecraft:pillager, 10, 1, 2
915, towns_and_towers:pillager_outpost_old_growth_taiga, HEADING, header:ignore, 0, 0, 0
916, towns_and_towers:pillager_outpost_old_growth_taiga, MONSTER, minecraft:pillager, 10, 1, 2
917, ctov:pillager_outpost_plains, HEADING, header:ignore, 0, 0, 0
918, ctov:pillager_outpost_plains, MONSTER, minecraft:pillager, 10, 1, 1
919, ctov:pillager_outpost_plains, MONSTER, minecraft:evoker, 10, 1, 1
920, ctov:pillager_outpost_plains, MONSTER, minecraft:vindicator, 10, 1, 1
921, ctov:pillager_outpost_plains, MONSTER, minecraft:witch, 10, 1, 1
922, ctov:pillager_outpost_savanna, HEADING, header:ignore, 0, 0, 0
923, ctov:pillager_outpost_savanna, MONSTER, minecraft:pillager, 10, 1, 1
924, ctov:pillager_outpost_savanna, MONSTER, minecraft:evoker, 10, 1, 1
925, ctov:pillager_outpost_savanna, MONSTER, minecraft:vindicator, 10, 1, 1
926, ctov:pillager_outpost_savanna, MONSTER, minecraft:witch, 10, 1, 1
927, towns_and_towers:pillager_outpost_savanna, HEADING, header:ignore, 0, 0, 0
928, towns_and_towers:pillager_outpost_savanna, MONSTER, minecraft:pillager, 10, 1, 2
929, towns_and_towers:pillager_outpost_savanna_plateau, HEADING, header:ignore, 0, 0, 0
930, towns_and_towers:pillager_outpost_savanna_plateau, MONSTER, minecraft:pillager, 10, 1, 2
931, ctov:pillager_outpost_snowy, HEADING, header:ignore, 0, 0, 0
932, ctov:pillager_outpost_snowy, MONSTER, minecraft:pillager, 10, 1, 1
933, ctov:pillager_outpost_snowy, MONSTER, minecraft:evoker, 10, 1, 1
934, ctov:pillager_outpost_snowy, MONSTER, minecraft:vindicator, 10, 1, 1
935, ctov:pillager_outpost_snowy, MONSTER, minecraft:witch, 10, 1, 1
936, towns_and_towers:pillager_outpost_snowy_beach, HEADING, header:ignore, 0, 0, 0
937, towns_and_towers:pillager_outpost_snowy_beach, MONSTER, minecraft:pillager, 10, 1, 2
938, towns_and_towers:pillager_outpost_snowy_plains, HEADING, header:ignore, 0, 0, 0
939, towns_and_towers:pillager_outpost_snowy_plains, MONSTER, minecraft:pillager, 10, 1, 2
940, towns_and_towers:pillager_outpost_snowy_slopes, HEADING, header:ignore, 0, 0, 0
941, towns_and_towers:pillager_outpost_snowy_slopes, MONSTER, minecraft:pillager, 10, 1, 2
942, towns_and_towers:pillager_outpost_snowy_taiga, HEADING, header:ignore, 0, 0, 0
943, towns_and_towers:pillager_outpost_snowy_taiga, MONSTER, minecraft:pillager, 10, 1, 2
944, towns_and_towers:pillager_outpost_sparse_jungle, HEADING, header:ignore, 0, 0, 0
945, towns_and_towers:pillager_outpost_sparse_jungle, MONSTER, minecraft:pillager, 10, 1, 2
946, towns_and_towers:pillager_outpost_sunflower_plains, HEADING, header:ignore, 0, 0, 0
947, towns_and_towers:pillager_outpost_sunflower_plains, MONSTER, minecraft:pillager, 10, 1, 2
948, ctov:pillager_outpost_swamp, HEADING, header:ignore, 0, 0, 0
949, ctov:pillager_outpost_swamp, MONSTER, minecraft:pillager, 10, 1, 1
950, ctov:pillager_outpost_swamp, MONSTER, minecraft:evoker, 10, 1, 1
951, ctov:pillager_outpost_swamp, MONSTER, minecraft:vindicator, 10, 1, 1
952, ctov:pillager_outpost_swamp, MONSTER, minecraft:witch, 10, 1, 1
953, towns_and_towers:pillager_outpost_swamp, HEADING, header:ignore, 0, 0, 0
954, towns_and_towers:pillager_outpost_swamp, MONSTER, minecraft:pillager, 10, 1, 2
955, ctov:pillager_outpost_taiga, HEADING, header:ignore, 0, 0, 0
956, ctov:pillager_outpost_taiga, MONSTER, minecraft:pillager, 10, 1, 1
957, ctov:pillager_outpost_taiga, MONSTER, minecraft:evoker, 10, 1, 1
958, ctov:pillager_outpost_taiga, MONSTER, minecraft:vindicator, 10, 1, 1
959, ctov:pillager_outpost_taiga, MONSTER, minecraft:witch, 10, 1, 1
960, towns_and_towers:pillager_outpost_taiga, HEADING, header:ignore, 0, 0, 0
961, towns_and_towers:pillager_outpost_taiga, MONSTER, minecraft:pillager, 10, 1, 2
962, towns_and_towers:pillager_outpost_wooded_badlands, HEADING, header:ignore, 0, 0, 0
963, towns_and_towers:pillager_outpost_wooded_badlands, MONSTER, minecraft:pillager, 10, 1, 2
964, galosphere:pink_salt_shrine, HEADING, header:ignore, 0, 0, 0
965, the_bumblezone:pirate_ship, HEADING, header:ignore, 0, 0, 0
966, integrated_villages:pirate_village, HEADING, header:ignore, 0, 0, 0
967, mes:placid_prairie, HEADING, header:ignore, 0, 0, 0
968, dungeons_arise:plague_asylum, HEADING, header:ignore, 0, 0, 0
969, lost_aether_content:platinum_dungeon, HEADING, header:ignore, 0, 0, 0
970, blue_skies:poison_dungeon, HEADING, header:ignore, 0, 0, 0
971, blue_skies:poison_dungeon, MONSTER, minecraft:cave_spider, 10, 1, 1
972, blue_skies:poison_dungeon, MONSTER, blue_skies:venom_spider, 10, 1, 1
973, the_bumblezone:pollinated_stream, HEADING, header:ignore, 0, 0, 0
974, biomeswevegone:prairie_house, HEADING, header:ignore, 0, 0, 0
975, philipsruins:pumpkin_ruins, HEADING, header:ignore, 0, 0, 0
976, philipsruins:pumpkin_ruins, MONSTER, minecraft:skeleton, 10, 2, 10
977, philipsruins:pumpkin_ruins, MONSTER, minecraft:zombie, 12, 5, 12
978, ad_astra:pygro_tower, HEADING, header:ignore, 0, 0, 0
979, ad_astra:pygro_village, HEADING, header:ignore, 0, 0, 0
980, repurposed_structures:pyramid_badlands, HEADING, header:ignore, 0, 0, 0
981, repurposed_structures:pyramid_dark_forest, HEADING, header:ignore, 0, 0, 0
982, repurposed_structures:pyramid_end, HEADING, header:ignore, 0, 0, 0
983, repurposed_structures:pyramid_flower_forest, HEADING, header:ignore, 0, 0, 0
984, repurposed_structures:pyramid_giant_tree_taiga, HEADING, header:ignore, 0, 0, 0
985, repurposed_structures:pyramid_icy, HEADING, header:ignore, 0, 0, 0
986, repurposed_structures:pyramid_jungle, HEADING, header:ignore, 0, 0, 0
987, repurposed_structures:pyramid_mushroom, HEADING, header:ignore, 0, 0, 0
988, repurposed_structures:pyramid_nether, HEADING, header:ignore, 0, 0, 0
989, repurposed_structures:pyramid_ocean, HEADING, header:ignore, 0, 0, 0
990, repurposed_structures:pyramid_snowy, HEADING, header:ignore, 0, 0, 0
991, irons_spellbooks:pyromancer_tower, HEADING, header:ignore, 0, 0, 0
992, integrated_villages:quark/minka_village, HEADING, header:ignore, 0, 0, 0
993, farmers_structures:quark_glimer, HEADING, header:ignore, 0, 0, 0
994, farmers_structures:quark_jungle, HEADING, header:ignore, 0, 0, 0
995, farmers_structures:quark_moss, HEADING, header:ignore, 0, 0, 0
996, farmers_structures:quark_slime, HEADING, header:ignore, 0, 0, 0
997, formationsnether:quartz_spikes, HEADING, header:ignore, 0, 0, 0
998, twilightforest:quest_grove, HEADING, header:ignore, 0, 0, 0
999, formationsoverworld:raft, HEADING, header:ignore, 0, 0, 0
1000, mvs:railway, HEADING, header:ignore, 0, 0, 0
1001, philipsruins:rare_ruin, HEADING, header:ignore, 0, 0, 0
1002, berries_and_cherries:raspberry_bush_structure, HEADING, header:ignore, 0, 0, 0
1003, biomeswevegone:red_rock_arch, HEADING, header:ignore, 0, 0, 0
1004, idas:redhorn_guild, HEADING, header:ignore, 0, 0, 0
1005, tetra:regular_ruin, HEADING, header:ignore, 0, 0, 0
1006, tetra:regular_ruin, MONSTER, minecraft:stray, 10, 4, 16
1007, formationsnether:respawn_anchor_altar, HEADING, header:ignore, 0, 0, 0
1008, formationsnether:rib_cage, HEADING, header:ignore, 0, 0, 0
1009, biomeswevegone:rugged_fossil, HEADING, header:ignore, 0, 0, 0
1010, mes:ruined_pillar, HEADING, header:ignore, 0, 0, 0
1011, ars_additions:ruined_portal, HEADING, header:ignore, 0, 0, 0
1012, minecraft:ruined_portal, HEADING, header:ignore, 0, 0, 0
1013, minecraft:ruined_portal_desert, HEADING, header:ignore, 0, 0, 0
1014, repurposed_structures:ruined_portal_end, HEADING, header:ignore, 0, 0, 0
1015, minecraft:ruined_portal_jungle, HEADING, header:ignore, 0, 0, 0
1016, ars_additions:ruined_portal_large, HEADING, header:ignore, 0, 0, 0
1017, minecraft:ruined_portal_mountain, HEADING, header:ignore, 0, 0, 0
1018, minecraft:ruined_portal_nether, HEADING, header:ignore, 0, 0, 0
1019, minecraft:ruined_portal_ocean, HEADING, header:ignore, 0, 0, 0
1020, minecraft:ruined_portal_ocean, WATER_AMBIENT, fishofthieves:wrecker, 50, 4, 8
1021, minecraft:ruined_portal_swamp, HEADING, header:ignore, 0, 0, 0
1022, graveyard:ruins, HEADING, header:ignore, 0, 0, 0
1023, graveyard:ruins, MONSTER, graveyard:skeleton_creeper, 35, 1, 1
1024, graveyard:ruins, MONSTER, graveyard:revenant, 45, 1, 3
1025, graveyard:ruins, MONSTER, graveyard:ghoul, 50, 1, 2
1026, mvs:ruins/castle_ruins, HEADING, header:ignore, 0, 0, 0
1027, mvs:ruins/log_ruin, HEADING, header:ignore, 0, 0, 0
1028, mvs:ruins/ruined_beacon, HEADING, header:ignore, 0, 0, 0
1029, mvs:ruins/small_ruin, HEADING, header:ignore, 0, 0, 0
1030, mvs:ruins/statue_ruins, HEADING, header:ignore, 0, 0, 0
1031, mvs:ruins/stone_pillars, HEADING, header:ignore, 0, 0, 0
1032, mvs:ruins/tree_monument, HEADING, header:ignore, 0, 0, 0
1033, repurposed_structures:ruins_land_cold, HEADING, header:ignore, 0, 0, 0
1034, repurposed_structures:ruins_land_hot, HEADING, header:ignore, 0, 0, 0
1035, repurposed_structures:ruins_land_icy, HEADING, header:ignore, 0, 0, 0
1036, repurposed_structures:ruins_land_warm, HEADING, header:ignore, 0, 0, 0
1037, repurposed_structures:ruins_nether, HEADING, header:ignore, 0, 0, 0
1038, idas:ruins_of_the_deep, HEADING, header:ignore, 0, 0, 0
1039, netherexp:sanctum, HEADING, header:ignore, 0, 0, 0
1040, netherexp:sanctum, MONSTER, minecraft:skeleton, 10, 1, 3
1041, netherexp:sanctum, MONSTER, netherexp:vessel, 10, 1, 2
1042, netherexp:sanctum, MONSTER, netherexp:banshee, 10, 1, 1
1043, netherexp:sanctum, MONSTER, netherexp:apparition, 10, 1, 1
1044, mna:scatter/lonely_tower, HEADING, header:ignore, 0, 0, 0
1045, mna:scatter/potion_hut, HEADING, header:ignore, 0, 0, 0
1046, mna:scatter/research_outpost_swamp, HEADING, header:ignore, 0, 0, 0
1047, mna:scatter/respawn_altar, HEADING, header:ignore, 0, 0, 0
1048, mna:scatter/ritual_circle_desert, HEADING, header:ignore, 0, 0, 0
1049, mna:scatter/ritual_circle_forest, HEADING, header:ignore, 0, 0, 0
1050, mna:scatter/ritual_circle_tundra, HEADING, header:ignore, 0, 0, 0
1051, mna:scatter/winter_tower, HEADING, header:ignore, 0, 0, 0
1052, mna:scatter/wistful_runesmith, HEADING, header:ignore, 0, 0, 0
1053, dungeons_arise:scorched_mines, HEADING, header:ignore, 0, 0, 0
1054, philipsruins:sculk_dungeon, HEADING, header:ignore, 0, 0, 0
1055, philipsruins:sealedruinedghaststatue1, HEADING, header:ignore, 0, 0, 0
1056, fishofthieves:seapost, HEADING, header:ignore, 0, 0, 0
1057, the_bumblezone:sempiternal_sanctum_blue, HEADING, header:ignore, 0, 0, 0
1058, the_bumblezone:sempiternal_sanctum_green, HEADING, header:ignore, 0, 0, 0
1059, the_bumblezone:sempiternal_sanctum_purple, HEADING, header:ignore, 0, 0, 0
1060, the_bumblezone:sempiternal_sanctum_red, HEADING, header:ignore, 0, 0, 0
1061, the_bumblezone:sempiternal_sanctum_white, HEADING, header:ignore, 0, 0, 0
1062, the_bumblezone:sempiternal_sanctum_yellow, HEADING, header:ignore, 0, 0, 0
1063, biomeswevegone:sharpened_rock, HEADING, header:ignore, 0, 0, 0
1064, mvs:shed, HEADING, header:ignore, 0, 0, 0
1065, minecraft:shipwreck, HEADING, header:ignore, 0, 0, 0
1066, minecraft:shipwreck, MONSTER, alexsmobs:skelewag, 15, 1, 2
1067, minecraft:shipwreck, WATER_AMBIENT, fishofthieves:wrecker, 50, 4, 8
1068, minecraft:shipwreck_beached, HEADING, header:ignore, 0, 0, 0
1069, repurposed_structures:shipwreck_crimson, HEADING, header:ignore, 0, 0, 0
1070, repurposed_structures:shipwreck_crimson, MONSTER, minecraft:wither_skeleton, 10, 1, 1
1071, repurposed_structures:shipwreck_end, HEADING, header:ignore, 0, 0, 0
1072, repurposed_structures:shipwreck_nether_bricks, HEADING, header:ignore, 0, 0, 0
1073, repurposed_structures:shipwreck_nether_bricks, MONSTER, minecraft:wither_skeleton, 10, 1, 1
1074, repurposed_structures:shipwreck_warped, HEADING, header:ignore, 0, 0, 0
1075, repurposed_structures:shipwreck_warped, MONSTER, minecraft:wither_skeleton, 10, 1, 1
1076, dungeons_arise:shiraz_palace, HEADING, header:ignore, 0, 0, 0
1077, explorations:shrine, HEADING, header:ignore, 0, 0, 0
1078, aether:silver_dungeon, HEADING, header:ignore, 0, 0, 0
1079, betterdungeons:skeleton_dungeon, HEADING, header:ignore, 0, 0, 0
1080, betterdungeons:skeleton_dungeon, MONSTER, minecraft:skeleton, 80, 4, 15
1081, tconstruct:sky_slime_island, HEADING, header:ignore, 0, 0, 0
1082, tconstruct:sky_slime_island, MONSTER, tconstruct:sky_slime, 10, 3, 4
1083, explorations:slime_cave, HEADING, header:ignore, 0, 0, 0
1084, ctov:small/village_beach, HEADING, header:ignore, 0, 0, 0
1085, ctov:small/village_christmas, HEADING, header:ignore, 0, 0, 0
1086, ctov:small/village_dark_forest, HEADING, header:ignore, 0, 0, 0
1087, ctov:small/village_desert, HEADING, header:ignore, 0, 0, 0
1088, ctov:small/village_desert_oasis, HEADING, header:ignore, 0, 0, 0
1089, ctov:small/village_jungle, HEADING, header:ignore, 0, 0, 0
1090, ctov:small/village_jungle_tree, HEADING, header:ignore, 0, 0, 0
1091, ctov:small/village_mesa, HEADING, header:ignore, 0, 0, 0
1092, ctov:small/village_mesa_fortified, HEADING, header:ignore, 0, 0, 0
1093, ctov:small/village_mountain, HEADING, header:ignore, 0, 0, 0
1094, ctov:small/village_mountain_alpine, HEADING, header:ignore, 0, 0, 0
1095, ctov:small/village_mushroom, HEADING, header:ignore, 0, 0, 0
1096, ctov:small/village_plains, HEADING, header:ignore, 0, 0, 0
1097, ctov:small/village_plains_fortified, HEADING, header:ignore, 0, 0, 0
1098, ctov:small/village_savanna, HEADING, header:ignore, 0, 0, 0
1099, ctov:small/village_savanna_na, HEADING, header:ignore, 0, 0, 0
1100, ctov:small/village_snowy_igloo, HEADING, header:ignore, 0, 0, 0
1101, ctov:small/village_swamp, HEADING, header:ignore, 0, 0, 0
1102, ctov:small/village_swamp_fortified, HEADING, header:ignore, 0, 0, 0
1103, ctov:small/village_taiga, HEADING, header:ignore, 0, 0, 0
1104, ctov:small/village_taiga_fortified, HEADING, header:ignore, 0, 0, 0
1105, ctov:small/village_underground, HEADING, header:ignore, 0, 0, 0
1106, dungeons_arise:small_blimp, HEADING, header:ignore, 0, 0, 0
1107, graveyard:small_desert_grave, HEADING, header:ignore, 0, 0, 0
1108, graveyard:small_desert_graveyard, HEADING, header:ignore, 0, 0, 0
1109, graveyard:small_desert_graveyard, MONSTER, minecraft:vindicator, 10, 1, 1
1110, graveyard:small_desert_graveyard, MONSTER, minecraft:pillager, 10, 1, 1
1111, betterdungeons:small_dungeon, HEADING, header:ignore, 0, 0, 0
1112, formationsnether:small_fire_arena, HEADING, header:ignore, 0, 0, 0
1113, graveyard:small_grave, HEADING, header:ignore, 0, 0, 0
1114, graveyard:small_graveyard, HEADING, header:ignore, 0, 0, 0
1115, graveyard:small_graveyard, MONSTER, graveyard:skeleton_creeper, 35, 1, 1
1116, graveyard:small_graveyard, MONSTER, graveyard:revenant, 45, 1, 3
1117, graveyard:small_graveyard, MONSTER, graveyard:ghoul, 50, 1, 2
1118, twilightforest:small_hollow_hill, HEADING, header:ignore, 0, 0, 0
1119, formationsoverworld:small_house, HEADING, header:ignore, 0, 0, 0
1120, formationsnether:small_lava_arena, HEADING, header:ignore, 0, 0, 0
1121, formationsnether:small_lava_shrine, HEADING, header:ignore, 0, 0, 0
1122, graveyard:small_mountain_grave, HEADING, header:ignore, 0, 0, 0
1123, mns:small_nether_brick, HEADING, header:ignore, 0, 0, 0
1124, betterdungeons:small_nether_dungeon, HEADING, header:ignore, 0, 0, 0
1125, formationsnether:small_pedestal, HEADING, header:ignore, 0, 0, 0
1126, mvs:small_pillager_tower, HEADING, header:ignore, 0, 0, 0
1127, dungeons_arise:small_prairie_house, HEADING, header:ignore, 0, 0, 0
1128, graveyard:small_savanna_grave, HEADING, header:ignore, 0, 0, 0
1129, mvs:small_ship, HEADING, header:ignore, 0, 0, 0
1130, formationsoverworld:small_statue, HEADING, header:ignore, 0, 0, 0
1131, formationsoverworld:small_temple, HEADING, header:ignore, 0, 0, 0
1132, tinkersconstructstructures:smelting_camp, HEADING, header:ignore, 0, 0, 0
1133, tinkersconstructstructures:smelting_furnace, HEADING, header:ignore, 0, 0, 0
1134, tinkersconstructstructures:smelting_furnace_upgrade, HEADING, header:ignore, 0, 0, 0
1135, tinkersconstructstructures:smelting_house, HEADING, header:ignore, 0, 0, 0
1136, tinkersconstructstructures:smelting_quartz, HEADING, header:ignore, 0, 0, 0
1137, mns:smoking_shrine, HEADING, header:ignore, 0, 0, 0
1138, idas:snifferhenge, HEADING, header:ignore, 0, 0, 0
1139, alexscaves:soda_bottle, HEADING, header:ignore, 0, 0, 0
1140, illagerinvasion:sorcerer_hut, HEADING, header:ignore, 0, 0, 0
1141, formationsnether:sphere_cage, HEADING, header:ignore, 0, 0, 0
1142, betterdungeons:spider_dungeon, HEADING, header:ignore, 0, 0, 0
1143, betterdungeons:spider_dungeon, MONSTER, minecraft:spider, 80, 4, 15
1144, betterdungeons:spider_dungeon, MONSTER, minecraft:cave_spider, 50, 4, 8
1145, ars_nouveau:stalker_wilden_den, HEADING, header:ignore, 0, 0, 0
1146, ars_nouveau:stalker_wilden_den, MONSTER, ars_nouveau:wilden_stalker, 10, 3, 3
1147, mvs:stall/blue_stall, HEADING, header:ignore, 0, 0, 0
1148, mvs:stall/orange_stall, HEADING, header:ignore, 0, 0, 0
1149, mvs:stall/pink_stall, HEADING, header:ignore, 0, 0, 0
1150, mvs:stall/red_stall, HEADING, header:ignore, 0, 0, 0
1151, ars_elemental:starbuncle_shrine, HEADING, header:ignore, 0, 0, 0
1152, mes:starlight_voyager, HEADING, header:ignore, 0, 0, 0
1153, philipsruins:start_nether_dungeon, HEADING, header:ignore, 0, 0, 0
1154, philipsruins:start_nether_ruin, HEADING, header:ignore, 0, 0, 0
1155, distant_worlds:sticky_marshes_monument_structure, HEADING, header:ignore, 0, 0, 0
1156, distant_worlds:sticky_marshes_tower_structure, HEADING, header:ignore, 0, 0, 0
1157, the_bumblezone:stinger_spear_shrine, HEADING, header:ignore, 0, 0, 0
1158, mvs:stone_fountain, HEADING, header:ignore, 0, 0, 0
1159, formationsoverworld:stone_ore_spikes, HEADING, header:ignore, 0, 0, 0
1160, formationsoverworld:stone_tower, HEADING, header:ignore, 0, 0, 0
1161, eidolon:stray_tower, HEADING, header:ignore, 0, 0, 0
1162, eidolon:stray_tower, MONSTER, minecraft:stray, 30, 1, 5
1163, betterstrongholds:stronghold, HEADING, header:ignore, 0, 0, 0
1164, minecraft:stronghold, HEADING, header:ignore, 0, 0, 0
1165, minecraft:stronghold, WATER_AMBIENT, fishofthieves:ancientscale, 12, 4, 8
1166, minecraft:stronghold, WATER_AMBIENT, fishofthieves:plentifin, 12, 4, 8
1167, repurposed_structures:stronghold_end, HEADING, header:ignore, 0, 0, 0
1168, repurposed_structures:stronghold_end, MONSTER, minecraft:endermite, 80, 2, 4
1169, repurposed_structures:stronghold_nether, HEADING, header:ignore, 0, 0, 0
1170, repurposed_structures:stronghold_nether, MONSTER, minecraft:blaze, 10, 2, 3
1171, repurposed_structures:stronghold_nether, MONSTER, minecraft:zombified_piglin, 10, 4, 4
1172, repurposed_structures:stronghold_nether, MONSTER, minecraft:wither_skeleton, 10, 5, 5
1173, repurposed_structures:stronghold_nether, MONSTER, minecraft:skeleton, 10, 5, 5
1174, repurposed_structures:stronghold_nether, MONSTER, minecraft:magma_cube, 10, 4, 4
1175, the_bumblezone:subway, HEADING, header:ignore, 0, 0, 0
1176, idas:sunken_ship/sunken_ship, HEADING, header:ignore, 0, 0, 0
1177, idas:sunken_ship/sunken_ship, MONSTER, quark:wraith, 10, 1, 2
1178, idas:sunken_ship/sunken_ship_coral, HEADING, header:ignore, 0, 0, 0
1179, idas:sunken_ship/sunken_ship_coral, MONSTER, quark:wraith, 10, 1, 2
1180, idas:sunken_ship/sunken_ship_ruins, HEADING, header:ignore, 0, 0, 0
1181, mvs:sunzi_gate, HEADING, header:ignore, 0, 0, 0
1182, farmers_structures:sushi, HEADING, header:ignore, 0, 0, 0
1183, bloomingnature:swamp_hut, HEADING, header:ignore, 0, 0, 0
1184, bloomingnature:swamp_hut, CREATURE, minecraft:witch, 10, 1, 4
1185, minecraft:swamp_hut, HEADING, header:ignore, 0, 0, 0
1186, minecraft:swamp_hut, MONSTER, minecraft:witch, 10, 1, 1
1187, minecraft:swamp_hut, CREATURE, minecraft:cat, 10, 1, 1
1188, bloomingnature:swamp_ruin_1, HEADING, header:ignore, 0, 0, 0
1189, bloomingnature:swamp_ruin_1, CREATURE, minecraft:witch, 10, 1, 4
1190, bloomingnature:swamp_ruin_2, HEADING, header:ignore, 0, 0, 0
1191, bloomingnature:swamp_ruin_2, CREATURE, minecraft:witch, 10, 1, 4
1192, bloomingnature:swamp_ruin_3, HEADING, header:ignore, 0, 0, 0
1193, bloomingnature:swamp_ruin_3, CREATURE, minecraft:witch, 10, 1, 4
1194, integrated_villages:tavern_village, HEADING, header:ignore, 0, 0, 0
1195, the_afterdark:teleport_altar, HEADING, header:ignore, 0, 0, 0
1196, repurposed_structures:temple_nether_basalt, HEADING, header:ignore, 0, 0, 0
1197, repurposed_structures:temple_nether_crimson, HEADING, header:ignore, 0, 0, 0
1198, repurposed_structures:temple_nether_soul, HEADING, header:ignore, 0, 0, 0
1199, repurposed_structures:temple_nether_warped, HEADING, header:ignore, 0, 0, 0
1200, repurposed_structures:temple_nether_wasteland, HEADING, header:ignore, 0, 0, 0
1201, repurposed_structures:temple_ocean, HEADING, header:ignore, 0, 0, 0
1202, repurposed_structures:temple_taiga, HEADING, header:ignore, 0, 0, 0
1203, conjurer_illager:theatre, HEADING, header:ignore, 0, 0, 0
1204, dungeons_arise:thornborn_towers, HEADING, header:ignore, 0, 0, 0
1205, the_bumblezone:throne_pillar, HEADING, header:ignore, 0, 0, 0
1206, idas:tinkers_citadel, HEADING, header:ignore, 0, 0, 0
1207, idas:tinkers_workshop, HEADING, header:ignore, 0, 0, 0
1208, formationsoverworld:tiny_house, HEADING, header:ignore, 0, 0, 0
1209, apotheosis:tower_leaf, HEADING, header:ignore, 0, 0, 0
1210, apotheosis:tower_main, HEADING, header:ignore, 0, 0, 0
1211, formationsoverworld:tower_remnant, HEADING, header:ignore, 0, 0, 0
1212, apotheosis:tower_sand, HEADING, header:ignore, 0, 0, 0
1213, apotheosis:tower_spruce, HEADING, header:ignore, 0, 0, 0
1214, minecraft:trail_ruins, HEADING, header:ignore, 0, 0, 0
1215, idas:train_ruins, HEADING, header:ignore, 0, 0, 0
1216, idas:tree_of_wisdom, HEADING, header:ignore, 0, 0, 0
1217, bloomingnature:tree_stump, HEADING, header:ignore, 0, 0, 0
1218, idas:treetop_tavern, HEADING, header:ignore, 0, 0, 0
1219, scguns:trench, HEADING, header:ignore, 0, 0, 0
1220, twilightforest:troll_cave, HEADING, header:ignore, 0, 0, 0
1221, dungeons_arise:typhon, HEADING, header:ignore, 0, 0, 0
1222, mowziesmobs:umvuthana_grove, HEADING, header:ignore, 0, 0, 0
1223, dungeons_arise:undead_pirate_ship, HEADING, header:ignore, 0, 0, 0
1224, farmers_structures:undergarden_sea, HEADING, header:ignore, 0, 0, 0
1225, alexscaves:underground_cabin, HEADING, header:ignore, 0, 0, 0
1226, idas:underground_camp/underground_camp, HEADING, header:ignore, 0, 0, 0
1227, idas:underground_camp/underground_camp_deep, HEADING, header:ignore, 0, 0, 0
1228, philipsruins:underground_structures, HEADING, header:ignore, 0, 0, 0
1229, philipsruins:underground_structures, MONSTER, minecraft:wither_skeleton, 10, 1, 5
1230, explorations:underground_temple, HEADING, header:ignore, 0, 0, 0
1231, explorations:underground_temple, MONSTER, minecraft:illusioner, 80, 4, 9
1232, explorations:underground_temple, MONSTER, minecraft:pillager, 80, 4, 9
1233, explorations:underground_temple, MONSTER, minecraft:vindicator, 80, 4, 9
1234, ad_astra:venus_bullet, HEADING, header:ignore, 0, 0, 0
1235, mns:very_small_blackstone, HEADING, header:ignore, 0, 0, 0
1236, mns:very_small_blackstone_2, HEADING, header:ignore, 0, 0, 0
1237, mns:very_small_blackstone_3, HEADING, header:ignore, 0, 0, 0
1238, mns:very_small_blackstone_4, HEADING, header:ignore, 0, 0, 0
1239, mns:very_small_nether_brick, HEADING, header:ignore, 0, 0, 0
1240, mns:very_small_nether_brick_2, HEADING, header:ignore, 0, 0, 0
1241, mns:very_small_nether_brick_3, HEADING, header:ignore, 0, 0, 0
1242, biomeswevegone:village/forgotten, HEADING, header:ignore, 0, 0, 0
1243, biomeswevegone:village/pumpkin_patch, HEADING, header:ignore, 0, 0, 0
1244, biomeswevegone:village/red_rock, HEADING, header:ignore, 0, 0, 0
1245, biomeswevegone:village/salem, HEADING, header:ignore, 0, 0, 0
1246, biomeswevegone:village/skyris, HEADING, header:ignore, 0, 0, 0
1247, repurposed_structures:village_badlands, HEADING, header:ignore, 0, 0, 0
1248, towns_and_towers:village_badlands, HEADING, header:ignore, 0, 0, 0
1249, repurposed_structures:village_bamboo, HEADING, header:ignore, 0, 0, 0
1250, towns_and_towers:village_beach, HEADING, header:ignore, 0, 0, 0
1251, repurposed_structures:village_birch, HEADING, header:ignore, 0, 0, 0
1252, towns_and_towers:village_birch_forest, HEADING, header:ignore, 0, 0, 0
1253, blue_skies:village_brightlands, HEADING, header:ignore, 0, 0, 0
1254, blue_skies:village_calming_skies, HEADING, header:ignore, 0, 0, 0
1255, repurposed_structures:village_cherry, HEADING, header:ignore, 0, 0, 0
1256, repurposed_structures:village_crimson, HEADING, header:ignore, 0, 0, 0
1257, blue_skies:village_crystal_dunes, HEADING, header:ignore, 0, 0, 0
1258, repurposed_structures:village_dark_forest, HEADING, header:ignore, 0, 0, 0
1259, minecraft:village_desert, HEADING, header:ignore, 0, 0, 0
1260, towns_and_towers:village_flower_forest, HEADING, header:ignore, 0, 0, 0
1261, towns_and_towers:village_forest, HEADING, header:ignore, 0, 0, 0
1262, repurposed_structures:village_giant_taiga, HEADING, header:ignore, 0, 0, 0
1263, towns_and_towers:village_grove, HEADING, header:ignore, 0, 0, 0
1264, repurposed_structures:village_jungle, HEADING, header:ignore, 0, 0, 0
1265, towns_and_towers:village_jungle, HEADING, header:ignore, 0, 0, 0
1266, towns_and_towers:village_meadow, HEADING, header:ignore, 0, 0, 0
1267, repurposed_structures:village_mountains, HEADING, header:ignore, 0, 0, 0
1268, repurposed_structures:village_mushroom, HEADING, header:ignore, 0, 0, 0
1269, towns_and_towers:village_mushroom_fields, HEADING, header:ignore, 0, 0, 0
1270, repurposed_structures:village_oak, HEADING, header:ignore, 0, 0, 0
1271, repurposed_structures:village_ocean, HEADING, header:ignore, 0, 0, 0
1272, towns_and_towers:village_ocean, HEADING, header:ignore, 0, 0, 0
1273, towns_and_towers:village_old_growth_taiga, HEADING, header:ignore, 0, 0, 0
1274, minecraft:village_plains, HEADING, header:ignore, 0, 0, 0
1275, minecraft:village_savanna, HEADING, header:ignore, 0, 0, 0
1276, towns_and_towers:village_savanna_plateau, HEADING, header:ignore, 0, 0, 0
1277, blue_skies:village_shaded_woodlands, HEADING, header:ignore, 0, 0, 0
1278, blue_skies:village_slushlands, HEADING, header:ignore, 0, 0, 0
1279, minecraft:village_snowy, HEADING, header:ignore, 0, 0, 0
1280, towns_and_towers:village_snowy_slopes, HEADING, header:ignore, 0, 0, 0
1281, towns_and_towers:village_snowy_taiga, HEADING, header:ignore, 0, 0, 0
1282, towns_and_towers:village_sparse_jungle, HEADING, header:ignore, 0, 0, 0
1283, towns_and_towers:village_sunflower_plains, HEADING, header:ignore, 0, 0, 0
1284, blue_skies:village_sunset_maple_forest, HEADING, header:ignore, 0, 0, 0
1285, repurposed_structures:village_swamp, HEADING, header:ignore, 0, 0, 0
1286, towns_and_towers:village_swamp, HEADING, header:ignore, 0, 0, 0
1287, minecraft:village_taiga, HEADING, header:ignore, 0, 0, 0
1288, repurposed_structures:village_warped, HEADING, header:ignore, 0, 0, 0
1289, villagesandpillages:village_witch, HEADING, header:ignore, 0, 0, 0
1290, villagesandpillages:village_witch, MONSTER, minecraft:witch, 10, 4, 8
1291, villagesandpillages:village_witch, CREATURE, minecraft:cat, 10, 2, 4
1292, towns_and_towers:village_wooded_badlands, HEADING, header:ignore, 0, 0, 0
1293, alexscaves:volcano, HEADING, header:ignore, 0, 0, 0
1294, formationsoverworld:wagon, HEADING, header:ignore, 0, 0, 0
1295, mns:warped_pool, HEADING, header:ignore, 0, 0, 0
1296, hearths:warped_tower, HEADING, header:ignore, 0, 0, 0
1297, hearths:warped_tower, MONSTER, minecraft:enderman, 10, 1, 2
1298, hearths:warped_tower, MONSTER, minecraft:piglin, 10, 3, 5
1299, hearths:warped_tower, MONSTER, minecraft:magma_cube, 10, 4, 4
1300, idas:washing_camp, HEADING, header:ignore, 0, 0, 0
1301, supplementaries:way_sign, HEADING, header:ignore, 0, 0, 0
1302, malum:weeping_well, HEADING, header:ignore, 0, 0, 0
1303, formationsoverworld:well, HEADING, header:ignore, 0, 0, 0
1304, mvs:well/rare_well, HEADING, header:ignore, 0, 0, 0
1305, mvs:well/small_copper_well, HEADING, header:ignore, 0, 0, 0
1306, mvs:well/small_tower_well, HEADING, header:ignore, 0, 0, 0
1307, mvs:well/small_well, HEADING, header:ignore, 0, 0, 0
1308, mvs:well/well, HEADING, header:ignore, 0, 0, 0
1309, mvs:well/wells/acacia_well, HEADING, header:ignore, 0, 0, 0
1310, mvs:well/wells/birch_well, HEADING, header:ignore, 0, 0, 0
1311, mvs:well/wells/dark_oak_well, HEADING, header:ignore, 0, 0, 0
1312, mvs:well/wells/desert_well, HEADING, header:ignore, 0, 0, 0
1313, mvs:well/wells/end_well, HEADING, header:ignore, 0, 0, 0
1314, mvs:well/wells/jungle_well, HEADING, header:ignore, 0, 0, 0
1315, mvs:well/wells/mushroom_well, HEADING, header:ignore, 0, 0, 0
1316, mvs:well/wells/nether_well, HEADING, header:ignore, 0, 0, 0
1317, mvs:well/wells/oak_well, HEADING, header:ignore, 0, 0, 0
1318, mvs:well/wells/rocky_well, HEADING, header:ignore, 0, 0, 0
1319, mvs:well/wells/snowy_well, HEADING, header:ignore, 0, 0, 0
1320, mvs:well/wells/spruce_well, HEADING, header:ignore, 0, 0, 0
1321, distant_worlds:wiltum_tree_tower_structure, HEADING, header:ignore, 0, 0, 0
1322, idas:winter_wagon, HEADING, header:ignore, 0, 0, 0
1323, dungeons_arise:wishing_well, HEADING, header:ignore, 0, 0, 0
1324, betterwitchhuts:witch_circle, HEADING, header:ignore, 0, 0, 0
1325, betterwitchhuts:witch_circle, MONSTER, minecraft:witch, 10, 1, 1
1326, betterwitchhuts:witch_circle, CREATURE, minecraft:cat, 10, 1, 1
1327, betterwitchhuts:witch_hut, HEADING, header:ignore, 0, 0, 0
1328, betterwitchhuts:witch_hut, MONSTER, minecraft:witch, 10, 1, 1
1329, betterwitchhuts:witch_hut, CREATURE, minecraft:cat, 10, 1, 1
1330, hexerei:witch_hut, HEADING, header:ignore, 0, 0, 0
1331, repurposed_structures:witch_hut_birch, HEADING, header:ignore, 0, 0, 0
1332, repurposed_structures:witch_hut_birch, MONSTER, minecraft:witch, 10, 1, 1
1333, repurposed_structures:witch_hut_birch, CREATURE, minecraft:cat, 10, 1, 1
1334, repurposed_structures:witch_hut_dark_forest, HEADING, header:ignore, 0, 0, 0
1335, repurposed_structures:witch_hut_dark_forest, MONSTER, minecraft:witch, 10, 1, 1
1336, repurposed_structures:witch_hut_dark_forest, CREATURE, minecraft:cat, 10, 1, 1
1337, repurposed_structures:witch_hut_giant_tree_taiga, HEADING, header:ignore, 0, 0, 0
1338, repurposed_structures:witch_hut_giant_tree_taiga, MONSTER, minecraft:witch, 10, 1, 1
1339, repurposed_structures:witch_hut_giant_tree_taiga, CREATURE, minecraft:cat, 10, 1, 1
1340, repurposed_structures:witch_hut_mangrove, HEADING, header:ignore, 0, 0, 0
1341, repurposed_structures:witch_hut_mangrove, MONSTER, minecraft:witch, 10, 1, 1
1342, repurposed_structures:witch_hut_mangrove, CREATURE, minecraft:cat, 10, 1, 1
1343, repurposed_structures:witch_hut_oak, HEADING, header:ignore, 0, 0, 0
1344, repurposed_structures:witch_hut_oak, MONSTER, minecraft:witch, 10, 1, 1
1345, repurposed_structures:witch_hut_oak, CREATURE, minecraft:cat, 10, 1, 1
1346, repurposed_structures:witch_hut_taiga, HEADING, header:ignore, 0, 0, 0
1347, repurposed_structures:witch_hut_taiga, MONSTER, minecraft:witch, 10, 1, 1
1348, repurposed_structures:witch_hut_taiga, CREATURE, minecraft:cat, 10, 1, 1
1349, formationsoverworld:witch_tower, HEADING, header:ignore, 0, 0, 0
1350, idas:witches_treestump, HEADING, header:ignore, 0, 0, 0
1351, idas:witches_treestump, MONSTER, minecraft:witch, 10, 1, 1
1352, idas:witches_treestump, CREATURE, minecraft:cat, 10, 1, 1
1353, idas:wizard_tower, HEADING, header:ignore, 0, 0, 0
1354, towns_and_towers:wreckage_ocean, HEADING, header:ignore, 0, 0, 0
1355, mowziesmobs:wrought_chamber, HEADING, header:ignore, 0, 0, 0
1356, twilightforest:yeti_cave, HEADING, header:ignore, 0, 0, 0
1357, youkaishomecoming:youkai_nest, HEADING, header:ignore, 0, 0, 0
1358, youkaishomecoming:youkai_nest, MONSTER, youkaishomecoming:rumia, 10, 1, 1
1359, betterdungeons:zombie_dungeon, HEADING, header:ignore, 0, 0, 0
1360, betterdungeons:zombie_dungeon, MONSTER, minecraft:zombie, 80, 4, 15
